Archive member included to satisfy reference by file (symbol)

/private/tmp/tesla-arm-gnu-15.2/arm-gnu-toolchain-15.2.rel1-darwin-arm64-arm-none-eabi/bin/../lib/gcc/arm-none-eabi/15.2.1/../../../../arm-none-eabi/lib/thumb/v7-m/nofp/libc_nano.a(libc_a-exit.o)
                              /private/tmp/tesla-arm-gnu-15.2/arm-gnu-toolchain-15.2.rel1-darwin-arm64-arm-none-eabi/bin/../lib/gcc/arm-none-eabi/15.2.1/../../../../arm-none-eabi/lib/thumb/v7-m/nofp/crt0.o (exit)
/private/tmp/tesla-arm-gnu-15.2/arm-gnu-toolchain-15.2.rel1-darwin-arm64-arm-none-eabi/bin/../lib/gcc/arm-none-eabi/15.2.1/../../../../arm-none-eabi/lib/thumb/v7-m/nofp/libc_nano.a(libc_a-snprintf.o)
                              build/Core/Src/ili9341.o (snprintf)
/private/tmp/tesla-arm-gnu-15.2/arm-gnu-toolchain-15.2.rel1-darwin-arm64-arm-none-eabi/bin/../lib/gcc/arm-none-eabi/15.2.1/../../../../arm-none-eabi/lib/thumb/v7-m/nofp/libc_nano.a(libc_a-findfp.o)
                              /private/tmp/tesla-arm-gnu-15.2/arm-gnu-toolchain-15.2.rel1-darwin-arm64-arm-none-eabi/bin/../lib/gcc/arm-none-eabi/15.2.1/../../../../arm-none-eabi/lib/thumb/v7-m/nofp/libc_nano.a(libc_a-exit.o) (__stdio_exit_handler)
/private/tmp/tesla-arm-gnu-15.2/arm-gnu-toolchain-15.2.rel1-darwin-arm64-arm-none-eabi/bin/../lib/gcc/arm-none-eabi/15.2.1/../../../../arm-none-eabi/lib/thumb/v7-m/nofp/libc_nano.a(libc_a-fwalk.o)
                              /private/tmp/tesla-arm-gnu-15.2/arm-gnu-toolchain-15.2.rel1-darwin-arm64-arm-none-eabi/bin/../lib/gcc/arm-none-eabi/15.2.1/../../../../arm-none-eabi/lib/thumb/v7-m/nofp/libc_nano.a(libc_a-findfp.o) (_fwalk_sglue)
/private/tmp/tesla-arm-gnu-15.2/arm-gnu-toolchain-15.2.rel1-darwin-arm64-arm-none-eabi/bin/../lib/gcc/arm-none-eabi/15.2.1/../../../../arm-none-eabi/lib/thumb/v7-m/nofp/libc_nano.a(libc_a-memset.o)
                              /private/tmp/tesla-arm-gnu-15.2/arm-gnu-toolchain-15.2.rel1-darwin-arm64-arm-none-eabi/bin/../lib/gcc/arm-none-eabi/15.2.1/../../../../arm-none-eabi/lib/thumb/v7-m/nofp/crt0.o (memset)
/private/tmp/tesla-arm-gnu-15.2/arm-gnu-toolchain-15.2.rel1-darwin-arm64-arm-none-eabi/bin/../lib/gcc/arm-none-eabi/15.2.1/../../../../arm-none-eabi/lib/thumb/v7-m/nofp/libc_nano.a(libc_a-errno.o)
                              build/Core/Src/syscalls.o (__errno)
/private/tmp/tesla-arm-gnu-15.2/arm-gnu-toolchain-15.2.rel1-darwin-arm64-arm-none-eabi/bin/../lib/gcc/arm-none-eabi/15.2.1/../../../../arm-none-eabi/lib/thumb/v7-m/nofp/libc_nano.a(libc_a-init.o)
                              /private/tmp/tesla-arm-gnu-15.2/arm-gnu-toolchain-15.2.rel1-darwin-arm64-arm-none-eabi/bin/../lib/gcc/arm-none-eabi/15.2.1/../../../../arm-none-eabi/lib/thumb/v7-m/nofp/crt0.o (__libc_init_array)
/private/tmp/tesla-arm-gnu-15.2/arm-gnu-toolchain-15.2.rel1-darwin-arm64-arm-none-eabi/bin/../lib/gcc/arm-none-eabi/15.2.1/../../../../arm-none-eabi/lib/thumb/v7-m/nofp/libc_nano.a(libc_a-lock.o)
                              /private/tmp/tesla-arm-gnu-15.2/arm-gnu-toolchain-15.2.rel1-darwin-arm64-arm-none-eabi/bin/../lib/gcc/arm-none-eabi/15.2.1/../../../../arm-none-eabi/lib/thumb/v7-m/nofp/libc_nano.a(libc_a-findfp.o) (__retarget_lock_init_recursive)
/private/tmp/tesla-arm-gnu-15.2/arm-gnu-toolchain-15.2.rel1-darwin-arm64-arm-none-eabi/bin/../lib/gcc/arm-none-eabi/15.2.1/../../../../arm-none-eabi/lib/thumb/v7-m/nofp/libc_nano.a(libc_a-impure.o)
                              /private/tmp/tesla-arm-gnu-15.2/arm-gnu-toolchain-15.2.rel1-darwin-arm64-arm-none-eabi/bin/../lib/gcc/arm-none-eabi/15.2.1/../../../../arm-none-eabi/lib/thumb/v7-m/nofp/libc_nano.a(libc_a-snprintf.o) (_impure_ptr)
/private/tmp/tesla-arm-gnu-15.2/arm-gnu-toolchain-15.2.rel1-darwin-arm64-arm-none-eabi/bin/../lib/gcc/arm-none-eabi/15.2.1/../../../../arm-none-eabi/lib/thumb/v7-m/nofp/libc_nano.a(libc_a-nano-svfprintf.o)
                              /private/tmp/tesla-arm-gnu-15.2/arm-gnu-toolchain-15.2.rel1-darwin-arm64-arm-none-eabi/bin/../lib/gcc/arm-none-eabi/15.2.1/../../../../arm-none-eabi/lib/thumb/v7-m/nofp/libc_nano.a(libc_a-snprintf.o) (_svfprintf_r)
/private/tmp/tesla-arm-gnu-15.2/arm-gnu-toolchain-15.2.rel1-darwin-arm64-arm-none-eabi/bin/../lib/gcc/arm-none-eabi/15.2.1/../../../../arm-none-eabi/lib/thumb/v7-m/nofp/libc_nano.a(libc_a-mallocr.o)
                              /private/tmp/tesla-arm-gnu-15.2/arm-gnu-toolchain-15.2.rel1-darwin-arm64-arm-none-eabi/bin/../lib/gcc/arm-none-eabi/15.2.1/../../../../arm-none-eabi/lib/thumb/v7-m/nofp/libc_nano.a(libc_a-findfp.o) (_malloc_r)
/private/tmp/tesla-arm-gnu-15.2/arm-gnu-toolchain-15.2.rel1-darwin-arm64-arm-none-eabi/bin/../lib/gcc/arm-none-eabi/15.2.1/../../../../arm-none-eabi/lib/thumb/v7-m/nofp/libc_nano.a(libc_a-nano-vfprintf_i.o)
                              /private/tmp/tesla-arm-gnu-15.2/arm-gnu-toolchain-15.2.rel1-darwin-arm64-arm-none-eabi/bin/../lib/gcc/arm-none-eabi/15.2.1/../../../../arm-none-eabi/lib/thumb/v7-m/nofp/libc_nano.a(libc_a-nano-svfprintf.o) (_printf_i)
[...]
Memory Configuration

Name             Origin             Length             Attributes
RAM              0x20000000         0x00005000         xrw
FLASH            0x08000000         0x00010000         xr
*default*        0x00000000         0xffffffff

Linker script and memory map

LOAD /private/tmp/tesla-arm-gnu-15.2/arm-gnu-toolchain-15.2.rel1-darwin-arm64-arm-none-eabi/bin/../lib/gcc/arm-none-eabi/15.2.1/thumb/v7-m/nofp/crti.o
LOAD /private/tmp/tesla-arm-gnu-15.2/arm-gnu-toolchain-15.2.rel1-darwin-arm64-arm-none-eabi/bin/../lib/gcc/arm-none-eabi/15.2.1/thumb/v7-m/nofp/crtbegin.o
LOAD /private/tmp/tesla-arm-gnu-15.2/arm-gnu-toolchain-15.2.rel1-darwin-arm64-arm-none-eabi/bin/../lib/gcc/arm-none-eabi/15.2.1/../../../../arm-none-eabi/lib/thumb/v7-m/nofp/crt0.o
LOAD build/Core/Src/fonts.o
LOAD build/Core/Src/ili9341.o
LOAD build/Core/Src/main.o
LOAD build/Core/Src/pcs_protocol.o
LOAD build/Core/Src/stm32f1xx_hal_msp.o
LOAD build/Core/Src/stm32f1xx_it.o
LOAD build/Core/Src/syscalls.o
LOAD build/Core/Src/sysmem.o
LOAD build/Core/Src/system_stm32f1xx.o
LOAD build/Drivers/STM32F1xx_HAL_Driver/Src/stm32f1xx_hal.o
LOAD build/Drivers/STM32F1xx_HAL_Driver/Src/stm32f1xx_hal_adc.o
LOAD build/Drivers/STM32F1xx_HAL_Driver/Src/stm32f1xx_hal_adc_ex.o
LOAD build/Drivers/STM32F1xx_HAL_Driver/Src/stm32f1xx_hal_can.o
LOAD build/Drivers/STM32F1xx_HAL_Driver/Src/stm32f1xx_hal_cortex.o
LOAD build/Drivers/STM32F1xx_HAL_Driver/Src/stm32f1xx_hal_dma.o
LOAD build/Drivers/STM32F1xx_HAL_Driver/Src/stm32f1xx_hal_exti.o
LOAD build/Drivers/STM32F1xx_HAL_Driver/Src/stm32f1xx_hal_flash.o
LOAD build/Drivers/STM32F1xx_HAL_Driver/Src/stm32f1xx_hal_flash_ex.o
LOAD build/Drivers/STM32F1xx_HAL_Driver/Src/stm32f1xx_hal_gpio.o
LOAD build/Drivers/STM32F1xx_HAL_Driver/Src/stm32f1xx_hal_gpio_ex.o
LOAD build/Drivers/STM32F1xx_HAL_Driver/Src/stm32f1xx_hal_pwr.o
LOAD build/Drivers/STM32F1xx_HAL_Driver/Src/stm32f1xx_hal_rcc.o
LOAD build/Drivers/STM32F1xx_HAL_Driver/Src/stm32f1xx_hal_rcc_ex.o
LOAD build/Drivers/STM32F1xx_HAL_Driver/Src/stm32f1xx_hal_spi.o
LOAD build/Drivers/STM32F1xx_HAL_Driver/Src/stm32f1xx_hal_tim.o
LOAD build/Drivers/STM32F1xx_HAL_Driver/Src/stm32f1xx_hal_tim_ex.o
LOAD build/Core/Startup/startup_stm32f103c8tx.o
START GROUP
LOAD /private/tmp/tesla-arm-gnu-15.2/arm-gnu-toolchain-15.2.rel1-darwin-arm64-arm-none-eabi/bin/../lib/gcc/arm-none-eabi/15.2.1/../../../../arm-none-eabi/lib/thumb/v7-m/nofp/libc_nano.a
LOAD /private/tmp/tesla-arm-gnu-15.2/arm-gnu-toolchain-15.2.rel1-darwin-arm64-arm-none-eabi/bin/../lib/gcc/arm-none-eabi/15.2.1/../../../../arm-none-eabi/lib/thumb/v7-m/nofp/libm.a
END GROUP
START GROUP
LOAD /private/tmp/tesla-arm-gnu-15.2/arm-gnu-toolchain-15.2.rel1-darwin-arm64-arm-none-eabi/bin/../lib/gcc/arm-none-eabi/15.2.1/thumb/v7-m/nofp/libgcc.a
LOAD /private/tmp/tesla-arm-gnu-15.2/arm-gnu-toolchain-15.2.rel1-darwin-arm64-arm-none-eabi/bin/../lib/gcc/arm-none-eabi/15.2.1/../../../../arm-none-eabi/lib/thumb/v7-m/nofp/libc_nano.a
END GROUP
START GROUP
LOAD /private/tmp/tesla-arm-gnu-15.2/arm-gnu-toolchain-15.2.rel1-darwin-arm64-arm-none-eabi/bin/../lib/gcc/arm-none-eabi/15.2.1/thumb/v7-m/nofp/libgcc.a
LOAD /private/tmp/tesla-arm-gnu-15.2/arm-gnu-toolchain-15.2.rel1-darwin-arm64-arm-none-eabi/bin/../lib/gcc/arm-none-eabi/15.2.1/../../../../arm-none-eabi/lib/thumb/v7-m/nofp/libc_nano.a
LOAD /private/tmp/tesla-arm-gnu-15.2/arm-gnu-toolchain-15.2.rel1-darwin-arm64-arm-none-eabi/bin/../lib/gcc/arm-none-eabi/15.2.1/../../../../arm-none-eabi/lib/thumb/v7-m/nofp/libnosys.a
END GROUP
START GROUP
LOAD /private/tmp/tesla-arm-gnu-15.2/arm-gnu-toolchain-15.2.rel1-darwin-arm64-arm-none-eabi/bin/../lib/gcc/arm-none-eabi/15.2.1/thumb/v7-m/nofp/libgcc.a
LOAD /private/tmp/tesla-arm-gnu-15.2/arm-gnu-toolchain-15.2.rel1-darwin-arm64-arm-none-eabi/bin/../lib/gcc/arm-none-eabi/15.2.1/../../../../arm-none-eabi/lib/thumb/v7-m/nofp/libc_nano.a
LOAD /private/tmp/tesla-arm-gnu-15.2/arm-gnu-toolchain-15.2.rel1-darwin-arm64-arm-none-eabi/bin/../lib/gcc/arm-none-eabi/15.2.1/../../../../arm-none-eabi/lib/thumb/v7-m/nofp/libnosys.a
END GROUP
LOAD /private/tmp/tesla-arm-gnu-15.2/arm-gnu-toolchain-15.2.rel1-darwin-arm64-arm-none-eabi/bin/../lib/gcc/arm-none-eabi/15.2.1/thumb/v7-m/nofp/crtend.o
LOAD /private/tmp/tesla-arm-gnu-15.2/arm-gnu-toolchain-15.2.rel1-darwin-arm64-arm-none-eabi/bin/../lib/gcc/arm-none-eabi/15.2.1/thumb/v7-m/nofp/crtn.o
                0x20005000                        _estack = (ORIGIN (RAM) + LENGTH (RAM))
                0x00000200                        _Min_Heap_Size = 0x200
                0x00000400                        _Min_Stack_Size = 0x400

.isr_vector     0x08000000      0x10c
                0x08000000                        . = ALIGN (0x4)
 *(.isr_vector)
 .isr_vector    0x08000000      0x10c build/Core/Startup/startup_stm32f103c8tx.o
                0x08000000                g_pfnVectors
                0x0800010c                        . = ALIGN (0x4)

.text           0x08000110     0x8124
                0x08000110                        . = ALIGN (0x4)
 *(.text)
 .text          0x08000110      0x168 /private/tmp/tesla-arm-gnu-15.2/arm-gnu-toolchain-15.2.rel1-darwin-arm64-arm-none-eabi/bin/../lib/gcc/arm-none-eabi/15.2.1/thumb/v7-m/nofp/libgcc.a(_arm_mulsf3.o)
                0x08000110                __mulsf3
                0x08000110                __aeabi_fmul
 .text          0x08000278      0x378 /private/tmp/tesla-arm-gnu-15.2/arm-gnu-toolchain-15.2.rel1-darwin-arm64-arm-none-eabi/bin/../lib/gcc/arm-none-eabi/15.2.1/thumb/v7-m/nofp/libgcc.a(_arm_addsubdf3.o)
                0x08000278                __aeabi_drsub
                0x08000280                __subdf3
                0x08000280                __aeabi_dsub
                0x08000284                __aeabi_dadd
                0x08000284                __adddf3
                0x080004fc                __aeabi_ui2d
                0x080004fc                __floatunsidf
                0x0800051c                __floatsidf
                0x0800051c                __aeabi_i2d
                0x08000540                __extendsfdf2
                0x08000540                __aeabi_f2d
                0x08000584                __aeabi_ul2d
                0x08000584                __floatundidf
                0x08000594                __aeabi_l2d
                0x08000594                __floatdidf
 .text          0x080005f0      0x424 /private/tmp/tesla-arm-gnu-15.2/arm-gnu-toolchain-15.2.rel1-darwin-arm64-arm-none-eabi/bin/../lib/gcc/arm-none-eabi/15.2.1/thumb/v7-m/nofp/libgcc.a(_arm_muldivdf3.o)
                0x080005f0                __aeabi_dmul
                0x080005f0                __muldf3
                0x08000844                __aeabi_ddiv
                0x08000844                __divdf3
 .text          0x08000a14       0x40 /private/tmp/tesla-arm-gnu-15.2/arm-gnu-toolchain-15.2.rel1-darwin-arm64-arm-none-eabi/bin/../lib/gcc/arm-none-eabi/15.2.1/thumb/v7-m/nofp/libgcc.a(_arm_fixunsdfsi.o)
                0x08000a14                __fixunsdfsi
                0x08000a14                __aeabi_d2uiz
 .text          0x08000a54      0x21c /private/tmp/tesla-arm-gnu-15.2/arm-gnu-toolchain-15.2.rel1-darwin-arm64-arm-none-eabi/bin/../lib/gcc/arm-none-eabi/15.2.1/thumb/v7-m/nofp/libgcc.a(_arm_addsubsf3.o)
                0x08000a54                __aeabi_frsub
                0x08000a5c                __aeabi_fsub
                0x08000a5c                __subsf3
                0x08000a60                __aeabi_fadd
                0x08000a60                __addsf3
                0x08000bc0                __aeabi_ui2f
                0x08000bc0                __floatunsisf
                0x08000bc8                __floatsisf
                0x08000bc8                __aeabi_i2f
                0x08000be4                __aeabi_ul2f
                0x08000be4                __floatundisf
                0x08000bf4                __aeabi_l2f
                0x08000bf4                __floatdisf
 .text          0x08000c70       0x40 /private/tmp/tesla-arm-gnu-15.2/arm-gnu-toolchain-15.2.rel1-darwin-arm64-arm-none-eabi/bin/../lib/gcc/arm-none-eabi/15.2.1/thumb/v7-m/nofp/libgcc.a(_arm_fixunssfsi.o)
                0x08000c70                __aeabi_f2uiz
                0x08000c70                __fixunssfsi
 *(.text*)
 .text.deregister_tm_clones
                0x08000cb0       0x1c /private/tmp/tesla-arm-gnu-15.2/arm-gnu-toolchain-15.2.rel1-darwin-arm64-arm-none-eabi/bin/../lib/gcc/arm-none-eabi/15.2.1/thumb/v7-m/nofp/crtbegin.o
 .text.register_tm_clones
                0x08000ccc       0x24 /private/tmp/tesla-arm-gnu-15.2/arm-gnu-toolchain-15.2.rel1-darwin-arm64-arm-none-eabi/bin/../lib/gcc/arm-none-eabi/15.2.1/thumb/v7-m/nofp/crtbegin.o
 .text.__do_global_dtors_aux
                0x08000cf0       0x28 /private/tmp/tesla-arm-gnu-15.2/arm-gnu-toolchain-15.2.rel1-darwin-arm64-arm-none-eabi/bin/../lib/gcc/arm-none-eabi/15.2.1/thumb/v7-m/nofp/crtbegin.o
 .text.frame_dummy
                0x08000d18       0x24 /private/tmp/tesla-arm-gnu-15.2/arm-gnu-toolchain-15.2.rel1-darwin-arm64-arm-none-eabi/bin/../lib/gcc/arm-none-eabi/15.2.1/thumb/v7-m/nofp/crtbegin.o
 .text.ILI9341_Select
                0x08000d3c       0x18 build/Core/Src/ili9341.o
 .text.ILI9341_Unselect
                0x08000d54       0x18 build/Core/Src/ili9341.o
                0x08000d54                ILI9341_Unselect
 .text.ILI9341_Reset
                0x08000d6c       0x28 build/Core/Src/ili9341.o
 .text.ILI9341_WriteCommand
                0x08000d94       0x34 build/Core/Src/ili9341.o
 .text.ILI9341_WriteData
                0x08000dc8       0x5c build/Core/Src/ili9341.o
 .text.ILI9341_SetAddressWindow
                0x08000e24       0x90 build/Core/Src/ili9341.o
 .text.ILI9341_Init
                0x08000eb4      0x25c build/Core/Src/ili9341.o
                0x08000eb4                ILI9341_Init
 .text.ILI9341_WriteChar
                0x08001110       0xf8 build/Core/Src/ili9341.o
 .text.ILI9341_WriteString
                0x08001208       0x96 build/Core/Src/ili9341.o
                0x08001208                ILI9341_WriteString
 *fill*         0x0800129e        0x2 
 .text.ILI9341_DrawChar
                0x080012a0       0x50 build/Core/Src/ili9341.o
                0x080012a0                ILI9341_DrawChar
 .text.ILI9341_FillRectangle
                0x080012f0       0xdc build/Core/Src/ili9341.o
                0x080012f0                ILI9341_FillRectangle
 .text.ILI9341_FillScreen
                0x080013cc       0x24 build/Core/Src/ili9341.o
                0x080013cc                ILI9341_FillScreen
 .text.set_control_state
                0x080013f0       0x2c build/Core/Src/main.o
 .text.elapsed_ms
                0x0800141c       0x28 build/Core/Src/main.o
 .text.can_queue_frame
                0x08001444       0xd0 build/Core/Src/main.o
 .text.can_service_tx
                0x08001514      0x11c build/Core/Src/main.o
 .text.get_HV   0x08001630      0x188 build/Core/Src/main.o
                0x08001630                get_HV
 .text.PCS_Send_Power_Request_US
                0x080017b8       0xe8 build/Core/Src/main.o
                0x080017b8                PCS_Send_Power_Request_US
 .text.apply_output_state
                0x080018a0       0x88 build/Core/Src/main.o
 .text.stop_charge
                0x08001928       0x20 build/Core/Src/main.o
 .text.sample_charge_button
                0x08001948       0xbc build/Core/Src/main.o
 .text.update_auto_charge_request
                0x08001a04       0xd4 build/Core/Src/main.o
 .text.control_step_100ms
                0x08001ad8      0x4b4 build/Core/Src/main.o
 .text.HAL_CAN_RxFifo0MsgPendingCallback
                0x08001f8c      0x424 build/Core/Src/main.o
                0x08001f8c                HAL_CAN_RxFifo0MsgPendingCallback
 .text.PCS_cksum_local
                0x080023b0       0x62 build/Core/Src/main.o
 *fill*         0x08002412        0x2 
 .text.send_mes_10
                0x08002414      0x224 build/Core/Src/main.o
                0x08002414                send_mes_10
 .text.send_mes_50
                0x08002638       0xf8 build/Core/Src/main.o
                0x08002638                send_mes_50
 .text.send_mes_100
                0x08002730      0x294 build/Core/Src/main.o
                0x08002730                send_mes_100
 .text.HAL_TIM_PeriodElapsedCallback
                0x080029c4      0x158 build/Core/Src/main.o
                0x080029c4                HAL_TIM_PeriodElapsedCallback
 .text.HAL_CAN_ErrorCallback
                0x08002b1c       0x44 build/Core/Src/main.o
                0x08002b1c                HAL_CAN_ErrorCallback
 .text.main     0x08002b60      0xa10 build/Core/Src/main.o
                0x08002b60                main
 .text.SystemClock_Config
                0x08003570       0xae build/Core/Src/main.o
                0x08003570                SystemClock_Config
 *fill*         0x0800361e        0x2 
 .text.MX_ADC1_Init
                0x08003620       0x7c build/Core/Src/main.o
 .text.MX_CAN_Init
                0x0800369c       0xac build/Core/Src/main.o
 .text.MX_SPI1_Init
                0x08003748       0x6c build/Core/Src/main.o
 .text.MX_TIM1_Init
                0x080037b4       0xa4 build/Core/Src/main.o
 .text.MX_TIM2_Init
                0x08003858       0xe8 build/Core/Src/main.o
 .text.MX_GPIO_Init
                0x08003940      0x188 build/Core/Src/main.o
 .text.Error_Handler
                0x08003ac8        0xc build/Core/Src/main.o
                0x08003ac8                Error_Handler
 .text.half_amp_limit
                0x08003ad4       0x2a build/Core/Src/pcs_protocol.o
 .text.PCS_Decode204
                0x08003afe       0xb0 build/Core/Src/pcs_protocol.o
                0x08003afe                PCS_Decode204
 *fill*         0x08003bae        0x2 
 .text.PCS_Decode264
                0x08003bb0       0xe0 build/Core/Src/pcs_protocol.o
                0x08003bb0                PCS_Decode264
 .text.PCS_Encode13D
                0x08003c90       0x58 build/Core/Src/pcs_protocol.o
                0x08003c90                PCS_Encode13D
 .text.PCS_Encode21D_US
                0x08003ce8       0x66 build/Core/Src/pcs_protocol.o
                0x08003ce8                PCS_Encode21D_US
 .text.PCS_Encode22A
                0x08003d4e       0x8e build/Core/Src/pcs_protocol.o
                0x08003d4e                PCS_Encode22A
 .text.PCS_Encode23D_US
                0x08003ddc       0x2c build/Core/Src/pcs_protocol.o
                0x08003ddc                PCS_Encode23D_US
 .text.PCS_Encode2B2
                0x08003e08       0x68 build/Core/Src/pcs_protocol.o
                0x08003e08                PCS_Encode2B2
 .text.HAL_MspInit
                0x08003e70       0x64 build/Core/Src/stm32f1xx_hal_msp.o
                0x08003e70                HAL_MspInit
 .text.HAL_ADC_MspInit
                0x08003ed4       0x78 build/Core/Src/stm32f1xx_hal_msp.o
                0x08003ed4                HAL_ADC_MspInit
 .text.HAL_CAN_MspInit
                0x08003f4c       0xb8 build/Core/Src/stm32f1xx_hal_msp.o
                0x08003f4c                HAL_CAN_MspInit
 .text.HAL_SPI_MspInit
                0x08004004       0x7c build/Core/Src/stm32f1xx_hal_msp.o
                0x08004004                HAL_SPI_MspInit
 .text.HAL_TIM_Base_MspInit
                0x08004080       0x70 build/Core/Src/stm32f1xx_hal_msp.o
                0x08004080                HAL_TIM_Base_MspInit
 .text.HAL_TIM_MspPostInit
                0x080040f0       0x8c build/Core/Src/stm32f1xx_hal_msp.o
                0x080040f0                HAL_TIM_MspPostInit
 .text.NMI_Handler
                0x0800417c        0x8 build/Core/Src/stm32f1xx_it.o
                0x0800417c                NMI_Handler
 .text.HardFault_Handler
                0x08004184        0x8 build/Core/Src/stm32f1xx_it.o
                0x08004184                HardFault_Handler
 .text.MemManage_Handler
                0x0800418c        0x8 build/Core/Src/stm32f1xx_it.o
                0x0800418c                MemManage_Handler
 .text.BusFault_Handler
                0x08004194        0x8 build/Core/Src/stm32f1xx_it.o
                0x08004194                BusFault_Handler
 .text.UsageFault_Handler
                0x0800419c        0x8 build/Core/Src/stm32f1xx_it.o
                0x0800419c                UsageFault_Handler
 .text.SVC_Handler
                0x080041a4        0xc build/Core/Src/stm32f1xx_it.o
                0x080041a4                SVC_Handler
 .text.DebugMon_Handler
                0x080041b0        0xc build/Core/Src/stm32f1xx_it.o
                0x080041b0                DebugMon_Handler
 .text.PendSV_Handler
                0x080041bc        0xc build/Core/Src/stm32f1xx_it.o
                0x080041bc                PendSV_Handler
 .text.SysTick_Handler
                0x080041c8        0xc build/Core/Src/stm32f1xx_it.o
                0x080041c8                SysTick_Handler
 .text.USB_LP_CAN1_RX0_IRQHandler
                0x080041d4       0x14 build/Core/Src/stm32f1xx_it.o
                0x080041d4                USB_LP_CAN1_RX0_IRQHandler
 .text.CAN1_SCE_IRQHandler
                0x080041e8       0x14 build/Core/Src/stm32f1xx_it.o
                0x080041e8                CAN1_SCE_IRQHandler
 .text.TIM1_UP_IRQHandler
                0x080041fc       0x14 build/Core/Src/stm32f1xx_it.o
                0x080041fc                TIM1_UP_IRQHandler
 .text._sbrk    0x08004210       0x6c build/Core/Src/sysmem.o
                0x08004210                _sbrk
 .text.SystemInit
                0x0800427c        0xc build/Core/Src/system_stm32f1xx.o
                0x0800427c                SystemInit
 .text.HAL_Init
                0x08004288       0x2c build/Drivers/STM32F1xx_HAL_Driver/Src/stm32f1xx_hal.o
                0x08004288                HAL_Init
 .text.HAL_InitTick
                0x080042b4       0x60 build/Drivers/STM32F1xx_HAL_Driver/Src/stm32f1xx_hal.o
                0x080042b4                HAL_InitTick
 .text.HAL_IncTick
                0x08004314       0x24 build/Drivers/STM32F1xx_HAL_Driver/Src/stm32f1xx_hal.o
                0x08004314                HAL_IncTick
 .text.HAL_GetTick
                0x08004338       0x14 build/Drivers/STM32F1xx_HAL_Driver/Src/stm32f1xx_hal.o
                0x08004338                HAL_GetTick
 .text.HAL_Delay
                0x0800434c       0x48 build/Drivers/STM32F1xx_HAL_Driver/Src/stm32f1xx_hal.o
                0x0800434c                HAL_Delay
 .text.HAL_ADC_Init
                0x08004394      0x1b0 build/Drivers/STM32F1xx_HAL_Driver/Src/stm32f1xx_hal_adc.o
                0x08004394                HAL_ADC_Init
 .text.HAL_ADC_ConfigChannel
                0x08004544      0x1f8 build/Drivers/STM32F1xx_HAL_Driver/Src/stm32f1xx_hal_adc.o
                0x08004544                HAL_ADC_ConfigChannel
 .text.ADC_ConversionStop_Disable
                0x0800473c       0x82 build/Drivers/STM32F1xx_HAL_Driver/Src/stm32f1xx_hal_adc.o
                0x0800473c                ADC_ConversionStop_Disable
 .text.HAL_CAN_Init
                0x080047be      0x1f6 build/Drivers/STM32F1xx_HAL_Driver/Src/stm32f1xx_hal_can.o
                0x080047be                HAL_CAN_Init
 .text.HAL_CAN_ConfigFilter
                0x080049b4      0x192 build/Drivers/STM32F1xx_HAL_Driver/Src/stm32f1xx_hal_can.o
                0x080049b4                HAL_CAN_ConfigFilter
 .text.HAL_CAN_Start
                0x08004b46       0x88 build/Drivers/STM32F1xx_HAL_Driver/Src/stm32f1xx_hal_can.o
                0x08004b46                HAL_CAN_Start
 .text.HAL_CAN_AddTxMessage
                0x08004bce      0x19e build/Drivers/STM32F1xx_HAL_Driver/Src/stm32f1xx_hal_can.o
                0x08004bce                HAL_CAN_AddTxMessage
 .text.HAL_CAN_AbortTxRequest
                0x08004d6c       0x88 build/Drivers/STM32F1xx_HAL_Driver/Src/stm32f1xx_hal_can.o
                0x08004d6c                HAL_CAN_AbortTxRequest
 .text.HAL_CAN_GetTxMailboxesFreeLevel
                0x08004df4       0x68 build/Drivers/STM32F1xx_HAL_Driver/Src/stm32f1xx_hal_can.o
                0x08004df4                HAL_CAN_GetTxMailboxesFreeLevel
 .text.HAL_CAN_GetRxMessage
                0x08004e5c      0x242 build/Drivers/STM32F1xx_HAL_Driver/Src/stm32f1xx_hal_can.o
                0x08004e5c                HAL_CAN_GetRxMessage
 .text.HAL_CAN_ActivateNotification
                0x0800509e       0x4a build/Drivers/STM32F1xx_HAL_Driver/Src/stm32f1xx_hal_can.o
                0x0800509e                HAL_CAN_ActivateNotification
 .text.HAL_CAN_IRQHandler
                0x080050e8      0x36e build/Drivers/STM32F1xx_HAL_Driver/Src/stm32f1xx_hal_can.o
                0x080050e8                HAL_CAN_IRQHandler
 .text.HAL_CAN_TxMailbox0CompleteCallback
                0x08005456       0x12 build/Drivers/STM32F1xx_HAL_Driver/Src/stm32f1xx_hal_can.o
                0x08005456                HAL_CAN_TxMailbox0CompleteCallback
 .text.HAL_CAN_TxMailbox1CompleteCallback
                0x08005468       0x12 build/Drivers/STM32F1xx_HAL_Driver/Src/stm32f1xx_hal_can.o
                0x08005468                HAL_CAN_TxMailbox1CompleteCallback
 .text.HAL_CAN_TxMailbox2CompleteCallback
                0x0800547a       0x12 build/Drivers/STM32F1xx_HAL_Driver/Src/stm32f1xx_hal_can.o
                0x0800547a                HAL_CAN_TxMailbox2CompleteCallback
 .text.HAL_CAN_TxMailbox0AbortCallback
                0x0800548c       0x12 build/Drivers/STM32F1xx_HAL_Driver/Src/stm32f1xx_hal_can.o
                0x0800548c                HAL_CAN_TxMailbox0AbortCallback
 .text.HAL_CAN_TxMailbox1AbortCallback
                0x0800549e       0x12 build/Drivers/STM32F1xx_HAL_Driver/Src/stm32f1xx_hal_can.o
                0x0800549e                HAL_CAN_TxMailbox1AbortCallback
 .text.HAL_CAN_TxMailbox2AbortCallback
                0x080054b0       0x12 build/Drivers/STM32F1xx_HAL_Driver/Src/stm32f1xx_hal_can.o
                0x080054b0                HAL_CAN_TxMailbox2AbortCallback
 .text.HAL_CAN_RxFifo0FullCallback
                0x080054c2       0x12 build/Drivers/STM32F1xx_HAL_Driver/Src/stm32f1xx_hal_can.o
                0x080054c2                HAL_CAN_RxFifo0FullCallback
 .text.HAL_CAN_RxFifo1MsgPendingCallback
                0x080054d4       0x12 build/Drivers/STM32F1xx_HAL_Driver/Src/stm32f1xx_hal_can.o
                0x080054d4                HAL_CAN_RxFifo1MsgPendingCallback
 .text.HAL_CAN_RxFifo1FullCallback
                0x080054e6       0x12 build/Drivers/STM32F1xx_HAL_Driver/Src/stm32f1xx_hal_can.o
                0x080054e6                HAL_CAN_RxFifo1FullCallback
 .text.HAL_CAN_SleepCallback
                0x080054f8       0x12 build/Drivers/STM32F1xx_HAL_Driver/Src/stm32f1xx_hal_can.o
                0x080054f8                HAL_CAN_SleepCallback
 .text.HAL_CAN_WakeUpFromRxMsgCallback
                0x0800550a       0x12 build/Drivers/STM32F1xx_HAL_Driver/Src/stm32f1xx_hal_can.o
                0x0800550a                HAL_CAN_WakeUpFromRxMsgCallback
 .text.HAL_CAN_GetError
                0x0800551c       0x16 build/Drivers/STM32F1xx_HAL_Driver/Src/stm32f1xx_hal_can.o
                0x0800551c                HAL_CAN_GetError
 .text.HAL_CAN_ResetError
                0x08005532       0x44 build/Drivers/STM32F1xx_HAL_Driver/Src/stm32f1xx_hal_can.o
                0x08005532                HAL_CAN_ResetError
 *fill*         0x08005576        0x2 
 .text.__NVIC_SetPriorityGrouping
                0x08005578       0x48 build/Drivers/STM32F1xx_HAL_Driver/Src/stm32f1xx_hal_cortex.o
 .text.__NVIC_GetPriorityGrouping
                0x080055c0       0x1c build/Drivers/STM32F1xx_HAL_Driver/Src/stm32f1xx_hal_cortex.o
 .text.__NVIC_EnableIRQ
                0x080055dc       0x38 build/Drivers/STM32F1xx_HAL_Driver/Src/stm32f1xx_hal_cortex.o
 .text.__NVIC_SetPriority
                0x08005614       0x54 build/Drivers/STM32F1xx_HAL_Driver/Src/stm32f1xx_hal_cortex.o
 .text.NVIC_EncodePriority
                0x08005668       0x6e build/Drivers/STM32F1xx_HAL_Driver/Src/stm32f1xx_hal_cortex.o
 *fill*         0x080056d6        0x2 
 .text.SysTick_Config
                0x080056d8       0x44 build/Drivers/STM32F1xx_HAL_Driver/Src/stm32f1xx_hal_cortex.o
 .text.HAL_NVIC_SetPriorityGrouping
                0x0800571c       0x16 build/Drivers/STM32F1xx_HAL_Driver/Src/stm32f1xx_hal_cortex.o
                0x0800571c                HAL_NVIC_SetPriorityGrouping
 .text.HAL_NVIC_SetPriority
                0x08005732       0x38 build/Drivers/STM32F1xx_HAL_Driver/Src/stm32f1xx_hal_cortex.o
                0x08005732                HAL_NVIC_SetPriority
 .text.HAL_NVIC_EnableIRQ
                0x0800576a       0x1c build/Drivers/STM32F1xx_HAL_Driver/Src/stm32f1xx_hal_cortex.o
                0x0800576a                HAL_NVIC_EnableIRQ
 .text.HAL_SYSTICK_Config
                0x08005786       0x18 build/Drivers/STM32F1xx_HAL_Driver/Src/stm32f1xx_hal_cortex.o
                0x08005786                HAL_SYSTICK_Config
 *fill*         0x0800579e        0x2 
 .text.HAL_GPIO_Init
                0x080057a0      0x2dc build/Drivers/STM32F1xx_HAL_Driver/Src/stm32f1xx_hal_gpio.o
                0x080057a0                HAL_GPIO_Init
 .text.HAL_GPIO_ReadPin
                0x08005a7c       0x2e build/Drivers/STM32F1xx_HAL_Driver/Src/stm32f1xx_hal_gpio.o
                0x08005a7c                HAL_GPIO_ReadPin
 .text.HAL_GPIO_WritePin
                0x08005aaa       0x30 build/Drivers/STM32F1xx_HAL_Driver/Src/stm32f1xx_hal_gpio.o
                0x08005aaa                HAL_GPIO_WritePin
 *fill*         0x08005ada        0x2 
 .text.HAL_RCC_OscConfig
                0x08005adc      0x504 build/Drivers/STM32F1xx_HAL_Driver/Src/stm32f1xx_hal_rcc.o
                0x08005adc                HAL_RCC_OscConfig
 .text.HAL_RCC_ClockConfig
                0x08005fe0      0x1d4 build/Drivers/STM32F1xx_HAL_Driver/Src/stm32f1xx_hal_rcc.o
                0x08005fe0                HAL_RCC_ClockConfig
 .text.HAL_RCC_GetSysClockFreq
                0x080061b4       0xa8 build/Drivers/STM32F1xx_HAL_Driver/Src/stm32f1xx_hal_rcc.o
                0x080061b4                HAL_RCC_GetSysClockFreq
 .text.RCC_Delay
                0x0800625c       0x3c build/Drivers/STM32F1xx_HAL_Driver/Src/stm32f1xx_hal_rcc.o
 .text.HAL_RCCEx_PeriphCLKConfig
                0x08006298      0x16c build/Drivers/STM32F1xx_HAL_Driver/Src/stm32f1xx_hal_rcc_ex.o
                0x08006298                HAL_RCCEx_PeriphCLKConfig
 .text.HAL_SPI_Init
                0x08006404      0x108 build/Drivers/STM32F1xx_HAL_Driver/Src/stm32f1xx_hal_spi.o
                0x08006404                HAL_SPI_Init
 .text.HAL_SPI_Transmit
                0x0800650c      0x288 build/Drivers/STM32F1xx_HAL_Driver/Src/stm32f1xx_hal_spi.o
                0x0800650c                HAL_SPI_Transmit
 .text.SPI_WaitFlagStateUntilTimeout
                0x08006794      0x110 build/Drivers/STM32F1xx_HAL_Driver/Src/stm32f1xx_hal_spi.o
 .text.SPI_EndRxTxTransaction
                0x080068a4       0x62 build/Drivers/STM32F1xx_HAL_Driver/Src/stm32f1xx_hal_spi.o
 .text.HAL_TIM_Base_Init
                0x08006906       0x9e build/Drivers/STM32F1xx_HAL_Driver/Src/stm32f1xx_hal_tim.o
                0x08006906                HAL_TIM_Base_Init
 .text.HAL_TIM_Base_Start
                0x080069a4       0x94 build/Drivers/STM32F1xx_HAL_Driver/Src/stm32f1xx_hal_tim.o
                0x080069a4                HAL_TIM_Base_Start
 .text.HAL_TIM_Base_Start_IT
                0x08006a38       0xa4 build/Drivers/STM32F1xx_HAL_Driver/Src/stm32f1xx_hal_tim.o
                0x08006a38                HAL_TIM_Base_Start_IT
 .text.HAL_TIM_PWM_Init
                0x08006adc       0x9e build/Drivers/STM32F1xx_HAL_Driver/Src/stm32f1xx_hal_tim.o
                0x08006adc                HAL_TIM_PWM_Init
 .text.HAL_TIM_PWM_MspInit
                0x08006b7a       0x12 build/Drivers/STM32F1xx_HAL_Driver/Src/stm32f1xx_hal_tim.o
                0x08006b7a                HAL_TIM_PWM_MspInit
 .text.HAL_TIM_PWM_Start
                0x08006b8c      0x144 build/Drivers/STM32F1xx_HAL_Driver/Src/stm32f1xx_hal_tim.o
                0x08006b8c                HAL_TIM_PWM_Start
 .text.HAL_TIM_IRQHandler
                0x08006cd0      0x1e0 build/Drivers/STM32F1xx_HAL_Driver/Src/stm32f1xx_hal_tim.o
                0x08006cd0                HAL_TIM_IRQHandler
 .text.HAL_TIM_PWM_ConfigChannel
                0x08006eb0      0x16c build/Drivers/STM32F1xx_HAL_Driver/Src/stm32f1xx_hal_tim.o
                0x08006eb0                HAL_TIM_PWM_ConfigChannel
 .text.HAL_TIM_ConfigClockSource
                0x0800701c      0x18e build/Drivers/STM32F1xx_HAL_Driver/Src/stm32f1xx_hal_tim.o
                0x0800701c                HAL_TIM_ConfigClockSource
 .text.HAL_TIM_OC_DelayElapsedCallback
                0x080071aa       0x12 build/Drivers/STM32F1xx_HAL_Driver/Src/stm32f1xx_hal_tim.o
                0x080071aa                HAL_TIM_OC_DelayElapsedCallback
 .text.HAL_TIM_IC_CaptureCallback
                0x080071bc       0x12 build/Drivers/STM32F1xx_HAL_Driver/Src/stm32f1xx_hal_tim.o
                0x080071bc                HAL_TIM_IC_CaptureCallback
 .text.HAL_TIM_PWM_PulseFinishedCallback
                0x080071ce       0x12 build/Drivers/STM32F1xx_HAL_Driver/Src/stm32f1xx_hal_tim.o
                0x080071ce                HAL_TIM_PWM_PulseFinishedCallback
 .text.HAL_TIM_TriggerCallback
                0x080071e0       0x12 build/Drivers/STM32F1xx_HAL_Driver/Src/stm32f1xx_hal_tim.o
                0x080071e0                HAL_TIM_TriggerCallback
 *fill*         0x080071f2        0x2 
 .text.TIM_Base_SetConfig
                0x080071f4       0xdc build/Drivers/STM32F1xx_HAL_Driver/Src/stm32f1xx_hal_tim.o
                0x080071f4                TIM_Base_SetConfig
 .text.TIM_OC1_SetConfig
                0x080072d0       0xcc build/Drivers/STM32F1xx_HAL_Driver/Src/stm32f1xx_hal_tim.o
 .text.TIM_OC2_SetConfig
                0x0800739c       0xd4 build/Drivers/STM32F1xx_HAL_Driver/Src/stm32f1xx_hal_tim.o
                0x0800739c                TIM_OC2_SetConfig
 .text.TIM_OC3_SetConfig
                0x08007470       0xd4 build/Drivers/STM32F1xx_HAL_Driver/Src/stm32f1xx_hal_tim.o
 .text.TIM_OC4_SetConfig
                0x08007544       0x9c build/Drivers/STM32F1xx_HAL_Driver/Src/stm32f1xx_hal_tim.o
 .text.TIM_TI1_ConfigInputStage
                0x080075e0       0x5c build/Drivers/STM32F1xx_HAL_Driver/Src/stm32f1xx_hal_tim.o
 .text.TIM_TI2_ConfigInputStage
                0x0800763c       0x5e build/Drivers/STM32F1xx_HAL_Driver/Src/stm32f1xx_hal_tim.o
 .text.TIM_ITRx_SetConfig
                0x0800769a       0x34 build/Drivers/STM32F1xx_HAL_Driver/Src/stm32f1xx_hal_tim.o
 .text.TIM_ETR_SetConfig
                0x080076ce       0x3e build/Drivers/STM32F1xx_HAL_Driver/Src/stm32f1xx_hal_tim.o
                0x080076ce                TIM_ETR_SetConfig
 .text.TIM_CCxChannelCmd
                0x0800770c       0x48 build/Drivers/STM32F1xx_HAL_Driver/Src/stm32f1xx_hal_tim.o
                0x0800770c                TIM_CCxChannelCmd
 .text.HAL_TIMEx_MasterConfigSynchronization
                0x08007754       0xbc build/Drivers/STM32F1xx_HAL_Driver/Src/stm32f1xx_hal_tim_ex.o
                0x08007754                HAL_TIMEx_MasterConfigSynchronization
 .text.HAL_TIMEx_CommutCallback
                0x08007810       0x12 build/Drivers/STM32F1xx_HAL_Driver/Src/stm32f1xx_hal_tim_ex.o
                0x08007810                HAL_TIMEx_CommutCallback
 .text.HAL_TIMEx_BreakCallback
                0x08007822       0x12 build/Drivers/STM32F1xx_HAL_Driver/Src/stm32f1xx_hal_tim_ex.o
                0x08007822                HAL_TIMEx_BreakCallback
 .text.Reset_Handler
                0x08007834       0x48 build/Core/Startup/startup_stm32f103c8tx.o
                0x08007834                Reset_Handler
 .text.Default_Handler
                0x0800787c        0x2 build/Core/Startup/startup_stm32f103c8tx.o
                0x0800787c                USBWakeUp_IRQHandler
                0x0800787c                EXTI2_IRQHandler
                0x0800787c                TIM1_CC_IRQHandler
                0x0800787c                PVD_IRQHandler
                0x0800787c                EXTI3_IRQHandler
                0x0800787c                EXTI0_IRQHandler
                0x0800787c                I2C2_EV_IRQHandler
                0x0800787c                ADC1_2_IRQHandler
                0x0800787c                SPI1_IRQHandler
                0x0800787c                TAMPER_IRQHandler
                0x0800787c                DMA1_Channel4_IRQHandler
                0x0800787c                USART3_IRQHandler
                0x0800787c                RTC_IRQHandler
                0x0800787c                DMA1_Channel7_IRQHandler
                0x0800787c                CAN1_RX1_IRQHandler
                0x0800787c                TIM4_IRQHandler
                0x0800787c                I2C1_EV_IRQHandler
                0x0800787c                DMA1_Channel6_IRQHandler
                0x0800787c                TIM3_IRQHandler
                0x0800787c                RCC_IRQHandler
                0x0800787c                TIM1_TRG_COM_IRQHandler
                0x0800787c                DMA1_Channel1_IRQHandler
                0x0800787c                Default_Handler
                0x0800787c                EXTI15_10_IRQHandler
                0x0800787c                EXTI9_5_IRQHandler
                0x0800787c                SPI2_IRQHandler
                0x0800787c                DMA1_Channel5_IRQHandler
                0x0800787c                EXTI4_IRQHandler
                0x0800787c                USB_HP_CAN1_TX_IRQHandler
                0x0800787c                DMA1_Channel3_IRQHandler
                0x0800787c                WWDG_IRQHandler
                0x0800787c                TIM2_IRQHandler
                0x0800787c                TIM1_BRK_IRQHandler
                0x0800787c                EXTI1_IRQHandler
                0x0800787c                USART2_IRQHandler
                0x0800787c                I2C2_ER_IRQHandler
                0x0800787c                DMA1_Channel2_IRQHandler
                0x0800787c                FLASH_IRQHandler
                0x0800787c                USART1_IRQHandler
                0x0800787c                I2C1_ER_IRQHandler
                0x0800787c                RTC_Alarm_IRQHandler
 *fill*         0x0800787e        0x2 
 .text.snprintf
                0x08007880       0x64 /private/tmp/tesla-arm-gnu-15.2/arm-gnu-toolchain-15.2.rel1-darwin-arm64-arm-none-eabi/bin/../lib/gcc/arm-none-eabi/15.2.1/../../../../arm-none-eabi/lib/thumb/v7-m/nofp/libc_nano.a(libc_a-snprintf.o)
                0x08007880                snprintf
                0x08007880                sniprintf
 .text.memset   0x080078e4       0x10 /private/tmp/tesla-arm-gnu-15.2/arm-gnu-toolchain-15.2.rel1-darwin-arm64-arm-none-eabi/bin/../lib/gcc/arm-none-eabi/15.2.1/../../../../arm-none-eabi/lib/thumb/v7-m/nofp/libc_nano.a(libc_a-memset.o)
                0x080078e4                memset
 .text.__errno  0x080078f4        0xc /private/tmp/tesla-arm-gnu-15.2/arm-gnu-toolchain-15.2.rel1-darwin-arm64-arm-none-eabi/bin/../lib/gcc/arm-none-eabi/15.2.1/../../../../arm-none-eabi/lib/thumb/v7-m/nofp/libc_nano.a(libc_a-errno.o)
                0x080078f4                __errno
 .text.__libc_init_array
                0x08007900       0x48 /private/tmp/tesla-arm-gnu-15.2/arm-gnu-toolchain-15.2.rel1-darwin-arm64-arm-none-eabi/bin/../lib/gcc/arm-none-eabi/15.2.1/../../../../arm-none-eabi/lib/thumb/v7-m/nofp/libc_nano.a(libc_a-init.o)
                0x08007900                __libc_init_array
 .text.__retarget_lock_acquire_recursive
                0x08007948        0x2 /private/tmp/tesla-arm-gnu-15.2/arm-gnu-toolchain-15.2.rel1-darwin-arm64-arm-none-eabi/bin/../lib/gcc/arm-none-eabi/15.2.1/../../../../arm-none-eabi/lib/thumb/v7-m/nofp/libc_nano.a(libc_a-lock.o)
                0x08007948                __retarget_lock_acquire_recursive
 .text.__retarget_lock_release_recursive
                0x0800794a        0x2 /private/tmp/tesla-arm-gnu-15.2/arm-gnu-toolchain-15.2.rel1-darwin-arm64-arm-none-eabi/bin/../lib/gcc/arm-none-eabi/15.2.1/../../../../arm-none-eabi/lib/thumb/v7-m/nofp/libc_nano.a(libc_a-lock.o)
                0x0800794a                __retarget_lock_release_recursive
 .text.__ssputs_r
                0x0800794c       0xc0 /private/tmp/tesla-arm-gnu-15.2/arm-gnu-toolchain-15.2.rel1-darwin-arm64-arm-none-eabi/bin/../lib/gcc/arm-none-eabi/15.2.1/../../../../arm-none-eabi/lib/thumb/v7-m/nofp/libc_nano.a(libc_a-nano-svfprintf.o)
                0x0800794c                __ssputs_r
 .text._svfprintf_r
                0x08007a0c      0x1f0 /private/tmp/tesla-arm-gnu-15.2/arm-gnu-toolchain-15.2.rel1-darwin-arm64-arm-none-eabi/bin/../lib/gcc/arm-none-eabi/15.2.1/../../../../arm-none-eabi/lib/thumb/v7-m/nofp/libc_nano.a(libc_a-nano-svfprintf.o)
                0x08007a0c                _svfprintf_r
                0x08007a0c                _svfiprintf_r
 .text.sbrk_aligned
                0x08007bfc       0x44 /private/tmp/tesla-arm-gnu-15.2/arm-gnu-toolchain-15.2.rel1-darwin-arm64-arm-none-eabi/bin/../lib/gcc/arm-none-eabi/15.2.1/../../../../arm-none-eabi/lib/thumb/v7-m/nofp/libc_nano.a(libc_a-mallocr.o)
 .text._malloc_r
                0x08007c40       0xf8 /private/tmp/tesla-arm-gnu-15.2/arm-gnu-toolchain-15.2.rel1-darwin-arm64-arm-none-eabi/bin/../lib/gcc/arm-none-eabi/15.2.1/../../../../arm-none-eabi/lib/thumb/v7-m/nofp/libc_nano.a(libc_a-mallocr.o)
                0x08007c40                _malloc_r
 .text._printf_common
                0x08007d38       0xea /private/tmp/tesla-arm-gnu-15.2/arm-gnu-toolchain-15.2.rel1-darwin-arm64-arm-none-eabi/bin/../lib/gcc/arm-none-eabi/15.2.1/../../../../arm-none-eabi/lib/thumb/v7-m/nofp/libc_nano.a(libc_a-nano-vfprintf_i.o)
                0x08007d38                _printf_common
 *fill*         0x08007e22        0x2 
 .text._printf_i
                0x08007e24      0x254 /private/tmp/tesla-arm-gnu-15.2/arm-gnu-toolchain-15.2.rel1-darwin-arm64-arm-none-eabi/bin/../lib/gcc/arm-none-eabi/15.2.1/../../../../arm-none-eabi/lib/thumb/v7-m/nofp/libc_nano.a(libc_a-nano-vfprintf_i.o)
                0x08007e24                _printf_i
 .text.__malloc_lock
                0x08008078        0xc /private/tmp/tesla-arm-gnu-15.2/arm-gnu-toolchain-15.2.rel1-darwin-arm64-arm-none-eabi/bin/../lib/gcc/arm-none-eabi/15.2.1/../../../../arm-none-eabi/lib/thumb/v7-m/nofp/libc_nano.a(libc_a-mlock.o)
                0x08008078                __malloc_lock
 .text.__malloc_unlock
                0x08008084        0xc /private/tmp/tesla-arm-gnu-15.2/arm-gnu-toolchain-15.2.rel1-darwin-arm64-arm-none-eabi/bin/../lib/gcc/arm-none-eabi/15.2.1/../../../../arm-none-eabi/lib/thumb/v7-m/nofp/libc_nano.a(libc_a-mlock.o)
                0x08008084                __malloc_unlock
 .text._realloc_r
                0x08008090       0x5c /private/tmp/tesla-arm-gnu-15.2/arm-gnu-toolchain-15.2.rel1-darwin-arm64-arm-none-eabi/bin/../lib/gcc/arm-none-eabi/15.2.1/../../../../arm-none-eabi/lib/thumb/v7-m/nofp/libc_nano.a(libc_a-reallocr.o)
                0x08008090                _realloc_r
 .text.memmove  0x080080ec       0x32 /private/tmp/tesla-arm-gnu-15.2/arm-gnu-toolchain-15.2.rel1-darwin-arm64-arm-none-eabi/bin/../lib/gcc/arm-none-eabi/15.2.1/../../../../arm-none-eabi/lib/thumb/v7-m/nofp/libc_nano.a(libc_a-memmove.o)
                0x080080ec                memmove
 *fill*         0x0800811e        0x2 
 .text._sbrk_r  0x08008120       0x20 /private/tmp/tesla-arm-gnu-15.2/arm-gnu-toolchain-15.2.rel1-darwin-arm64-arm-none-eabi/bin/../lib/gcc/arm-none-eabi/15.2.1/../../../../arm-none-eabi/lib/thumb/v7-m/nofp/libc_nano.a(libc_a-sbrkr.o)
                0x08008120                _sbrk_r
 .text.memchr   0x08008140       0x1c /private/tmp/tesla-arm-gnu-15.2/arm-gnu-toolchain-15.2.rel1-darwin-arm64-arm-none-eabi/bin/../lib/gcc/arm-none-eabi/15.2.1/../../../../arm-none-eabi/lib/thumb/v7-m/nofp/libc_nano.a(libc_a-memchr-stub.o)
                0x08008140                memchr
 .text.memcpy   0x0800815c       0x1c /private/tmp/tesla-arm-gnu-15.2/arm-gnu-toolchain-15.2.rel1-darwin-arm64-arm-none-eabi/bin/../lib/gcc/arm-none-eabi/15.2.1/../../../../arm-none-eabi/lib/thumb/v7-m/nofp/libc_nano.a(libc_a-memcpy-stub.o)
                0x0800815c                memcpy
 .text._free_r  0x08008178       0x94 /private/tmp/tesla-arm-gnu-15.2/arm-gnu-toolchain-15.2.rel1-darwin-arm64-arm-none-eabi/bin/../lib/gcc/arm-none-eabi/15.2.1/../../../../arm-none-eabi/lib/thumb/v7-m/nofp/libc_nano.a(libc_a-freer.o)
                0x08008178                _free_r
 .text._malloc_usable_size_r
                0x0800820c       0x10 /private/tmp/tesla-arm-gnu-15.2/arm-gnu-toolchain-15.2.rel1-darwin-arm64-arm-none-eabi/bin/../lib/gcc/arm-none-eabi/15.2.1/../../../../arm-none-eabi/lib/thumb/v7-m/nofp/libc_nano.a(libc_a-msizer.o)
                0x0800820c                _malloc_usable_size_r
 *(.glue_7)
 .glue_7        0x0800821c        0x0 linker stubs
 *(.glue_7t)
 .glue_7t       0x0800821c        0x0 linker stubs
 *(.eh_frame)
 .eh_frame      0x0800821c        0x0 /private/tmp/tesla-arm-gnu-15.2/arm-gnu-toolchain-15.2.rel1-darwin-arm64-arm-none-eabi/bin/../lib/gcc/arm-none-eabi/15.2.1/thumb/v7-m/nofp/crtbegin.o
 *(.init)
 .init          0x0800821c        0x4 /private/tmp/tesla-arm-gnu-15.2/arm-gnu-toolchain-15.2.rel1-darwin-arm64-arm-none-eabi/bin/../lib/gcc/arm-none-eabi/15.2.1/thumb/v7-m/nofp/crti.o
                0x0800821c                _init
 .init          0x08008220        0x8 /private/tmp/tesla-arm-gnu-15.2/arm-gnu-toolchain-15.2.rel1-darwin-arm64-arm-none-eabi/bin/../lib/gcc/arm-none-eabi/15.2.1/thumb/v7-m/nofp/crtn.o
 *(.fini)
 .fini          0x08008228        0x4 /private/tmp/tesla-arm-gnu-15.2/arm-gnu-toolchain-15.2.rel1-darwin-arm64-arm-none-eabi/bin/../lib/gcc/arm-none-eabi/15.2.1/thumb/v7-m/nofp/crti.o
                0x08008228                _fini
 .fini          0x0800822c        0x8 /private/tmp/tesla-arm-gnu-15.2/arm-gnu-toolchain-15.2.rel1-darwin-arm64-arm-none-eabi/bin/../lib/gcc/arm-none-eabi/15.2.1/thumb/v7-m/nofp/crtn.o
                0x08008234                        . = ALIGN (0x4)
                0x08008234                        _etext = .

.vfp11_veneer   0x08008234        0x0
 .vfp11_veneer  0x08008234        0x0 linker stubs

.v4_bx          0x08008234        0x0
 .v4_bx         0x08008234        0x0 linker stubs

.iplt           0x08008234        0x0
 .iplt          0x08008234        0x0 /private/tmp/tesla-arm-gnu-15.2/arm-gnu-toolchain-15.2.rel1-darwin-arm64-arm-none-eabi/bin/../lib/gcc/arm-none-eabi/15.2.1/thumb/v7-m/nofp/crtbegin.o

.rodata         0x08008234     0x29b4
                0x08008234                        . = ALIGN (0x4)
 *(.rodata)
 .rodata        0x08008234       0x37 build/Core/Src/ili9341.o
 *fill*         0x0800826b        0x1 
 .rodata        0x0800826c      0x10f build/Core/Src/main.o
 *(.rodata*)
 *fill*         0x0800837b        0x1 
 .rodata.Font7x10
                0x0800837c      0x76c build/Core/Src/fonts.o
 .rodata.Font11x18
                0x08008ae8      0xd5c build/Core/Src/fonts.o
 .rodata.Font16x26
                0x08009844     0x134c build/Core/Src/fonts.o
 .rodata.AHBPrescTable
                0x0800ab90       0x10 build/Core/Src/system_stm32f1xx.o
                0x0800ab90                AHBPrescTable
 .rodata.aPLLMULFactorTable.1
                0x0800aba0       0x10 build/Drivers/STM32F1xx_HAL_Driver/Src/stm32f1xx_hal_rcc.o
 .rodata.aPredivFactorTable.0
                0x0800abb0        0x2 build/Drivers/STM32F1xx_HAL_Driver/Src/stm32f1xx_hal_rcc.o
 .rodata._svfprintf_r.str1.1
                0x0800abb2       0x33 /private/tmp/tesla-arm-gnu-15.2/arm-gnu-toolchain-15.2.rel1-darwin-arm64-arm-none-eabi/bin/../lib/gcc/arm-none-eabi/15.2.1/../../../../arm-none-eabi/lib/thumb/v7-m/nofp/libc_nano.a(libc_a-nano-svfprintf.o)
                                 0x11 (size before relaxing)
 .rodata._printf_i.str1.1
                0x0800abe5        0x0 /private/tmp/tesla-arm-gnu-15.2/arm-gnu-toolchain-15.2.rel1-darwin-arm64-arm-none-eabi/bin/../lib/gcc/arm-none-eabi/15.2.1/../../../../arm-none-eabi/lib/thumb/v7-m/nofp/libc_nano.a(libc_a-nano-vfprintf_i.o)
                                 0x22 (size before relaxing)
                0x0800abe8                        . = ALIGN (0x4)
 *fill*         0x0800abe5        0x3 

.ARM.extab      0x0800abe8        0x0
                0x0800abe8                        . = ALIGN (0x4)
 *(.ARM.extab* .gnu.linkonce.armextab.*)
                0x0800abe8                        . = ALIGN (0x4)

.ARM            0x0800abe8        0x0
                0x0800abe8                        . = ALIGN (0x4)
                0x0800abe8                        __exidx_start = .
 *(.ARM.exidx*)
                0x0800abe8                        __exidx_end = .
                0x0800abe8                        . = ALIGN (0x4)

.preinit_array  0x0800abe8        0x0
                0x0800abe8                        . = ALIGN (0x4)
                0x0800abe8                        PROVIDE (__preinit_array_start = .)
 *(.preinit_array*)
                0x0800abe8                        PROVIDE (__preinit_array_end = .)
                0x0800abe8                        . = ALIGN (0x4)

.init_array     0x0800abe8        0x4
                0x0800abe8                        . = ALIGN (0x4)
                0x0800abe8                        PROVIDE (__init_array_start = .)
 *(SORT_BY_NAME(.init_array.*))
 *(.init_array*)
 .init_array    0x0800abe8        0x4 /private/tmp/tesla-arm-gnu-15.2/arm-gnu-toolchain-15.2.rel1-darwin-arm64-arm-none-eabi/bin/../lib/gcc/arm-none-eabi/15.2.1/thumb/v7-m/nofp/crtbegin.o
                0x0800abec                        PROVIDE (__init_array_end = .)
                0x0800abec                        . = ALIGN (0x4)

.fini_array     0x0800abec        0x4
                0x0800abec                        . = ALIGN (0x4)
                [!provide]                        PROVIDE (__fini_array_start = .)
 *(SORT_BY_NAME(.fini_array.*))
 *(.fini_array*)
 .fini_array    0x0800abec        0x4 /private/tmp/tesla-arm-gnu-15.2/arm-gnu-toolchain-15.2.rel1-darwin-arm64-arm-none-eabi/bin/../lib/gcc/arm-none-eabi/15.2.1/thumb/v7-m/nofp/crtbegin.o
                [!provide]                        PROVIDE (__fini_array_end = .)
                0x0800abf0                        . = ALIGN (0x4)
                0x0800abf0                        _sidata = LOADADDR (.data)

.rel.dyn        0x0800abf0        0x0
 .rel.iplt      0x0800abf0        0x0 /private/tmp/tesla-arm-gnu-15.2/arm-gnu-toolchain-15.2.rel1-darwin-arm64-arm-none-eabi/bin/../lib/gcc/arm-none-eabi/15.2.1/thumb/v7-m/nofp/crtbegin.o

.data           0x20000000       0x80 load address 0x0800abf0
                0x20000000                        . = ALIGN (0x4)
                0x20000000                        _sdata = .
 *(.data)
 *(.data*)
 .data.Font_7x10
                0x20000000        0x8 build/Core/Src/fonts.o
                0x20000000                Font_7x10
 .data.Font_11x18
                0x20000008        0x8 build/Core/Src/fonts.o
                0x20000008                Font_11x18
 .data.Font_16x26
                0x20000010        0x8 build/Core/Src/fonts.o
                0x20000010                Font_16x26
 .data.Short2B2
                0x20000018        0x1 build/Core/Src/main.o
                0x20000018                Short2B2
 *fill*         0x20000019        0x1 
 .data.VOLTAGE_DCDC
                0x2000001a        0x2 build/Core/Src/main.o
                0x2000001a                VOLTAGE_DCDC
 .data.mux545   0x2000001c        0x1 build/Core/Src/main.o
                0x2000001c                mux545
 .data.mux3b2   0x2000001d        0x1 build/Core/Src/main.o
                0x2000001d                mux3b2
 .data.CHGpwrTarget
                0x2000001e        0x2 build/Core/Src/main.o
                0x2000001e                CHGpwrTarget
 .data.ACILim   0x20000020        0x1 build/Core/Src/main.o
                0x20000020                ACILim
 .data.buttonStable
                0x20000021        0x1 build/Core/Src/main.o
 .data.buttonSample
                0x20000022        0x1 build/Core/Src/main.o
 .data.autoStartArmed
                0x20000023        0x1 build/Core/Src/main.o
 .data.SystemCoreClock
                0x20000024        0x4 build/Core/Src/system_stm32f1xx.o
                0x20000024                SystemCoreClock
 .data.uwTickPrio
                0x20000028        0x4 build/Drivers/STM32F1xx_HAL_Driver/Src/stm32f1xx_hal.o
                0x20000028                uwTickPrio
 .data.uwTickFreq
                0x2000002c        0x1 build/Drivers/STM32F1xx_HAL_Driver/Src/stm32f1xx_hal.o
                0x2000002c                uwTickFreq
 *fill*         0x2000002d        0x3 
 .data._impure_ptr
                0x20000030        0x4 /private/tmp/tesla-arm-gnu-15.2/arm-gnu-toolchain-15.2.rel1-darwin-arm64-arm-none-eabi/bin/../lib/gcc/arm-none-eabi/15.2.1/../../../../arm-none-eabi/lib/thumb/v7-m/nofp/libc_nano.a(libc_a-impure.o)
                0x20000030                _impure_ptr
 .data._impure_data
                0x20000034       0x4c /private/tmp/tesla-arm-gnu-15.2/arm-gnu-toolchain-15.2.rel1-darwin-arm64-arm-none-eabi/bin/../lib/gcc/arm-none-eabi/15.2.1/../../../../arm-none-eabi/lib/thumb/v7-m/nofp/libc_nano.a(libc_a-impure.o)
                0x20000034                _impure_data
 *(.RamFunc)
 *(.RamFunc*)
                0x20000080                        . = ALIGN (0x4)
                0x20000080                        _edata = .

.tm_clone_table
                0x20000080        0x0 load address 0x0800ac70
 .tm_clone_table
                0x20000080        0x0 /private/tmp/tesla-arm-gnu-15.2/arm-gnu-toolchain-15.2.rel1-darwin-arm64-arm-none-eabi/bin/../lib/gcc/arm-none-eabi/15.2.1/thumb/v7-m/nofp/crtbegin.o
 .tm_clone_table
                0x20000080        0x0 /private/tmp/tesla-arm-gnu-15.2/arm-gnu-toolchain-15.2.rel1-darwin-arm64-arm-none-eabi/bin/../lib/gcc/arm-none-eabi/15.2.1/thumb/v7-m/nofp/crtend.o

.igot.plt       0x20000080        0x0 load address 0x0800ac70
 .igot.plt      0x20000080        0x0 /private/tmp/tesla-arm-gnu-15.2/arm-gnu-toolchain-15.2.rel1-darwin-arm64-arm-none-eabi/bin/../lib/gcc/arm-none-eabi/15.2.1/thumb/v7-m/nofp/crtbegin.o
                0x20000080                        . = ALIGN (0x4)

.bss            0x20000080      0x784 load address 0x0800ac70
                0x20000080                        _sbss = .
                0x20000080                        __bss_start__ = _sbss
 *(.bss)
 *(.bss*)
 .bss.completed.1
                0x20000080        0x1 /private/tmp/tesla-arm-gnu-15.2/arm-gnu-toolchain-15.2.rel1-darwin-arm64-arm-none-eabi/bin/../lib/gcc/arm-none-eabi/15.2.1/thumb/v7-m/nofp/crtbegin.o
 *fill*         0x20000081        0x3 
 .bss.object.0  0x20000084       0x18 /private/tmp/tesla-arm-gnu-15.2/arm-gnu-toolchain-15.2.rel1-darwin-arm64-arm-none-eabi/bin/../lib/gcc/arm-none-eabi/15.2.1/thumb/v7-m/nofp/crtbegin.o
 .bss.pcs_alert_matrix
                0x2000009c       0x10 build/Core/Src/main.o
                0x2000009c                pcs_alert_matrix
 .bss.PCS_AlertCnt
                0x200000ac        0x1 build/Core/Src/main.o
                0x200000ac                PCS_AlertCnt
 *fill*         0x200000ad        0x1 
 .bss.AlertCANId
                0x200000ae        0x2 build/Core/Src/main.o
                0x200000ae                AlertCANId
 .bss.AlertRxError
                0x200000b0        0x1 build/Core/Src/main.o
                0x200000b0                AlertRxError
 .bss.msec      0x200000b1        0x1 build/Core/Src/main.o
                0x200000b1                msec
 .bss.msec_50   0x200000b2        0x1 build/Core/Src/main.o
                0x200000b2                msec_50
 .bss.msec_100  0x200000b3        0x1 build/Core/Src/main.o
                0x200000b3                msec_100
 .bss.seconds   0x200000b4        0x2 build/Core/Src/main.o
                0x200000b4                seconds
 .bss.upd_disp  0x200000b6        0x1 build/Core/Src/main.o
                0x200000b6                upd_disp
 .bss.t_buzzer  0x200000b7        0x1 build/Core/Src/main.o
                0x200000b7                t_buzzer
 .bss.pcs_status
                0x200000b8        0x1 build/Core/Src/main.o
                0x200000b8                pcs_status
 .bss.pcs_w     0x200000b9        0x1 build/Core/Src/main.o
                0x200000b9                pcs_w
 .bss.dcdc_w    0x200000ba        0x1 build/Core/Src/main.o
                0x200000ba                dcdc_w
 .bss.chg_w     0x200000bb        0x1 build/Core/Src/main.o
                0x200000bb                chg_w
 .bss.ac_w      0x200000bc        0x1 build/Core/Src/main.o
                0x200000bc                ac_w
 .bss.chg_request
                0x200000bd        0x1 build/Core/Src/main.o
                0x200000bd                chg_request
 .bss.pin_dcdc_status
                0x200000be        0x1 build/Core/Src/main.o
                0x200000be                pin_dcdc_status
 .bss.pin_chg_status
                0x200000bf        0x1 build/Core/Src/main.o
                0x200000bf                pin_chg_status
 .bss.pcs_counter
                0x200000c0        0x1 build/Core/Src/main.o
                0x200000c0                pcs_counter
 .bss.Count545  0x200000c1        0x1 build/Core/Src/main.o
                0x200000c1                Count545
 .bss.CHGpwr    0x200000c2        0x2 build/Core/Src/main.o
                0x200000c2                CHGpwr
 .bss.cell_SOC  0x200000c4        0x1 build/Core/Src/main.o
                0x200000c4                cell_SOC
 *fill*         0x200000c5        0x1 
 .bss.AClim     0x200000c6        0x2 build/Core/Src/main.o
                0x200000c6                AClim
 .bss.ACamps    0x200000c8        0x2 build/Core/Src/main.o
                0x200000c8                ACamps
 .bss.ACpwr     0x200000ca        0x2 build/Core/Src/main.o
                0x200000ca                ACpwr
 .bss.DCDCamps  0x200000cc        0x2 build/Core/Src/main.o
                0x200000cc                DCDCamps
 .bss.HVvolts   0x200000ce        0x2 build/Core/Src/main.o
                0x200000ce                HVvolts
 .bss.LVvolts   0x200000d0        0x2 build/Core/Src/main.o
                0x200000d0                LVvolts
 .bss.ACvolts   0x200000d2        0x2 build/Core/Src/main.o
                0x200000d2                ACvolts
 .bss.pcs_main_state
                0x200000d4        0x1 build/Core/Src/main.o
                0x200000d4                pcs_main_state
 .bss.pcs_hv_charge_status
                0x200000d5        0x1 build/Core/Src/main.o
                0x200000d5                pcs_hv_charge_status
 .bss.pcs_grid_config
                0x200000d6        0x1 build/Core/Src/main.o
                0x200000d6                pcs_grid_config
 .bss.pcs_pwm_enable_line
                0x200000d7        0x1 build/Core/Src/main.o
                0x200000d7                pcs_pwm_enable_line
 .bss.pcs_hw_variant
                0x200000d8        0x1 build/Core/Src/main.o
                0x200000d8                pcs_hw_variant
 .bss.pcs_shutdown_request
                0x200000d9        0x1 build/Core/Src/main.o
                0x200000d9                pcs_shutdown_request
 .bss.ac_current_raw
                0x200000da        0x2 build/Core/Src/main.o
                0x200000da                ac_current_raw
 .bss.ac_voltage_raw
                0x200000dc        0x2 build/Core/Src/main.o
                0x200000dc                ac_voltage_raw
 .bss.pcs_alert_page
                0x200000de        0x1 build/Core/Src/main.o
                0x200000de                pcs_alert_page
 .bss.pcs_last_alert_id
                0x200000df        0x1 build/Core/Src/main.o
                0x200000df                pcs_last_alert_id
 .bss.pcs_alert_can_id
                0x200000e0        0x2 build/Core/Src/main.o
                0x200000e0                pcs_alert_can_id
 .bss.pcs_alert_rx_error
                0x200000e2        0x1 build/Core/Src/main.o
                0x200000e2                pcs_alert_rx_error
 *fill*         0x200000e3        0x1 
 .bss.rx3A4Count
                0x200000e4        0x4 build/Core/Src/main.o
                0x200000e4                rx3A4Count
 .bss.rx424Count
                0x200000e8        0x4 build/Core/Src/main.o
                0x200000e8                rx424Count
 .bss.dbg_tx22A
                0x200000ec        0x4 build/Core/Src/main.o
                0x200000ec                dbg_tx22A
 .bss.dbg_tx2B2
                0x200000f0        0x5 build/Core/Src/main.o
                0x200000f0                dbg_tx2B2
 .bss.dbg_tx2B2_dlc
                0x200000f5        0x1 build/Core/Src/main.o
                0x200000f5                dbg_tx2B2_dlc
 *fill*         0x200000f6        0x2 
 .bss.dbg_tx23D
                0x200000f8        0x2 build/Core/Src/main.o
                0x200000f8                dbg_tx23D
 *fill*         0x200000fa        0x2 
 .bss.rxmess    0x200000fc        0x4 build/Core/Src/main.o
                0x200000fc                rxmess
 .bss.RX264     0x20000100        0x1 build/Core/Src/main.o
                0x20000100                RX264
 .bss.RX224     0x20000101        0x1 build/Core/Src/main.o
                0x20000101                RX224
 .bss.RX2C4     0x20000102        0x1 build/Core/Src/main.o
                0x20000102                RX2C4
 *fill*         0x20000103        0x1 
 .bss.hadc1     0x20000104       0x30 build/Core/Src/main.o
                0x20000104                hadc1
 .bss.hcan      0x20000134       0x28 build/Core/Src/main.o
                0x20000134                hcan
 .bss.hspi1     0x2000015c       0x58 build/Core/Src/main.o
                0x2000015c                hspi1
 .bss.htim1     0x200001b4       0x48 build/Core/Src/main.o
                0x200001b4                htim1
 .bss.htim2     0x200001fc       0x48 build/Core/Src/main.o
                0x200001fc                htim2
 .bss.canTxQueue
                0x20000244      0x400 build/Core/Src/main.o
 .bss.canTxHead
                0x20000644        0x1 build/Core/Src/main.o
 .bss.canTxTail
                0x20000645        0x1 build/Core/Src/main.o
 .bss.task10ms  0x20000646        0x1 build/Core/Src/main.o
 .bss.task50ms  0x20000647        0x1 build/Core/Src/main.o
 .bss.task100ms
                0x20000648        0x1 build/Core/Src/main.o
 *fill*         0x20000649        0x3 
 .bss.schedulerMisses
                0x2000064c        0x4 build/Core/Src/main.o
 .bss.canTxOk   0x20000650        0x4 build/Core/Src/main.o
 .bss.canTxErrors
                0x20000654        0x4 build/Core/Src/main.o
 .bss.canTxQueueOverflows
                0x20000658        0x4 build/Core/Src/main.o
 .bss.canErrorEvents
                0x2000065c        0x4 build/Core/Src/main.o
 .bss.canLastError
                0x20000660        0x4 build/Core/Src/main.o
 .bss.canLastEsr
                0x20000664        0x4 build/Core/Src/main.o
 .bss.canHardwareResets
                0x20000668        0x4 build/Core/Src/main.o
 .bss.lastPcsRxMs
                0x2000066c        0x4 build/Core/Src/main.o
 .bss.last204Ms
                0x20000670        0x4 build/Core/Src/main.o
 .bss.last224Ms
                0x20000674        0x4 build/Core/Src/main.o
 .bss.last264Ms
                0x20000678        0x4 build/Core/Src/main.o
 .bss.last2C4Ms
                0x2000067c        0x4 build/Core/Src/main.o
 .bss.rx204Count
                0x20000680        0x4 build/Core/Src/main.o
 .bss.rx224Count
                0x20000684        0x4 build/Core/Src/main.o
 .bss.rx264Count
                0x20000688        0x4 build/Core/Src/main.o
 .bss.rx2C4Count
                0x2000068c        0x4 build/Core/Src/main.o
 .bss.lastMailboxFreeMs
                0x20000690        0x4 build/Core/Src/main.o
 .bss.controlState
                0x20000694        0x1 build/Core/Src/main.o
 *fill*         0x20000695        0x3 
 .bss.stateEnteredMs
                0x20000698        0x4 build/Core/Src/main.o
 .bss.buttonDebounceCount
                0x2000069c        0x1 build/Core/Src/main.o
 *fill*         0x2000069d        0x3 
 .bss.acPresentSinceMs
                0x200006a0        0x4 build/Core/Src/main.o
 .bss.acAbsentSinceMs
                0x200006a4        0x4 build/Core/Src/main.o
 .bss.pcsAlertMatrixLast
                0x200006a8        0x8 build/Core/Src/main.o
 .bss.secondTicks.0
                0x200006b0        0x1 build/Core/Src/main.o
 *fill*         0x200006b1        0x3 
 .bss.__sbrk_heap_end
                0x200006b4        0x4 build/Core/Src/sysmem.o
 .bss.uwTick    0x200006b8        0x4 build/Drivers/STM32F1xx_HAL_Driver/Src/stm32f1xx_hal.o
                0x200006b8                uwTick
 .bss.__sf      0x200006bc      0x138 /private/tmp/tesla-arm-gnu-15.2/arm-gnu-toolchain-15.2.rel1-darwin-arm64-arm-none-eabi/bin/../lib/gcc/arm-none-eabi/15.2.1/../../../../arm-none-eabi/lib/thumb/v7-m/nofp/libc_nano.a(libc_a-findfp.o)
                0x200006bc                __sf
 .bss.__lock___malloc_recursive_mutex
                0x200007f4        0x1 /private/tmp/tesla-arm-gnu-15.2/arm-gnu-toolchain-15.2.rel1-darwin-arm64-arm-none-eabi/bin/../lib/gcc/arm-none-eabi/15.2.1/../../../../arm-none-eabi/lib/thumb/v7-m/nofp/libc_nano.a(libc_a-lock.o)
                0x200007f4                __lock___malloc_recursive_mutex
 *fill*         0x200007f5        0x3 
 .bss.__malloc_sbrk_start
                0x200007f8        0x4 /private/tmp/tesla-arm-gnu-15.2/arm-gnu-toolchain-15.2.rel1-darwin-arm64-arm-none-eabi/bin/../lib/gcc/arm-none-eabi/15.2.1/../../../../arm-none-eabi/lib/thumb/v7-m/nofp/libc_nano.a(libc_a-mallocr.o)
                0x200007f8                __malloc_sbrk_start
 .bss.__malloc_free_list
                0x200007fc        0x4 /private/tmp/tesla-arm-gnu-15.2/arm-gnu-toolchain-15.2.rel1-darwin-arm64-arm-none-eabi/bin/../lib/gcc/arm-none-eabi/15.2.1/../../../../arm-none-eabi/lib/thumb/v7-m/nofp/libc_nano.a(libc_a-mallocr.o)
                0x200007fc                __malloc_free_list
 .bss.errno     0x20000800        0x4 /private/tmp/tesla-arm-gnu-15.2/arm-gnu-toolchain-15.2.rel1-darwin-arm64-arm-none-eabi/bin/../lib/gcc/arm-none-eabi/15.2.1/../../../../arm-none-eabi/lib/thumb/v7-m/nofp/libc_nano.a(libc_a-reent.o)
                0x20000800                errno
 *(COMMON)
                0x20000804                        . = ALIGN (0x4)
                0x20000804                        _ebss = .
                0x20000804                        __bss_end__ = _ebss

._user_heap_stack
                0x20000804      0x604 load address 0x0800ac70
                0x20000808                        . = ALIGN (0x8)
 *fill*         0x20000804        0x4 
                [!provide]                        PROVIDE (end = .)
                0x20000808                        PROVIDE (_end = .)
                0x20000a08                        . = (. + _Min_Heap_Size)
 *fill*         0x20000808      0x200 
                0x20000e08                        . = (. + _Min_Stack_Size)
 *fill*         0x20000a08      0x400 
                0x20000e08                        . = ALIGN (0x8)

/DISCARD/
 libc.a(*)
 libm.a(*)
 libgcc.a(*)

.ARM.attributes
                0x00000000       0x29
 *(.ARM.attributes)
 .ARM.attributes
                0x00000000       0x1d /private/tmp/tesla-arm-gnu-15.2/arm-gnu-toolchain-15.2.rel1-darwin-arm64-arm-none-eabi/bin/../lib/gcc/arm-none-eabi/15.2.1/thumb/v7-m/nofp/crti.o
 .ARM.attributes
                0x0000001d       0x2d /private/tmp/tesla-arm-gnu-15.2/arm-gnu-toolchain-15.2.rel1-darwin-arm64-arm-none-eabi/bin/../lib/gcc/arm-none-eabi/15.2.1/thumb/v7-m/nofp/crtbegin.o
 .ARM.attributes
                0x0000004a       0x2d build/Core/Src/fonts.o
 .ARM.attributes
                0x00000077       0x2d build/Core/Src/ili9341.o
 .ARM.attributes
                0x000000a4       0x2d build/Core/Src/main.o
 .ARM.attributes
                0x000000d1       0x2d build/Core/Src/pcs_protocol.o
 .ARM.attributes
                0x000000fe       0x2d build/Core/Src/stm32f1xx_hal_msp.o
 .ARM.attributes
                0x0000012b       0x2d build/Core/Src/stm32f1xx_it.o
 .ARM.attributes
                0x00000158       0x2d build/Core/Src/sysmem.o
 .ARM.attributes
                0x00000185       0x2d build/Core/Src/system_stm32f1xx.o
 .ARM.attributes
                0x000001b2       0x2d build/Drivers/STM32F1xx_HAL_Driver/Src/stm32f1xx_hal.o
 .ARM.attributes
                0x000001df       0x2d build/Drivers/STM32F1xx_HAL_Driver/Src/stm32f1xx_hal_adc.o
 .ARM.attributes
                0x0000020c       0x2d build/Drivers/STM32F1xx_HAL_Driver/Src/stm32f1xx_hal_can.o
 .ARM.attributes
                0x00000239       0x2d build/Drivers/STM32F1xx_HAL_Driver/Src/stm32f1xx_hal_cortex.o
 .ARM.attributes
                0x00000266       0x2d build/Drivers/STM32F1xx_HAL_Driver/Src/stm32f1xx_hal_gpio.o
 .ARM.attributes
                0x00000293       0x2d build/Drivers/STM32F1xx_HAL_Driver/Src/stm32f1xx_hal_rcc.o
 .ARM.attributes
                0x000002c0       0x2d build/Drivers/STM32F1xx_HAL_Driver/Src/stm32f1xx_hal_rcc_ex.o
 .ARM.attributes
                0x000002ed       0x2d build/Drivers/STM32F1xx_HAL_Driver/Src/stm32f1xx_hal_spi.o
 .ARM.attributes
                0x0000031a       0x2d build/Drivers/STM32F1xx_HAL_Driver/Src/stm32f1xx_hal_tim.o
 .ARM.attributes
                0x00000347       0x2d build/Drivers/STM32F1xx_HAL_Driver/Src/stm32f1xx_hal_tim_ex.o
 .ARM.attributes
                0x00000374       0x21 build/Core/Startup/startup_stm32f103c8tx.o
 .ARM.attributes
                0x00000395       0x2d /private/tmp/tesla-arm-gnu-15.2/arm-gnu-toolchain-15.2.rel1-darwin-arm64-arm-none-eabi/bin/../lib/gcc/arm-none-eabi/15.2.1/../../../../arm-none-eabi/lib/thumb/v7-m/nofp/libc_nano.a(libc_a-snprintf.o)
 .ARM.attributes
                0x000003c2       0x2d /private/tmp/tesla-arm-gnu-15.2/arm-gnu-toolchain-15.2.rel1-darwin-arm64-arm-none-eabi/bin/../lib/gcc/arm-none-eabi/15.2.1/../../../../arm-none-eabi/lib/thumb/v7-m/nofp/libc_nano.a(libc_a-findfp.o)
 .ARM.attributes
                0x000003ef       0x2d /private/tmp/tesla-arm-gnu-15.2/arm-gnu-toolchain-15.2.rel1-darwin-arm64-arm-none-eabi/bin/../lib/gcc/arm-none-eabi/15.2.1/../../../../arm-none-eabi/lib/thumb/v7-m/nofp/libc_nano.a(libc_a-memset.o)
 .ARM.attributes
                0x0000041c       0x2d /private/tmp/tesla-arm-gnu-15.2/arm-gnu-toolchain-15.2.rel1-darwin-arm64-arm-none-eabi/bin/../lib/gcc/arm-none-eabi/15.2.1/../../../../arm-none-eabi/lib/thumb/v7-m/nofp/libc_nano.a(libc_a-errno.o)
 .ARM.attributes
                0x00000449       0x2d /private/tmp/tesla-arm-gnu-15.2/arm-gnu-toolchain-15.2.rel1-darwin-arm64-arm-none-eabi/bin/../lib/gcc/arm-none-eabi/15.2.1/../../../../arm-none-eabi/lib/thumb/v7-m/nofp/libc_nano.a(libc_a-init.o)
 .ARM.attributes
                0x00000476       0x2d /private/tmp/tesla-arm-gnu-15.2/arm-gnu-toolchain-15.2.rel1-darwin-arm64-arm-none-eabi/bin/../lib/gcc/arm-none-eabi/15.2.1/../../../../arm-none-eabi/lib/thumb/v7-m/nofp/libc_nano.a(libc_a-lock.o)
 .ARM.attributes
                0x000004a3       0x2d /private/tmp/tesla-arm-gnu-15.2/arm-gnu-toolchain-15.2.rel1-darwin-arm64-arm-none-eabi/bin/../lib/gcc/arm-none-eabi/15.2.1/../../../../arm-none-eabi/lib/thumb/v7-m/nofp/libc_nano.a(libc_a-impure.o)
 .ARM.attributes
                0x000004d0       0x2d /private/tmp/tesla-arm-gnu-15.2/arm-gnu-toolchain-15.2.rel1-darwin-arm64-arm-none-eabi/bin/../lib/gcc/arm-none-eabi/15.2.1/../../../../arm-none-eabi/lib/thumb/v7-m/nofp/libc_nano.a(libc_a-nano-svfprintf.o)
 .ARM.attributes
                0x000004fd       0x2d /private/tmp/tesla-arm-gnu-15.2/arm-gnu-toolchain-15.2.rel1-darwin-arm64-arm-none-eabi/bin/../lib/gcc/arm-none-eabi/15.2.1/../../../../arm-none-eabi/lib/thumb/v7-m/nofp/libc_nano.a(libc_a-mallocr.o)
 .ARM.attributes
                0x0000052a       0x2d /private/tmp/tesla-arm-gnu-15.2/arm-gnu-toolchain-15.2.rel1-darwin-arm64-arm-none-eabi/bin/../lib/gcc/arm-none-eabi/15.2.1/../../../../arm-none-eabi/lib/thumb/v7-m/nofp/libc_nano.a(libc_a-nano-vfprintf_i.o)
 .ARM.attributes
                0x00000557       0x2d /private/tmp/tesla-arm-gnu-15.2/arm-gnu-toolchain-15.2.rel1-darwin-arm64-arm-none-eabi/bin/../lib/gcc/arm-none-eabi/15.2.1/../../../../arm-none-eabi/lib/thumb/v7-m/nofp/libc_nano.a(libc_a-mlock.o)
 .ARM.attributes
                0x00000584       0x2d /private/tmp/tesla-arm-gnu-15.2/arm-gnu-toolchain-15.2.rel1-darwin-arm64-arm-none-eabi/bin/../lib/gcc/arm-none-eabi/15.2.1/../../../../arm-none-eabi/lib/thumb/v7-m/nofp/libc_nano.a(libc_a-reallocr.o)
 .ARM.attributes
                0x000005b1       0x2d /private/tmp/tesla-arm-gnu-15.2/arm-gnu-toolchain-15.2.rel1-darwin-arm64-arm-none-eabi/bin/../lib/gcc/arm-none-eabi/15.2.1/../../../../arm-none-eabi/lib/thumb/v7-m/nofp/libc_nano.a(libc_a-memmove.o)
 .ARM.attributes
                0x000005de       0x2d /private/tmp/tesla-arm-gnu-15.2/arm-gnu-toolchain-15.2.rel1-darwin-arm64-arm-none-eabi/bin/../lib/gcc/arm-none-eabi/15.2.1/../../../../arm-none-eabi/lib/thumb/v7-m/nofp/libc_nano.a(libc_a-sbrkr.o)
 .ARM.attributes
                0x0000060b       0x2d /private/tmp/tesla-arm-gnu-15.2/arm-gnu-toolchain-15.2.rel1-darwin-arm64-arm-none-eabi/bin/../lib/gcc/arm-none-eabi/15.2.1/../../../../arm-none-eabi/lib/thumb/v7-m/nofp/libc_nano.a(libc_a-reent.o)
 .ARM.attributes
                0x00000638       0x2d /private/tmp/tesla-arm-gnu-15.2/arm-gnu-toolchain-15.2.rel1-darwin-arm64-arm-none-eabi/bin/../lib/gcc/arm-none-eabi/15.2.1/../../../../arm-none-eabi/lib/thumb/v7-m/nofp/libc_nano.a(libc_a-memchr-stub.o)
 .ARM.attributes
                0x00000665       0x2d /private/tmp/tesla-arm-gnu-15.2/arm-gnu-toolchain-15.2.rel1-darwin-arm64-arm-none-eabi/bin/../lib/gcc/arm-none-eabi/15.2.1/../../../../arm-none-eabi/lib/thumb/v7-m/nofp/libc_nano.a(libc_a-memcpy-stub.o)
 .ARM.attributes
                0x00000692       0x2d /private/tmp/tesla-arm-gnu-15.2/arm-gnu-toolchain-15.2.rel1-darwin-arm64-arm-none-eabi/bin/../lib/gcc/arm-none-eabi/15.2.1/../../../../arm-none-eabi/lib/thumb/v7-m/nofp/libc_nano.a(libc_a-freer.o)
 .ARM.attributes
                0x000006bf       0x2d /private/tmp/tesla-arm-gnu-15.2/arm-gnu-toolchain-15.2.rel1-darwin-arm64-arm-none-eabi/bin/../lib/gcc/arm-none-eabi/15.2.1/../../../../arm-none-eabi/lib/thumb/v7-m/nofp/libc_nano.a(libc_a-msizer.o)
 .ARM.attributes
                0x000006ec       0x1d /private/tmp/tesla-arm-gnu-15.2/arm-gnu-toolchain-15.2.rel1-darwin-arm64-arm-none-eabi/bin/../lib/gcc/arm-none-eabi/15.2.1/thumb/v7-m/nofp/libgcc.a(_arm_mulsf3.o)
 .ARM.attributes
                0x00000709       0x1d /private/tmp/tesla-arm-gnu-15.2/arm-gnu-toolchain-15.2.rel1-darwin-arm64-arm-none-eabi/bin/../lib/gcc/arm-none-eabi/15.2.1/thumb/v7-m/nofp/libgcc.a(_arm_addsubdf3.o)
 .ARM.attributes
                0x00000726       0x1d /private/tmp/tesla-arm-gnu-15.2/arm-gnu-toolchain-15.2.rel1-darwin-arm64-arm-none-eabi/bin/../lib/gcc/arm-none-eabi/15.2.1/thumb/v7-m/nofp/libgcc.a(_arm_muldivdf3.o)
 .ARM.attributes
                0x00000743       0x1d /private/tmp/tesla-arm-gnu-15.2/arm-gnu-toolchain-15.2.rel1-darwin-arm64-arm-none-eabi/bin/../lib/gcc/arm-none-eabi/15.2.1/thumb/v7-m/nofp/libgcc.a(_arm_fixunsdfsi.o)
 .ARM.attributes
                0x00000760       0x1d /private/tmp/tesla-arm-gnu-15.2/arm-gnu-toolchain-15.2.rel1-darwin-arm64-arm-none-eabi/bin/../lib/gcc/arm-none-eabi/15.2.1/thumb/v7-m/nofp/libgcc.a(_arm_addsubsf3.o)
 .ARM.attributes
                0x0000077d       0x1d /private/tmp/tesla-arm-gnu-15.2/arm-gnu-toolchain-15.2.rel1-darwin-arm64-arm-none-eabi/bin/../lib/gcc/arm-none-eabi/15.2.1/thumb/v7-m/nofp/libgcc.a(_arm_fixunssfsi.o)
 .ARM.attributes
                0x0000079a       0x2d /private/tmp/tesla-arm-gnu-15.2/arm-gnu-toolchain-15.2.rel1-darwin-arm64-arm-none-eabi/bin/../lib/gcc/arm-none-eabi/15.2.1/thumb/v7-m/nofp/crtend.o
 .ARM.attributes
                0x000007c7       0x1d /private/tmp/tesla-arm-gnu-15.2/arm-gnu-toolchain-15.2.rel1-darwin-arm64-arm-none-eabi/bin/../lib/gcc/arm-none-eabi/15.2.1/thumb/v7-m/nofp/crtn.o
OUTPUT(build/tesla_charger.elf elf32-littlearm)
LOAD linker stubs
LOAD /private/tmp/tesla-arm-gnu-15.2/arm-gnu-toolchain-15.2.rel1-darwin-arm64-arm-none-eabi/bin/../lib/gcc/arm-none-eabi/15.2.1/../../../../arm-none-eabi/lib/thumb/v7-m/nofp/libc.a
LOAD /private/tmp/tesla-arm-gnu-15.2/arm-gnu-toolchain-15.2.rel1-darwin-arm64-arm-none-eabi/bin/../lib/gcc/arm-none-eabi/15.2.1/../../../../arm-none-eabi/lib/thumb/v7-m/nofp/libm.a
LOAD /private/tmp/tesla-arm-gnu-15.2/arm-gnu-toolchain-15.2.rel1-darwin-arm64-arm-none-eabi/bin/../lib/gcc/arm-none-eabi/15.2.1/thumb/v7-m/nofp/libgcc.a

.debug_info     0x00000000     0xf450
 .debug_info    0x00000000      0x19a build/Core/Src/fonts.o
 .debug_info    0x0000019a     0x10af build/Core/Src/ili9341.o
 .debug_info    0x00001249     0x2b46 build/Core/Src/main.o
 .debug_info    0x00003d8f      0x3c1 build/Core/Src/pcs_protocol.o
 .debug_info    0x00004150     0x14a9 build/Core/Src/stm32f1xx_hal_msp.o
 .debug_info    0x000055f9      0xa7e build/Core/Src/stm32f1xx_it.o
 .debug_info    0x00006077      0x168 build/Core/Src/sysmem.o
 .debug_info    0x000061df      0x222 build/Core/Src/system_stm32f1xx.o
 .debug_info    0x00006401      0x704 build/Drivers/STM32F1xx_HAL_Driver/Src/stm32f1xx_hal.o
 .debug_info    0x00006b05      0xc50 build/Drivers/STM32F1xx_HAL_Driver/Src/stm32f1xx_hal_adc.o
 .debug_info    0x00007755      0xf13 build/Drivers/STM32F1xx_HAL_Driver/Src/stm32f1xx_hal_can.o
 .debug_info    0x00008668      0xa87 build/Drivers/STM32F1xx_HAL_Driver/Src/stm32f1xx_hal_cortex.o
 .debug_info    0x000090ef      0x5ab build/Drivers/STM32F1xx_HAL_Driver/Src/stm32f1xx_hal_gpio.o
 .debug_info    0x0000969a      0x7d5 build/Drivers/STM32F1xx_HAL_Driver/Src/stm32f1xx_hal_rcc.o
 .debug_info    0x00009e6f      0x3c0 build/Drivers/STM32F1xx_HAL_Driver/Src/stm32f1xx_hal_rcc_ex.o
 .debug_info    0x0000a22f     0x142d build/Drivers/STM32F1xx_HAL_Driver/Src/stm32f1xx_hal_spi.o
 .debug_info    0x0000b65c     0x2959 build/Drivers/STM32F1xx_HAL_Driver/Src/stm32f1xx_hal_tim.o
 .debug_info    0x0000dfb5     0x149b build/Drivers/STM32F1xx_HAL_Driver/Src/stm32f1xx_hal_tim_ex.o

.debug_abbrev   0x00000000     0x25c4
 .debug_abbrev  0x00000000       0xb3 build/Core/Src/fonts.o
 .debug_abbrev  0x000000b3      0x2dc build/Core/Src/ili9341.o
 .debug_abbrev  0x0000038f      0x438 build/Core/Src/main.o
 .debug_abbrev  0x000007c7      0x103 build/Core/Src/pcs_protocol.o
 .debug_abbrev  0x000008ca      0x262 build/Core/Src/stm32f1xx_hal_msp.o
 .debug_abbrev  0x00000b2c      0x1eb build/Core/Src/stm32f1xx_it.o
 .debug_abbrev  0x00000d17       0xbc build/Core/Src/sysmem.o
 .debug_abbrev  0x00000dd3      0x13f build/Core/Src/system_stm32f1xx.o
 .debug_abbrev  0x00000f12      0x201 build/Drivers/STM32F1xx_HAL_Driver/Src/stm32f1xx_hal.o
 .debug_abbrev  0x00001113      0x225 build/Drivers/STM32F1xx_HAL_Driver/Src/stm32f1xx_hal_adc.o
 .debug_abbrev  0x00001338      0x21c build/Drivers/STM32F1xx_HAL_Driver/Src/stm32f1xx_hal_can.o
 .debug_abbrev  0x00001554      0x2f8 build/Drivers/STM32F1xx_HAL_Driver/Src/stm32f1xx_hal_cortex.o
 .debug_abbrev  0x0000184c      0x1ca build/Drivers/STM32F1xx_HAL_Driver/Src/stm32f1xx_hal_gpio.o
 .debug_abbrev  0x00001a16      0x2b3 build/Drivers/STM32F1xx_HAL_Driver/Src/stm32f1xx_hal_rcc.o
 .debug_abbrev  0x00001cc9      0x188 build/Drivers/STM32F1xx_HAL_Driver/Src/stm32f1xx_hal_rcc_ex.o
 .debug_abbrev  0x00001e51      0x27a build/Drivers/STM32F1xx_HAL_Driver/Src/stm32f1xx_hal_spi.o
 .debug_abbrev  0x000020cb      0x277 build/Drivers/STM32F1xx_HAL_Driver/Src/stm32f1xx_hal_tim.o
 .debug_abbrev  0x00002342      0x282 build/Drivers/STM32F1xx_HAL_Driver/Src/stm32f1xx_hal_tim_ex.o

.debug_aranges  0x00000000      0xf78
 .debug_aranges
                0x00000000       0x18 build/Core/Src/fonts.o
 .debug_aranges
                0x00000018       0xc8 build/Core/Src/ili9341.o
 .debug_aranges
                0x000000e0       0xf0 build/Core/Src/main.o
 .debug_aranges
                0x000001d0       0x58 build/Core/Src/pcs_protocol.o
 .debug_aranges
                0x00000228       0x68 build/Core/Src/stm32f1xx_hal_msp.o
 .debug_aranges
                0x00000290       0x78 build/Core/Src/stm32f1xx_it.o
 .debug_aranges
                0x00000308       0x20 build/Core/Src/sysmem.o
 .debug_aranges
                0x00000328       0x28 build/Core/Src/system_stm32f1xx.o
 .debug_aranges
                0x00000350       0xe0 build/Drivers/STM32F1xx_HAL_Driver/Src/stm32f1xx_hal.o
 .debug_aranges
                0x00000430       0xf0 build/Drivers/STM32F1xx_HAL_Driver/Src/stm32f1xx_hal_adc.o
 .debug_aranges
                0x00000520      0x138 build/Drivers/STM32F1xx_HAL_Driver/Src/stm32f1xx_hal_can.o
 .debug_aranges
                0x00000658      0x100 build/Drivers/STM32F1xx_HAL_Driver/Src/stm32f1xx_hal_cortex.o
 .debug_aranges
                0x00000758       0x58 build/Drivers/STM32F1xx_HAL_Driver/Src/stm32f1xx_hal_gpio.o
 .debug_aranges
                0x000007b0       0x90 build/Drivers/STM32F1xx_HAL_Driver/Src/stm32f1xx_hal_rcc.o
 .debug_aranges
                0x00000840       0x30 build/Drivers/STM32F1xx_HAL_Driver/Src/stm32f1xx_hal_rcc_ex.o
 .debug_aranges
                0x00000870      0x1d0 build/Drivers/STM32F1xx_HAL_Driver/Src/stm32f1xx_hal_spi.o
 .debug_aranges
                0x00000a40      0x3d0 build/Drivers/STM32F1xx_HAL_Driver/Src/stm32f1xx_hal_tim.o
 .debug_aranges
                0x00000e10      0x168 build/Drivers/STM32F1xx_HAL_Driver/Src/stm32f1xx_hal_tim_ex.o

.debug_macro    0x00000000    0x18eed
 .debug_macro   0x00000000       0x6d build/Core/Src/fonts.o
 .debug_macro   0x0000006d      0xade build/Core/Src/fonts.o
 .debug_macro   0x00000b4b       0x22 build/Core/Src/fonts.o
 .debug_macro   0x00000b6d       0x8e build/Core/Src/fonts.o
 .debug_macro   0x00000bfb       0x51 build/Core/Src/fonts.o
 .debug_macro   0x00000c4c      0x103 build/Core/Src/fonts.o
 .debug_macro   0x00000d4f       0x6a build/Core/Src/fonts.o
 .debug_macro   0x00000db9      0x1df build/Core/Src/fonts.o
 .debug_macro   0x00000f98      0x2e0 build/Core/Src/ili9341.o
 .debug_macro   0x00001278      0x227 build/Core/Src/ili9341.o
 .debug_macro   0x0000149f       0x2e build/Core/Src/ili9341.o
 .debug_macro   0x000014cd       0x22 build/Core/Src/ili9341.o
 .debug_macro   0x000014ef       0x1c build/Core/Src/ili9341.o
 .debug_macro   0x0000150b       0x22 build/Core/Src/ili9341.o
 .debug_macro   0x0000152d       0xbd build/Core/Src/ili9341.o
 .debug_macro   0x000015ea      0xd23 build/Core/Src/ili9341.o
 .debug_macro   0x0000230d     0xe09e build/Core/Src/ili9341.o
 .debug_macro   0x000103ab       0x6d build/Core/Src/ili9341.o
 .debug_macro   0x00010418     0x34a2 build/Core/Src/ili9341.o
 .debug_macro   0x000138ba      0x190 build/Core/Src/ili9341.o
 .debug_macro   0x00013a4a       0x5c build/Core/Src/ili9341.o
 .debug_macro   0x00013aa6      0x5bc build/Core/Src/ili9341.o
 .debug_macro   0x00014062      0x289 build/Core/Src/ili9341.o
 .debug_macro   0x000142eb      0x1cb build/Core/Src/ili9341.o
 .debug_macro   0x000144b6      0x114 build/Core/Src/ili9341.o
 .debug_macro   0x000145ca      0x1b2 build/Core/Src/ili9341.o
 .debug_macro   0x0001477c       0x27 build/Core/Src/ili9341.o
 .debug_macro   0x000147a3      0x136 build/Core/Src/ili9341.o
 .debug_macro   0x000148d9      0x1bc build/Core/Src/ili9341.o
 .debug_macro   0x00014a95       0x34 build/Core/Src/ili9341.o
 .debug_macro   0x00014ac9       0x3c build/Core/Src/ili9341.o
 .debug_macro   0x00014b05      0x408 build/Core/Src/ili9341.o
 .debug_macro   0x00014f0d       0x57 build/Core/Src/ili9341.o
 .debug_macro   0x00014f64      0x46a build/Core/Src/ili9341.o
 .debug_macro   0x000153ce      0x1b5 build/Core/Src/ili9341.o
 .debug_macro   0x00015583       0x87 build/Core/Src/ili9341.o
 .debug_macro   0x0001560a      0x240 build/Core/Src/ili9341.o
 .debug_macro   0x0001584a      0x140 build/Core/Src/ili9341.o
 .debug_macro   0x0001598a      0x217 build/Core/Src/ili9341.o
 .debug_macro   0x00015ba1      0x8ed build/Core/Src/ili9341.o
 .debug_macro   0x0001648e       0x83 build/Core/Src/ili9341.o
 .debug_macro   0x00016511       0x22 build/Core/Src/ili9341.o
 .debug_macro   0x00016533       0xa0 build/Core/Src/ili9341.o
 .debug_macro   0x000165d3       0x7b build/Core/Src/ili9341.o
 .debug_macro   0x0001664e       0x24 build/Core/Src/ili9341.o
 .debug_macro   0x00016672       0x3c build/Core/Src/ili9341.o
 .debug_macro   0x000166ae       0x34 build/Core/Src/ili9341.o
 .debug_macro   0x000166e2       0x16 build/Core/Src/ili9341.o
 .debug_macro   0x000166f8       0x3c build/Core/Src/ili9341.o
 .debug_macro   0x00016734      0x364 build/Core/Src/ili9341.o
 .debug_macro   0x00016a98       0x10 build/Core/Src/ili9341.o
 .debug_macro   0x00016aa8       0x16 build/Core/Src/ili9341.o
 .debug_macro   0x00016abe       0x4a build/Core/Src/ili9341.o
 .debug_macro   0x00016b08       0x34 build/Core/Src/ili9341.o
 .debug_macro   0x00016b3c       0x10 build/Core/Src/ili9341.o
 .debug_macro   0x00016b4c       0x58 build/Core/Src/ili9341.o
 .debug_macro   0x00016ba4      0x1e5 build/Core/Src/ili9341.o
 .debug_macro   0x00016d89       0x16 build/Core/Src/ili9341.o
 .debug_macro   0x00016d9f       0x16 build/Core/Src/ili9341.o
 .debug_macro   0x00016db5      0x170 build/Core/Src/ili9341.o
 .debug_macro   0x00016f25       0x16 build/Core/Src/ili9341.o
 .debug_macro   0x00016f3b       0x16 build/Core/Src/ili9341.o
 .debug_macro   0x00016f51       0x29 build/Core/Src/ili9341.o
 .debug_macro   0x00016f7a      0x263 build/Core/Src/main.o
 .debug_macro   0x000171dd      0x124 build/Core/Src/main.o
 .debug_macro   0x00017301       0x70 build/Core/Src/main.o
 .debug_macro   0x00017371       0x76 build/Core/Src/pcs_protocol.o
 .debug_macro   0x000173e7      0x1d0 build/Core/Src/stm32f1xx_hal_msp.o
 .debug_macro   0x000175b7      0x1da build/Core/Src/stm32f1xx_it.o
 .debug_macro   0x00017791       0xff build/Core/Src/sysmem.o
 .debug_macro   0x00017890      0x23c build/Core/Src/sysmem.o
 .debug_macro   0x00017acc      0x1c1 build/Core/Src/system_stm32f1xx.o
 .debug_macro   0x00017c8d      0x1e5 build/Drivers/STM32F1xx_HAL_Driver/Src/stm32f1xx_hal.o
 .debug_macro   0x00017e72      0x1de build/Drivers/STM32F1xx_HAL_Driver/Src/stm32f1xx_hal_adc.o
 .debug_macro   0x00018050      0x1d0 build/Drivers/STM32F1xx_HAL_Driver/Src/stm32f1xx_hal_can.o
 .debug_macro   0x00018220      0x1c1 build/Drivers/STM32F1xx_HAL_Driver/Src/stm32f1xx_hal_cortex.o
 .debug_macro   0x000183e1      0x22c build/Drivers/STM32F1xx_HAL_Driver/Src/stm32f1xx_hal_gpio.o
 .debug_macro   0x0001860d      0x1d3 build/Drivers/STM32F1xx_HAL_Driver/Src/stm32f1xx_hal_rcc.o
 .debug_macro   0x000187e0      0x1c1 build/Drivers/STM32F1xx_HAL_Driver/Src/stm32f1xx_hal_rcc_ex.o
 .debug_macro   0x000189a1      0x1c9 build/Drivers/STM32F1xx_HAL_Driver/Src/stm32f1xx_hal_spi.o
 .debug_macro   0x00018b6a      0x1c2 build/Drivers/STM32F1xx_HAL_Driver/Src/stm32f1xx_hal_tim.o
 .debug_macro   0x00018d2c      0x1c1 build/Drivers/STM32F1xx_HAL_Driver/Src/stm32f1xx_hal_tim_ex.o

.debug_line     0x00000000     0xf739
 .debug_line    0x00000000      0x27d build/Core/Src/fonts.o
 .debug_line    0x0000027d      0xc0f build/Core/Src/ili9341.o
 .debug_line    0x00000e8c     0x183e build/Core/Src/main.o
 .debug_line    0x000026ca      0x53d build/Core/Src/pcs_protocol.o
 .debug_line    0x00002c07      0x71c build/Core/Src/stm32f1xx_hal_msp.o
 .debug_line    0x00003323      0x6a1 build/Core/Src/stm32f1xx_it.o
 .debug_line    0x000039c4      0x336 build/Core/Src/sysmem.o
 .debug_line    0x00003cfa      0x629 build/Core/Src/system_stm32f1xx.o
 .debug_line    0x00004323      0x85d build/Drivers/STM32F1xx_HAL_Driver/Src/stm32f1xx_hal.o
 .debug_line    0x00004b80      0xe7f build/Drivers/STM32F1xx_HAL_Driver/Src/stm32f1xx_hal_adc.o
 .debug_line    0x000059ff     0x1053 build/Drivers/STM32F1xx_HAL_Driver/Src/stm32f1xx_hal_can.o
 .debug_line    0x00006a52      0xa36 build/Drivers/STM32F1xx_HAL_Driver/Src/stm32f1xx_hal_cortex.o
 .debug_line    0x00007488      0x893 build/Drivers/STM32F1xx_HAL_Driver/Src/stm32f1xx_hal_gpio.o
 .debug_line    0x00007d1b      0xd13 build/Drivers/STM32F1xx_HAL_Driver/Src/stm32f1xx_hal_rcc.o
 .debug_line    0x00008a2e      0x7c4 build/Drivers/STM32F1xx_HAL_Driver/Src/stm32f1xx_hal_rcc_ex.o
 .debug_line    0x000091f2     0x1af1 build/Drivers/STM32F1xx_HAL_Driver/Src/stm32f1xx_hal_spi.o
 .debug_line    0x0000ace3     0x335d build/Drivers/STM32F1xx_HAL_Driver/Src/stm32f1xx_hal_tim.o
 .debug_line    0x0000e040     0x16f9 build/Drivers/STM32F1xx_HAL_Driver/Src/stm32f1xx_hal_tim_ex.o

.debug_str      0x00000000    0x9274c
 .debug_str     0x00000000    0x9274c build/Core/Src/fonts.o
                               0x3de9 (size before relaxing)
 .debug_str     0x0009274c        0x0 build/Core/Src/ili9341.o
                              0x8d6e1 (size before relaxing)
 .debug_str     0x0009274c        0x0 build/Core/Src/main.o
                              0x8c42f (size before relaxing)
 .debug_str     0x0009274c        0x0 build/Core/Src/pcs_protocol.o
                               0x3fd7 (size before relaxing)
 .debug_str     0x0009274c        0x0 build/Core/Src/stm32f1xx_hal_msp.o
                              0x8ae1f (size before relaxing)
 .debug_str     0x0009274c        0x0 build/Core/Src/stm32f1xx_it.o
                              0x8a77b (size before relaxing)
 .debug_str     0x0009274c        0x0 build/Core/Src/sysmem.o
                               0x70e9 (size before relaxing)
 .debug_str     0x0009274c        0x0 build/Core/Src/system_stm32f1xx.o
                              0x89b37 (size before relaxing)
 .debug_str     0x0009274c        0x0 build/Drivers/STM32F1xx_HAL_Driver/Src/stm32f1xx_hal.o
                              0x8a26a (size before relaxing)
 .debug_str     0x0009274c        0x0 build/Drivers/STM32F1xx_HAL_Driver/Src/stm32f1xx_hal_adc.o
                              0x8a21b (size before relaxing)
 .debug_str     0x0009274c        0x0 build/Drivers/STM32F1xx_HAL_Driver/Src/stm32f1xx_hal_can.o
                              0x8a33f (size before relaxing)
 .debug_str     0x0009274c        0x0 build/Drivers/STM32F1xx_HAL_Driver/Src/stm32f1xx_hal_cortex.o
                              0x8a1b6 (size before relaxing)
 .debug_str     0x0009274c        0x0 build/Drivers/STM32F1xx_HAL_Driver/Src/stm32f1xx_hal_gpio.o
                              0x89ebd (size before relaxing)
 .debug_str     0x0009274c        0x0 build/Drivers/STM32F1xx_HAL_Driver/Src/stm32f1xx_hal_rcc.o
                              0x89f66 (size before relaxing)
 .debug_str     0x0009274c        0x0 build/Drivers/STM32F1xx_HAL_Driver/Src/stm32f1xx_hal_rcc_ex.o
                              0x89cb6 (size before relaxing)
 .debug_str     0x0009274c        0x0 build/Drivers/STM32F1xx_HAL_Driver/Src/stm32f1xx_hal_spi.o
                              0x8a45d (size before relaxing)
 .debug_str     0x0009274c        0x0 build/Drivers/STM32F1xx_HAL_Driver/Src/stm32f1xx_hal_tim.o
                              0x8af68 (size before relaxing)
 .debug_str     0x0009274c        0x0 build/Drivers/STM32F1xx_HAL_Driver/Src/stm32f1xx_hal_tim_ex.o
                              0x8a774 (size before relaxing)

.comment        0x00000000       0x45
 .comment       0x00000000       0x45 build/Core/Src/fonts.o
                                 0x46 (size before relaxing)
 .comment       0x00000045        0x0 build/Core/Src/ili9341.o
                                 0x46 (size before relaxing)
 .comment       0x00000045        0x0 build/Core/Src/main.o
                                 0x46 (size before relaxing)
 .comment       0x00000045        0x0 build/Core/Src/pcs_protocol.o
                                 0x46 (size before relaxing)
 .comment       0x00000045        0x0 build/Core/Src/stm32f1xx_hal_msp.o
                                 0x46 (size before relaxing)
 .comment       0x00000045        0x0 build/Core/Src/stm32f1xx_it.o
                                 0x46 (size before relaxing)
 .comment       0x00000045        0x0 build/Core/Src/sysmem.o
                                 0x46 (size before relaxing)
 .comment       0x00000045        0x0 build/Core/Src/system_stm32f1xx.o
                                 0x46 (size before relaxing)
 .comment       0x00000045        0x0 build/Drivers/STM32F1xx_HAL_Driver/Src/stm32f1xx_hal.o
                                 0x46 (size before relaxing)
 .comment       0x00000045        0x0 build/Drivers/STM32F1xx_HAL_Driver/Src/stm32f1xx_hal_adc.o
                                 0x46 (size before relaxing)
 .comment       0x00000045        0x0 build/Drivers/STM32F1xx_HAL_Driver/Src/stm32f1xx_hal_can.o
                                 0x46 (size before relaxing)
 .comment       0x00000045        0x0 build/Drivers/STM32F1xx_HAL_Driver/Src/stm32f1xx_hal_cortex.o
                                 0x46 (size before relaxing)
 .comment       0x00000045        0x0 build/Drivers/STM32F1xx_HAL_Driver/Src/stm32f1xx_hal_gpio.o
                                 0x46 (size before relaxing)
 .comment       0x00000045        0x0 build/Drivers/STM32F1xx_HAL_Driver/Src/stm32f1xx_hal_rcc.o
                                 0x46 (size before relaxing)
 .comment       0x00000045        0x0 build/Drivers/STM32F1xx_HAL_Driver/Src/stm32f1xx_hal_rcc_ex.o
                                 0x46 (size before relaxing)
 .comment       0x00000045        0x0 build/Drivers/STM32F1xx_HAL_Driver/Src/stm32f1xx_hal_spi.o
                                 0x46 (size before relaxing)
 .comment       0x00000045        0x0 build/Drivers/STM32F1xx_HAL_Driver/Src/stm32f1xx_hal_tim.o
                                 0x46 (size before relaxing)
 .comment       0x00000045        0x0 build/Drivers/STM32F1xx_HAL_Driver/Src/stm32f1xx_hal_tim_ex.o
                                 0x46 (size before relaxing)

.debug_rnglists
                0x00000000      0xbf7
 .debug_rnglists
                0x00000000       0x9a build/Core/Src/ili9341.o
 .debug_rnglists
                0x0000009a       0xd1 build/Core/Src/main.o
 .debug_rnglists
                0x0000016b       0x40 build/Core/Src/pcs_protocol.o
 .debug_rnglists
                0x000001ab       0x4b build/Core/Src/stm32f1xx_hal_msp.o
 .debug_rnglists
                0x000001f6       0x55 build/Core/Src/stm32f1xx_it.o
 .debug_rnglists
                0x0000024b       0x13 build/Core/Src/sysmem.o
 .debug_rnglists
                0x0000025e       0x1a build/Core/Src/system_stm32f1xx.o
 .debug_rnglists
                0x00000278       0xa3 build/Drivers/STM32F1xx_HAL_Driver/Src/stm32f1xx_hal.o
 .debug_rnglists
                0x0000031b       0xbc build/Drivers/STM32F1xx_HAL_Driver/Src/stm32f1xx_hal_adc.o
 .debug_rnglists
                0x000003d7       0xed build/Drivers/STM32F1xx_HAL_Driver/Src/stm32f1xx_hal_can.o
 .debug_rnglists
                0x000004c4       0xbb build/Drivers/STM32F1xx_HAL_Driver/Src/stm32f1xx_hal_cortex.o
 .debug_rnglists
                0x0000057f       0x3f build/Drivers/STM32F1xx_HAL_Driver/Src/stm32f1xx_hal_gpio.o
 .debug_rnglists
                0x000005be       0x6c build/Drivers/STM32F1xx_HAL_Driver/Src/stm32f1xx_hal_rcc.o
 .debug_rnglists
                0x0000062a       0x21 build/Drivers/STM32F1xx_HAL_Driver/Src/stm32f1xx_hal_rcc_ex.o
 .debug_rnglists
                0x0000064b      0x16e build/Drivers/STM32F1xx_HAL_Driver/Src/stm32f1xx_hal_spi.o
 .debug_rnglists
                0x000007b9      0x319 build/Drivers/STM32F1xx_HAL_Driver/Src/stm32f1xx_hal_tim.o
 .debug_rnglists
                0x00000ad2      0x125 build/Drivers/STM32F1xx_HAL_Driver/Src/stm32f1xx_hal_tim_ex.o

.debug_frame    0x00000000     0x4844
 .debug_frame   0x00000000      0x360 build/Core/Src/ili9341.o
 .debug_frame   0x00000360      0x3cc build/Core/Src/main.o
 .debug_frame   0x0000072c      0x14c build/Core/Src/pcs_protocol.o
 .debug_frame   0x00000878      0x17c build/Core/Src/stm32f1xx_hal_msp.o
 .debug_frame   0x000009f4      0x158 build/Core/Src/stm32f1xx_it.o
 .debug_frame   0x00000b4c       0x34 build/Core/Src/sysmem.o
 .debug_frame   0x00000b80       0x58 build/Core/Src/system_stm32f1xx.o
 .debug_frame   0x00000bd8      0x334 build/Drivers/STM32F1xx_HAL_Driver/Src/stm32f1xx_hal.o
 .debug_frame   0x00000f0c      0x40c build/Drivers/STM32F1xx_HAL_Driver/Src/stm32f1xx_hal_adc.o
 .debug_frame   0x00001318      0x5a0 build/Drivers/STM32F1xx_HAL_Driver/Src/stm32f1xx_hal_can.o
 .debug_frame   0x000018b8      0x428 build/Drivers/STM32F1xx_HAL_Driver/Src/stm32f1xx_hal_cortex.o
 .debug_frame   0x00001ce0      0x14c build/Drivers/STM32F1xx_HAL_Driver/Src/stm32f1xx_hal_gpio.o
 .debug_frame   0x00001e2c      0x218 build/Drivers/STM32F1xx_HAL_Driver/Src/stm32f1xx_hal_rcc.o
 .debug_frame   0x00002044       0x80 build/Drivers/STM32F1xx_HAL_Driver/Src/stm32f1xx_hal_rcc_ex.o
 .debug_frame   0x000020c4      0x824 build/Drivers/STM32F1xx_HAL_Driver/Src/stm32f1xx_hal_spi.o
 .debug_frame   0x000028e8     0x11b4 build/Drivers/STM32F1xx_HAL_Driver/Src/stm32f1xx_hal_tim.o
 .debug_frame   0x00003a9c      0x638 build/Drivers/STM32F1xx_HAL_Driver/Src/stm32f1xx_hal_tim_ex.o
 .debug_frame   0x000040d4       0x7c /private/tmp/tesla-arm-gnu-15.2/arm-gnu-toolchain-15.2.rel1-darwin-arm64-arm-none-eabi/bin/../lib/gcc/arm-none-eabi/15.2.1/../../../../arm-none-eabi/lib/thumb/v7-m/nofp/libc_nano.a(libc_a-snprintf.o)
 .debug_frame   0x00004150      0x144 /private/tmp/tesla-arm-gnu-15.2/arm-gnu-toolchain-15.2.rel1-darwin-arm64-arm-none-eabi/bin/../lib/gcc/arm-none-eabi/15.2.1/../../../../arm-none-eabi/lib/thumb/v7-m/nofp/libc_nano.a(libc_a-findfp.o)
 .debug_frame   0x00004294       0x20 /private/tmp/tesla-arm-gnu-15.2/arm-gnu-toolchain-15.2.rel1-darwin-arm64-arm-none-eabi/bin/../lib/gcc/arm-none-eabi/15.2.1/../../../../arm-none-eabi/lib/thumb/v7-m/nofp/libc_nano.a(libc_a-memset.o)
 .debug_frame   0x000042b4       0x20 /private/tmp/tesla-arm-gnu-15.2/arm-gnu-toolchain-15.2.rel1-darwin-arm64-arm-none-eabi/bin/../lib/gcc/arm-none-eabi/15.2.1/../../../../arm-none-eabi/lib/thumb/v7-m/nofp/libc_nano.a(libc_a-errno.o)