Archive member included to satisfy reference by file (symbol)

/private/tmp/arm-toolchain.EK5PgI/pkg/Payload/bin/../lib/gcc/arm-none-eabi/15.3.1/../../../../arm-none-eabi/lib/thumb/v7-m/nofp/libc_nano.a(libc_a-exit.o)
                              /private/tmp/arm-toolchain.EK5PgI/pkg/Payload/bin/../lib/gcc/arm-none-eabi/15.3.1/../../../../arm-none-eabi/lib/thumb/v7-m/nofp/crt0.o (exit)
/private/tmp/arm-toolchain.EK5PgI/pkg/Payload/bin/../lib/gcc/arm-none-eabi/15.3.1/../../../../arm-none-eabi/lib/thumb/v7-m/nofp/libc_nano.a(libc_a-snprintf.o)
                              build/Core/Src/ili9341.o (snprintf)
/private/tmp/arm-toolchain.EK5PgI/pkg/Payload/bin/../lib/gcc/arm-none-eabi/15.3.1/../../../../arm-none-eabi/lib/thumb/v7-m/nofp/libc_nano.a(libc_a-findfp.o)
                              /private/tmp/arm-toolchain.EK5PgI/pkg/Payload/bin/../lib/gcc/arm-none-eabi/15.3.1/../../../../arm-none-eabi/lib/thumb/v7-m/nofp/libc_nano.a(libc_a-exit.o) (__stdio_exit_handler)
/private/tmp/arm-toolchain.EK5PgI/pkg/Payload/bin/../lib/gcc/arm-none-eabi/15.3.1/../../../../arm-none-eabi/lib/thumb/v7-m/nofp/libc_nano.a(libc_a-fwalk.o)
                              /private/tmp/arm-toolchain.EK5PgI/pkg/Payload/bin/../lib/gcc/arm-none-eabi/15.3.1/../../../../arm-none-eabi/lib/thumb/v7-m/nofp/libc_nano.a(libc_a-findfp.o) (_fwalk_sglue)
/private/tmp/arm-toolchain.EK5PgI/pkg/Payload/bin/../lib/gcc/arm-none-eabi/15.3.1/../../../../arm-none-eabi/lib/thumb/v7-m/nofp/libc_nano.a(libc_a-memset.o)
                              /private/tmp/arm-toolchain.EK5PgI/pkg/Payload/bin/../lib/gcc/arm-none-eabi/15.3.1/../../../../arm-none-eabi/lib/thumb/v7-m/nofp/crt0.o (memset)
/private/tmp/arm-toolchain.EK5PgI/pkg/Payload/bin/../lib/gcc/arm-none-eabi/15.3.1/../../../../arm-none-eabi/lib/thumb/v7-m/nofp/libc_nano.a(libc_a-errno.o)
                              build/Core/Src/syscalls.o (__errno)
/private/tmp/arm-toolchain.EK5PgI/pkg/Payload/bin/../lib/gcc/arm-none-eabi/15.3.1/../../../../arm-none-eabi/lib/thumb/v7-m/nofp/libc_nano.a(libc_a-init.o)
                              /private/tmp/arm-toolchain.EK5PgI/pkg/Payload/bin/../lib/gcc/arm-none-eabi/15.3.1/../../../../arm-none-eabi/lib/thumb/v7-m/nofp/crt0.o (__libc_init_array)
/private/tmp/arm-toolchain.EK5PgI/pkg/Payload/bin/../lib/gcc/arm-none-eabi/15.3.1/../../../../arm-none-eabi/lib/thumb/v7-m/nofp/libc_nano.a(libc_a-lock.o)
                              /private/tmp/arm-toolchain.EK5PgI/pkg/Payload/bin/../lib/gcc/arm-none-eabi/15.3.1/../../../../arm-none-eabi/lib/thumb/v7-m/nofp/libc_nano.a(libc_a-findfp.o) (__retarget_lock_init_recursive)
/private/tmp/arm-toolchain.EK5PgI/pkg/Payload/bin/../lib/gcc/arm-none-eabi/15.3.1/../../../../arm-none-eabi/lib/thumb/v7-m/nofp/libc_nano.a(libc_a-impure.o)
                              /private/tmp/arm-toolchain.EK5PgI/pkg/Payload/bin/../lib/gcc/arm-none-eabi/15.3.1/../../../../arm-none-eabi/lib/thumb/v7-m/nofp/libc_nano.a(libc_a-snprintf.o) (_impure_ptr)
/private/tmp/arm-toolchain.EK5PgI/pkg/Payload/bin/../lib/gcc/arm-none-eabi/15.3.1/../../../../arm-none-eabi/lib/thumb/v7-m/nofp/libc_nano.a(libc_a-nano-svfprintf.o)
                              /private/tmp/arm-toolchain.EK5PgI/pkg/Payload/bin/../lib/gcc/arm-none-eabi/15.3.1/../../../../arm-none-eabi/lib/thumb/v7-m/nofp/libc_nano.a(libc_a-snprintf.o) (_svfprintf_r)
/private/tmp/arm-toolchain.EK5PgI/pkg/Payload/bin/../lib/gcc/arm-none-eabi/15.3.1/../../../../arm-none-eabi/lib/thumb/v7-m/nofp/libc_nano.a(libc_a-mallocr.o)
                              /private/tmp/arm-toolchain.EK5PgI/pkg/Payload/bin/../lib/gcc/arm-none-eabi/15.3.1/../../../../arm-none-eabi/lib/thumb/v7-m/nofp/libc_nano.a(libc_a-findfp.o) (_malloc_r)
/private/tmp/arm-toolchain.EK5PgI/pkg/Payload/bin/../lib/gcc/arm-none-eabi/15.3.1/../../../../arm-none-eabi/lib/thumb/v7-m/nofp/libc_nano.a(libc_a-nano-vfprintf_i.o)
                              /private/tmp/arm-toolchain.EK5PgI/pkg/Payload/bin/../lib/gcc/arm-none-eabi/15.3.1/../../../../arm-none-eabi/lib/thumb/v7-m/nofp/libc_nano.a(libc_a-nano-svfprintf.o) (_printf_i)
/private/tmp/arm-toolchain.EK5PgI/pkg/Payload/bin/../lib/gcc/arm-none-eabi/15.3.1/../../../../arm-none-eabi/lib/thumb/v7-m/nofp/libc_nano.a(libc_a-mlock.o)
                              /private/tmp/arm-toolchain.EK5PgI/pkg/Payload/bin/../lib/gcc/arm-none-eabi/15.3.1/../../../../arm-none-eabi/lib/thumb/v7-m/nofp/libc_nano.a(libc_a-mallocr.o) (__malloc_lock)
/private/tmp/arm-toolchain.EK5PgI/pkg/Payload/bin/../lib/gcc/arm-none-eabi/15.3.1/../../../../arm-none-eabi/lib/thumb/v7-m/nofp/libc_nano.a(libc_a-stdio.o)
                              /private/tmp/arm-toolchain.EK5PgI/pkg/Payload/bin/../lib/gcc/arm-none-eabi/15.3.1/../../../../arm-none-eabi/lib/thumb/v7-m/nofp/libc_nano.a(libc_a-findfp.o) (__sread)
/private/tmp/arm-toolchain.EK5PgI/pkg/Payload/bin/../lib/gcc/arm-none-eabi/15.3.1/../../../../arm-none-eabi/lib/thumb/v7-m/nofp/libc_nano.a(libc_a-fflush.o)
[...]
Memory Configuration

Name             Origin             Length             Attributes
RAM              0x20000000         0x00005000         xrw
FLASH            0x08000000         0x00010000         xr
*default*        0x00000000         0xffffffff

Linker script and memory map

LOAD /private/tmp/arm-toolchain.EK5PgI/pkg/Payload/bin/../lib/gcc/arm-none-eabi/15.3.1/thumb/v7-m/nofp/crti.o
LOAD /private/tmp/arm-toolchain.EK5PgI/pkg/Payload/bin/../lib/gcc/arm-none-eabi/15.3.1/thumb/v7-m/nofp/crtbegin.o
LOAD /private/tmp/arm-toolchain.EK5PgI/pkg/Payload/bin/../lib/gcc/arm-none-eabi/15.3.1/../../../../arm-none-eabi/lib/thumb/v7-m/nofp/crt0.o
LOAD build/Core/Src/fonts.o
LOAD build/Core/Src/ili9341.o
LOAD build/Core/Src/main.o
LOAD build/Core/Src/pcs_protocol.o
LOAD build/Core/Src/stm32f1xx_hal_msp.o
LOAD build/Core/Src/stm32f1xx_it.o
LOAD build/Core/Src/syscalls.o
LOAD build/Core/Src/sysmem.o
LOAD build/Core/Src/system_stm32f1xx.o
LOAD build/Drivers/STM32F1xx_HAL_Driver/Src/stm32f1xx_hal.o
LOAD build/Drivers/STM32F1xx_HAL_Driver/Src/stm32f1xx_hal_adc.o
LOAD build/Drivers/STM32F1xx_HAL_Driver/Src/stm32f1xx_hal_adc_ex.o
LOAD build/Drivers/STM32F1xx_HAL_Driver/Src/stm32f1xx_hal_can.o
LOAD build/Drivers/STM32F1xx_HAL_Driver/Src/stm32f1xx_hal_cortex.o
LOAD build/Drivers/STM32F1xx_HAL_Driver/Src/stm32f1xx_hal_dma.o
LOAD build/Drivers/STM32F1xx_HAL_Driver/Src/stm32f1xx_hal_exti.o
LOAD build/Drivers/STM32F1xx_HAL_Driver/Src/stm32f1xx_hal_flash.o
LOAD build/Drivers/STM32F1xx_HAL_Driver/Src/stm32f1xx_hal_flash_ex.o
LOAD build/Drivers/STM32F1xx_HAL_Driver/Src/stm32f1xx_hal_gpio.o
LOAD build/Drivers/STM32F1xx_HAL_Driver/Src/stm32f1xx_hal_gpio_ex.o
LOAD build/Drivers/STM32F1xx_HAL_Driver/Src/stm32f1xx_hal_pwr.o
LOAD build/Drivers/STM32F1xx_HAL_Driver/Src/stm32f1xx_hal_rcc.o
LOAD build/Drivers/STM32F1xx_HAL_Driver/Src/stm32f1xx_hal_rcc_ex.o
LOAD build/Drivers/STM32F1xx_HAL_Driver/Src/stm32f1xx_hal_spi.o
LOAD build/Drivers/STM32F1xx_HAL_Driver/Src/stm32f1xx_hal_tim.o
LOAD build/Drivers/STM32F1xx_HAL_Driver/Src/stm32f1xx_hal_tim_ex.o
LOAD build/Core/Startup/startup_stm32f103c8tx.o
START GROUP
LOAD /private/tmp/arm-toolchain.EK5PgI/pkg/Payload/bin/../lib/gcc/arm-none-eabi/15.3.1/../../../../arm-none-eabi/lib/thumb/v7-m/nofp/libc_nano.a
LOAD /private/tmp/arm-toolchain.EK5PgI/pkg/Payload/bin/../lib/gcc/arm-none-eabi/15.3.1/../../../../arm-none-eabi/lib/thumb/v7-m/nofp/libm.a
END GROUP
START GROUP
LOAD /private/tmp/arm-toolchain.EK5PgI/pkg/Payload/bin/../lib/gcc/arm-none-eabi/15.3.1/thumb/v7-m/nofp/libgcc.a
LOAD /private/tmp/arm-toolchain.EK5PgI/pkg/Payload/bin/../lib/gcc/arm-none-eabi/15.3.1/../../../../arm-none-eabi/lib/thumb/v7-m/nofp/libc_nano.a
END GROUP
START GROUP
LOAD /private/tmp/arm-toolchain.EK5PgI/pkg/Payload/bin/../lib/gcc/arm-none-eabi/15.3.1/thumb/v7-m/nofp/libgcc.a
LOAD /private/tmp/arm-toolchain.EK5PgI/pkg/Payload/bin/../lib/gcc/arm-none-eabi/15.3.1/../../../../arm-none-eabi/lib/thumb/v7-m/nofp/libc_nano.a
LOAD /private/tmp/arm-toolchain.EK5PgI/pkg/Payload/bin/../lib/gcc/arm-none-eabi/15.3.1/../../../../arm-none-eabi/lib/thumb/v7-m/nofp/libnosys.a
END GROUP
START GROUP
LOAD /private/tmp/arm-toolchain.EK5PgI/pkg/Payload/bin/../lib/gcc/arm-none-eabi/15.3.1/thumb/v7-m/nofp/libgcc.a
LOAD /private/tmp/arm-toolchain.EK5PgI/pkg/Payload/bin/../lib/gcc/arm-none-eabi/15.3.1/../../../../arm-none-eabi/lib/thumb/v7-m/nofp/libc_nano.a
LOAD /private/tmp/arm-toolchain.EK5PgI/pkg/Payload/bin/../lib/gcc/arm-none-eabi/15.3.1/../../../../arm-none-eabi/lib/thumb/v7-m/nofp/libnosys.a
END GROUP
LOAD /private/tmp/arm-toolchain.EK5PgI/pkg/Payload/bin/../lib/gcc/arm-none-eabi/15.3.1/thumb/v7-m/nofp/crtend.o
LOAD /private/tmp/arm-toolchain.EK5PgI/pkg/Payload/bin/../lib/gcc/arm-none-eabi/15.3.1/thumb/v7-m/nofp/crtn.o
                0x20005000                        _estack = (ORIGIN (RAM) + LENGTH (RAM))
                0x00000200                        _Min_Heap_Size = 0x200
                0x00000400                        _Min_Stack_Size = 0x400

.isr_vector     0x08000000      0x10c
                0x08000000                        . = ALIGN (0x4)
 *(.isr_vector)
 .isr_vector    0x08000000      0x10c build/Core/Startup/startup_stm32f103c8tx.o
                0x08000000                g_pfnVectors
                0x0800010c                        . = ALIGN (0x4)

.text           0x08000110     0x82dc
                0x08000110                        . = ALIGN (0x4)
 *(.text)
 .text          0x08000110      0x168 /private/tmp/arm-toolchain.EK5PgI/pkg/Payload/bin/../lib/gcc/arm-none-eabi/15.3.1/thumb/v7-m/nofp/libgcc.a(_arm_mulsf3.o)
                0x08000110                __mulsf3
                0x08000110                __aeabi_fmul
 .text          0x08000278      0x378 /private/tmp/arm-toolchain.EK5PgI/pkg/Payload/bin/../lib/gcc/arm-none-eabi/15.3.1/thumb/v7-m/nofp/libgcc.a(_arm_addsubdf3.o)
                0x08000278                __aeabi_drsub
                0x08000280                __subdf3
                0x08000280                __aeabi_dsub
                0x08000284                __aeabi_dadd
                0x08000284                __adddf3
                0x080004fc                __aeabi_ui2d
                0x080004fc                __floatunsidf
                0x0800051c                __floatsidf
                0x0800051c                __aeabi_i2d
                0x08000540                __extendsfdf2
                0x08000540                __aeabi_f2d
                0x08000584                __aeabi_ul2d
                0x08000584                __floatundidf
                0x08000594                __aeabi_l2d
                0x08000594                __floatdidf
 .text          0x080005f0      0x424 /private/tmp/arm-toolchain.EK5PgI/pkg/Payload/bin/../lib/gcc/arm-none-eabi/15.3.1/thumb/v7-m/nofp/libgcc.a(_arm_muldivdf3.o)
                0x080005f0                __aeabi_dmul
                0x080005f0                __muldf3
                0x08000844                __aeabi_ddiv
                0x08000844                __divdf3
 .text          0x08000a14       0x40 /private/tmp/arm-toolchain.EK5PgI/pkg/Payload/bin/../lib/gcc/arm-none-eabi/15.3.1/thumb/v7-m/nofp/libgcc.a(_arm_fixunsdfsi.o)
                0x08000a14                __fixunsdfsi
                0x08000a14                __aeabi_d2uiz
 .text          0x08000a54      0x21c /private/tmp/arm-toolchain.EK5PgI/pkg/Payload/bin/../lib/gcc/arm-none-eabi/15.3.1/thumb/v7-m/nofp/libgcc.a(_arm_addsubsf3.o)
                0x08000a54                __aeabi_frsub
                0x08000a5c                __aeabi_fsub
                0x08000a5c                __subsf3
                0x08000a60                __aeabi_fadd
                0x08000a60                __addsf3
                0x08000bc0                __aeabi_ui2f
                0x08000bc0                __floatunsisf
                0x08000bc8                __floatsisf
                0x08000bc8                __aeabi_i2f
                0x08000be4                __aeabi_ul2f
                0x08000be4                __floatundisf
                0x08000bf4                __aeabi_l2f
                0x08000bf4                __floatdisf
 .text          0x08000c70       0x40 /private/tmp/arm-toolchain.EK5PgI/pkg/Payload/bin/../lib/gcc/arm-none-eabi/15.3.1/thumb/v7-m/nofp/libgcc.a(_arm_fixunssfsi.o)
                0x08000c70                __aeabi_f2uiz
                0x08000c70                __fixunssfsi
 *(.text*)
 .text.deregister_tm_clones
                0x08000cb0       0x1c /private/tmp/arm-toolchain.EK5PgI/pkg/Payload/bin/../lib/gcc/arm-none-eabi/15.3.1/thumb/v7-m/nofp/crtbegin.o
 .text.register_tm_clones
                0x08000ccc       0x24 /private/tmp/arm-toolchain.EK5PgI/pkg/Payload/bin/../lib/gcc/arm-none-eabi/15.3.1/thumb/v7-m/nofp/crtbegin.o
 .text.__do_global_dtors_aux
                0x08000cf0       0x28 /private/tmp/arm-toolchain.EK5PgI/pkg/Payload/bin/../lib/gcc/arm-none-eabi/15.3.1/thumb/v7-m/nofp/crtbegin.o
 .text.frame_dummy
                0x08000d18       0x24 /private/tmp/arm-toolchain.EK5PgI/pkg/Payload/bin/../lib/gcc/arm-none-eabi/15.3.1/thumb/v7-m/nofp/crtbegin.o
 .text.ILI9341_Select
                0x08000d3c       0x18 build/Core/Src/ili9341.o
 .text.ILI9341_Unselect
                0x08000d54       0x18 build/Core/Src/ili9341.o
                0x08000d54                ILI9341_Unselect
 .text.ILI9341_Reset
                0x08000d6c       0x28 build/Core/Src/ili9341.o
 .text.ILI9341_WriteCommand
                0x08000d94       0x34 build/Core/Src/ili9341.o
 .text.ILI9341_WriteData
                0x08000dc8       0x5c build/Core/Src/ili9341.o
 .text.ILI9341_SetAddressWindow
                0x08000e24       0x90 build/Core/Src/ili9341.o
 .text.ILI9341_Init
                0x08000eb4      0x25c build/Core/Src/ili9341.o
                0x08000eb4                ILI9341_Init
 .text.ILI9341_WriteChar
                0x08001110       0xf8 build/Core/Src/ili9341.o
 .text.ILI9341_WriteString
                0x08001208       0x96 build/Core/Src/ili9341.o
                0x08001208                ILI9341_WriteString
 *fill*         0x0800129e        0x2 
 .text.ILI9341_DrawChar
                0x080012a0       0x50 build/Core/Src/ili9341.o
                0x080012a0                ILI9341_DrawChar
 .text.ILI9341_FillRectangle
                0x080012f0       0xdc build/Core/Src/ili9341.o
                0x080012f0                ILI9341_FillRectangle
 .text.ILI9341_FillScreen
                0x080013cc       0x24 build/Core/Src/ili9341.o
                0x080013cc                ILI9341_FillScreen
 .text.set_control_state
                0x080013f0       0x2c build/Core/Src/main.o
 .text.elapsed_ms
                0x0800141c       0x28 build/Core/Src/main.o
 .text.can_queue_frame
                0x08001444       0xd0 build/Core/Src/main.o
 .text.can_service_tx
                0x08001514      0x11c build/Core/Src/main.o
 .text.get_HV   0x08001630      0x188 build/Core/Src/main.o
                0x08001630                get_HV
 .text.PCS_Send_Power_Request_US
                0x080017b8       0xe8 build/Core/Src/main.o
                0x080017b8                PCS_Send_Power_Request_US
 .text.apply_output_state
                0x080018a0       0x88 build/Core/Src/main.o
 .text.stop_charge
                0x08001928       0x20 build/Core/Src/main.o
 .text.sample_charge_button
                0x08001948       0xbc build/Core/Src/main.o
 .text.update_auto_charge_request
                0x08001a04       0xd4 build/Core/Src/main.o
 .text.update_charge_setpoints
                0x08001ad8       0x84 build/Core/Src/main.o
 .text.ramp_charge_power
                0x08001b5c       0x84 build/Core/Src/main.o
 .text.control_step_100ms
                0x08001be0      0x49c build/Core/Src/main.o
 .text.HAL_CAN_RxFifo0MsgPendingCallback
                0x0800207c      0x424 build/Core/Src/main.o
                0x0800207c                HAL_CAN_RxFifo0MsgPendingCallback
 .text.PCS_cksum_local
                0x080024a0       0x62 build/Core/Src/main.o
 *fill*         0x08002502        0x2 
 .text.send_mes_10
                0x08002504      0x2b0 build/Core/Src/main.o
                0x08002504                send_mes_10
 .text.send_mes_50
                0x080027b4       0xf8 build/Core/Src/main.o
                0x080027b4                send_mes_50
 .text.send_mes_100
                0x080028ac      0x284 build/Core/Src/main.o
                0x080028ac                send_mes_100
 .text.HAL_TIM_PeriodElapsedCallback
                0x08002b30      0x158 build/Core/Src/main.o
                0x08002b30                HAL_TIM_PeriodElapsedCallback
 .text.HAL_CAN_ErrorCallback
                0x08002c88       0x44 build/Core/Src/main.o
                0x08002c88                HAL_CAN_ErrorCallback
 .text.main     0x08002ccc      0xa4c build/Core/Src/main.o
                0x08002ccc                main
 .text.SystemClock_Config
                0x08003718       0xae build/Core/Src/main.o
                0x08003718                SystemClock_Config
 *fill*         0x080037c6        0x2 
 .text.MX_ADC1_Init
                0x080037c8       0x7c build/Core/Src/main.o
 .text.MX_CAN_Init
                0x08003844       0xac build/Core/Src/main.o
 .text.MX_SPI1_Init
                0x080038f0       0x6c build/Core/Src/main.o
 .text.MX_TIM1_Init
                0x0800395c       0xa4 build/Core/Src/main.o
 .text.MX_TIM2_Init
                0x08003a00       0xe8 build/Core/Src/main.o
 .text.MX_GPIO_Init
                0x08003ae8      0x188 build/Core/Src/main.o
 .text.Error_Handler
                0x08003c70        0xc build/Core/Src/main.o
                0x08003c70                Error_Handler
 .text.half_amp_limit
                0x08003c7c       0x2a build/Core/Src/pcs_protocol.o
 .text.PCS_Decode204
                0x08003ca6       0xb0 build/Core/Src/pcs_protocol.o
                0x08003ca6                PCS_Decode204
 *fill*         0x08003d56        0x2 
 .text.PCS_Decode264
                0x08003d58       0xe0 build/Core/Src/pcs_protocol.o
                0x08003d58                PCS_Decode264
 .text.PCS_Encode13D
                0x08003e38       0x58 build/Core/Src/pcs_protocol.o
                0x08003e38                PCS_Encode13D
 .text.PCS_Encode21D_US
                0x08003e90       0x66 build/Core/Src/pcs_protocol.o
                0x08003e90                PCS_Encode21D_US
 .text.PCS_Encode23D_US
                0x08003ef6       0x2c build/Core/Src/pcs_protocol.o
                0x08003ef6                PCS_Encode23D_US
 .text.PCS_Encode333
                0x08003f22       0x40 build/Core/Src/pcs_protocol.o
                0x08003f22                PCS_Encode333
 .text.PCS_Encode2B2
                0x08003f62       0x68 build/Core/Src/pcs_protocol.o
                0x08003f62                PCS_Encode2B2
 .text.PCS_ClampChargeCurrent
                0x08003fca       0x26 build/Core/Src/pcs_protocol.o
                0x08003fca                PCS_ClampChargeCurrent
 .text.PCS_CalculateChargePowerTarget
                0x08003ff0       0x36 build/Core/Src/pcs_protocol.o
                0x08003ff0                PCS_CalculateChargePowerTarget
 *fill*         0x08004026        0x2 
 .text.HAL_MspInit
                0x08004028       0x64 build/Core/Src/stm32f1xx_hal_msp.o
                0x08004028                HAL_MspInit
 .text.HAL_ADC_MspInit
                0x0800408c       0x78 build/Core/Src/stm32f1xx_hal_msp.o
                0x0800408c                HAL_ADC_MspInit
 .text.HAL_CAN_MspInit
                0x08004104       0xb8 build/Core/Src/stm32f1xx_hal_msp.o
                0x08004104                HAL_CAN_MspInit
 .text.HAL_SPI_MspInit
                0x080041bc       0x7c build/Core/Src/stm32f1xx_hal_msp.o
                0x080041bc                HAL_SPI_MspInit
 .text.HAL_TIM_Base_MspInit
                0x08004238       0x70 build/Core/Src/stm32f1xx_hal_msp.o
                0x08004238                HAL_TIM_Base_MspInit
 .text.HAL_TIM_MspPostInit
                0x080042a8       0x8c build/Core/Src/stm32f1xx_hal_msp.o
                0x080042a8                HAL_TIM_MspPostInit
 .text.NMI_Handler
                0x08004334        0x8 build/Core/Src/stm32f1xx_it.o
                0x08004334                NMI_Handler
 .text.HardFault_Handler
                0x0800433c        0x8 build/Core/Src/stm32f1xx_it.o
                0x0800433c                HardFault_Handler
 .text.MemManage_Handler
                0x08004344        0x8 build/Core/Src/stm32f1xx_it.o
                0x08004344                MemManage_Handler
 .text.BusFault_Handler
                0x0800434c        0x8 build/Core/Src/stm32f1xx_it.o
                0x0800434c                BusFault_Handler
 .text.UsageFault_Handler
                0x08004354        0x8 build/Core/Src/stm32f1xx_it.o
                0x08004354                UsageFault_Handler
 .text.SVC_Handler
                0x0800435c        0xc build/Core/Src/stm32f1xx_it.o
                0x0800435c                SVC_Handler
 .text.DebugMon_Handler
                0x08004368        0xc build/Core/Src/stm32f1xx_it.o
                0x08004368                DebugMon_Handler
 .text.PendSV_Handler
                0x08004374        0xc build/Core/Src/stm32f1xx_it.o
                0x08004374                PendSV_Handler
 .text.SysTick_Handler
                0x08004380        0xc build/Core/Src/stm32f1xx_it.o
                0x08004380                SysTick_Handler
 .text.USB_LP_CAN1_RX0_IRQHandler
                0x0800438c       0x14 build/Core/Src/stm32f1xx_it.o
                0x0800438c                USB_LP_CAN1_RX0_IRQHandler
 .text.CAN1_SCE_IRQHandler
                0x080043a0       0x14 build/Core/Src/stm32f1xx_it.o
                0x080043a0                CAN1_SCE_IRQHandler
 .text.TIM1_UP_IRQHandler
                0x080043b4       0x14 build/Core/Src/stm32f1xx_it.o
                0x080043b4                TIM1_UP_IRQHandler
 .text._sbrk    0x080043c8       0x6c build/Core/Src/sysmem.o
                0x080043c8                _sbrk
 .text.SystemInit
                0x08004434        0xc build/Core/Src/system_stm32f1xx.o
                0x08004434                SystemInit
 .text.HAL_Init
                0x08004440       0x2c build/Drivers/STM32F1xx_HAL_Driver/Src/stm32f1xx_hal.o
                0x08004440                HAL_Init
 .text.HAL_InitTick
                0x0800446c       0x60 build/Drivers/STM32F1xx_HAL_Driver/Src/stm32f1xx_hal.o
                0x0800446c                HAL_InitTick
 .text.HAL_IncTick
                0x080044cc       0x24 build/Drivers/STM32F1xx_HAL_Driver/Src/stm32f1xx_hal.o
                0x080044cc                HAL_IncTick
 .text.HAL_GetTick
                0x080044f0       0x14 build/Drivers/STM32F1xx_HAL_Driver/Src/stm32f1xx_hal.o
                0x080044f0                HAL_GetTick
 .text.HAL_Delay
                0x08004504       0x48 build/Drivers/STM32F1xx_HAL_Driver/Src/stm32f1xx_hal.o
                0x08004504                HAL_Delay
 .text.HAL_ADC_Init
                0x0800454c      0x1b0 build/Drivers/STM32F1xx_HAL_Driver/Src/stm32f1xx_hal_adc.o
                0x0800454c                HAL_ADC_Init
 .text.HAL_ADC_ConfigChannel
                0x080046fc      0x1f8 build/Drivers/STM32F1xx_HAL_Driver/Src/stm32f1xx_hal_adc.o
                0x080046fc                HAL_ADC_ConfigChannel
 .text.ADC_ConversionStop_Disable
                0x080048f4       0x82 build/Drivers/STM32F1xx_HAL_Driver/Src/stm32f1xx_hal_adc.o
                0x080048f4                ADC_ConversionStop_Disable
 .text.HAL_CAN_Init
                0x08004976      0x1f6 build/Drivers/STM32F1xx_HAL_Driver/Src/stm32f1xx_hal_can.o
                0x08004976                HAL_CAN_Init
 .text.HAL_CAN_ConfigFilter
                0x08004b6c      0x192 build/Drivers/STM32F1xx_HAL_Driver/Src/stm32f1xx_hal_can.o
                0x08004b6c                HAL_CAN_ConfigFilter
 .text.HAL_CAN_Start
                0x08004cfe       0x88 build/Drivers/STM32F1xx_HAL_Driver/Src/stm32f1xx_hal_can.o
                0x08004cfe                HAL_CAN_Start
 .text.HAL_CAN_AddTxMessage
                0x08004d86      0x19e build/Drivers/STM32F1xx_HAL_Driver/Src/stm32f1xx_hal_can.o
                0x08004d86                HAL_CAN_AddTxMessage
 .text.HAL_CAN_AbortTxRequest
                0x08004f24       0x88 build/Drivers/STM32F1xx_HAL_Driver/Src/stm32f1xx_hal_can.o
                0x08004f24                HAL_CAN_AbortTxRequest
 .text.HAL_CAN_GetTxMailboxesFreeLevel
                0x08004fac       0x68 build/Drivers/STM32F1xx_HAL_Driver/Src/stm32f1xx_hal_can.o
                0x08004fac                HAL_CAN_GetTxMailboxesFreeLevel
 .text.HAL_CAN_GetRxMessage
                0x08005014      0x242 build/Drivers/STM32F1xx_HAL_Driver/Src/stm32f1xx_hal_can.o
                0x08005014                HAL_CAN_GetRxMessage
 .text.HAL_CAN_ActivateNotification
                0x08005256       0x4a build/Drivers/STM32F1xx_HAL_Driver/Src/stm32f1xx_hal_can.o
                0x08005256                HAL_CAN_ActivateNotification
 .text.HAL_CAN_IRQHandler
                0x080052a0      0x36e build/Drivers/STM32F1xx_HAL_Driver/Src/stm32f1xx_hal_can.o
                0x080052a0                HAL_CAN_IRQHandler
 .text.HAL_CAN_TxMailbox0CompleteCallback
                0x0800560e       0x12 build/Drivers/STM32F1xx_HAL_Driver/Src/stm32f1xx_hal_can.o
                0x0800560e                HAL_CAN_TxMailbox0CompleteCallback
 .text.HAL_CAN_TxMailbox1CompleteCallback
                0x08005620       0x12 build/Drivers/STM32F1xx_HAL_Driver/Src/stm32f1xx_hal_can.o
                0x08005620                HAL_CAN_TxMailbox1CompleteCallback
 .text.HAL_CAN_TxMailbox2CompleteCallback
                0x08005632       0x12 build/Drivers/STM32F1xx_HAL_Driver/Src/stm32f1xx_hal_can.o
                0x08005632                HAL_CAN_TxMailbox2CompleteCallback
 .text.HAL_CAN_TxMailbox0AbortCallback
                0x08005644       0x12 build/Drivers/STM32F1xx_HAL_Driver/Src/stm32f1xx_hal_can.o
                0x08005644                HAL_CAN_TxMailbox0AbortCallback
 .text.HAL_CAN_TxMailbox1AbortCallback
                0x08005656       0x12 build/Drivers/STM32F1xx_HAL_Driver/Src/stm32f1xx_hal_can.o
                0x08005656                HAL_CAN_TxMailbox1AbortCallback
 .text.HAL_CAN_TxMailbox2AbortCallback
                0x08005668       0x12 build/Drivers/STM32F1xx_HAL_Driver/Src/stm32f1xx_hal_can.o
                0x08005668                HAL_CAN_TxMailbox2AbortCallback
 .text.HAL_CAN_RxFifo0FullCallback
                0x0800567a       0x12 build/Drivers/STM32F1xx_HAL_Driver/Src/stm32f1xx_hal_can.o
                0x0800567a                HAL_CAN_RxFifo0FullCallback
 .text.HAL_CAN_RxFifo1MsgPendingCallback
                0x0800568c       0x12 build/Drivers/STM32F1xx_HAL_Driver/Src/stm32f1xx_hal_can.o
                0x0800568c                HAL_CAN_RxFifo1MsgPendingCallback
 .text.HAL_CAN_RxFifo1FullCallback
                0x0800569e       0x12 build/Drivers/STM32F1xx_HAL_Driver/Src/stm32f1xx_hal_can.o
                0x0800569e                HAL_CAN_RxFifo1FullCallback
 .text.HAL_CAN_SleepCallback
                0x080056b0       0x12 build/Drivers/STM32F1xx_HAL_Driver/Src/stm32f1xx_hal_can.o
                0x080056b0                HAL_CAN_SleepCallback
 .text.HAL_CAN_WakeUpFromRxMsgCallback
                0x080056c2       0x12 build/Drivers/STM32F1xx_HAL_Driver/Src/stm32f1xx_hal_can.o
                0x080056c2                HAL_CAN_WakeUpFromRxMsgCallback
 .text.HAL_CAN_GetError
                0x080056d4       0x16 build/Drivers/STM32F1xx_HAL_Driver/Src/stm32f1xx_hal_can.o
                0x080056d4                HAL_CAN_GetError
 .text.HAL_CAN_ResetError
                0x080056ea       0x44 build/Drivers/STM32F1xx_HAL_Driver/Src/stm32f1xx_hal_can.o
                0x080056ea                HAL_CAN_ResetError
 *fill*         0x0800572e        0x2 
 .text.__NVIC_SetPriorityGrouping
                0x08005730       0x48 build/Drivers/STM32F1xx_HAL_Driver/Src/stm32f1xx_hal_cortex.o
 .text.__NVIC_GetPriorityGrouping
                0x08005778       0x1c build/Drivers/STM32F1xx_HAL_Driver/Src/stm32f1xx_hal_cortex.o
 .text.__NVIC_EnableIRQ
                0x08005794       0x38 build/Drivers/STM32F1xx_HAL_Driver/Src/stm32f1xx_hal_cortex.o
 .text.__NVIC_SetPriority
                0x080057cc       0x54 build/Drivers/STM32F1xx_HAL_Driver/Src/stm32f1xx_hal_cortex.o
 .text.NVIC_EncodePriority
                0x08005820       0x6e build/Drivers/STM32F1xx_HAL_Driver/Src/stm32f1xx_hal_cortex.o
 *fill*         0x0800588e        0x2 
 .text.SysTick_Config
                0x08005890       0x44 build/Drivers/STM32F1xx_HAL_Driver/Src/stm32f1xx_hal_cortex.o
 .text.HAL_NVIC_SetPriorityGrouping
                0x080058d4       0x16 build/Drivers/STM32F1xx_HAL_Driver/Src/stm32f1xx_hal_cortex.o
                0x080058d4                HAL_NVIC_SetPriorityGrouping
 .text.HAL_NVIC_SetPriority
                0x080058ea       0x38 build/Drivers/STM32F1xx_HAL_Driver/Src/stm32f1xx_hal_cortex.o
                0x080058ea                HAL_NVIC_SetPriority
 .text.HAL_NVIC_EnableIRQ
                0x08005922       0x1c build/Drivers/STM32F1xx_HAL_Driver/Src/stm32f1xx_hal_cortex.o
                0x08005922                HAL_NVIC_EnableIRQ
 .text.HAL_SYSTICK_Config
                0x0800593e       0x18 build/Drivers/STM32F1xx_HAL_Driver/Src/stm32f1xx_hal_cortex.o
                0x0800593e                HAL_SYSTICK_Config
 *fill*         0x08005956        0x2 
 .text.HAL_GPIO_Init
                0x08005958      0x2dc build/Drivers/STM32F1xx_HAL_Driver/Src/stm32f1xx_hal_gpio.o
                0x08005958                HAL_GPIO_Init
 .text.HAL_GPIO_ReadPin
                0x08005c34       0x2e build/Drivers/STM32F1xx_HAL_Driver/Src/stm32f1xx_hal_gpio.o
                0x08005c34                HAL_GPIO_ReadPin
 .text.HAL_GPIO_WritePin
                0x08005c62       0x30 build/Drivers/STM32F1xx_HAL_Driver/Src/stm32f1xx_hal_gpio.o
                0x08005c62                HAL_GPIO_WritePin
 *fill*         0x08005c92        0x2 
 .text.HAL_RCC_OscConfig
                0x08005c94      0x504 build/Drivers/STM32F1xx_HAL_Driver/Src/stm32f1xx_hal_rcc.o
                0x08005c94                HAL_RCC_OscConfig
 .text.HAL_RCC_ClockConfig
                0x08006198      0x1d4 build/Drivers/STM32F1xx_HAL_Driver/Src/stm32f1xx_hal_rcc.o
                0x08006198                HAL_RCC_ClockConfig
 .text.HAL_RCC_GetSysClockFreq
                0x0800636c       0xa8 build/Drivers/STM32F1xx_HAL_Driver/Src/stm32f1xx_hal_rcc.o
                0x0800636c                HAL_RCC_GetSysClockFreq
 .text.RCC_Delay
                0x08006414       0x3c build/Drivers/STM32F1xx_HAL_Driver/Src/stm32f1xx_hal_rcc.o
 .text.HAL_RCCEx_PeriphCLKConfig
                0x08006450      0x16c build/Drivers/STM32F1xx_HAL_Driver/Src/stm32f1xx_hal_rcc_ex.o
                0x08006450                HAL_RCCEx_PeriphCLKConfig
 .text.HAL_SPI_Init
                0x080065bc      0x108 build/Drivers/STM32F1xx_HAL_Driver/Src/stm32f1xx_hal_spi.o
                0x080065bc                HAL_SPI_Init
 .text.HAL_SPI_Transmit
                0x080066c4      0x288 build/Drivers/STM32F1xx_HAL_Driver/Src/stm32f1xx_hal_spi.o
                0x080066c4                HAL_SPI_Transmit
 .text.SPI_WaitFlagStateUntilTimeout
                0x0800694c      0x110 build/Drivers/STM32F1xx_HAL_Driver/Src/stm32f1xx_hal_spi.o
 .text.SPI_EndRxTxTransaction
                0x08006a5c       0x62 build/Drivers/STM32F1xx_HAL_Driver/Src/stm32f1xx_hal_spi.o
 .text.HAL_TIM_Base_Init
                0x08006abe       0x9e build/Drivers/STM32F1xx_HAL_Driver/Src/stm32f1xx_hal_tim.o
                0x08006abe                HAL_TIM_Base_Init
 .text.HAL_TIM_Base_Start
                0x08006b5c       0x94 build/Drivers/STM32F1xx_HAL_Driver/Src/stm32f1xx_hal_tim.o
                0x08006b5c                HAL_TIM_Base_Start
 .text.HAL_TIM_Base_Start_IT
                0x08006bf0       0xa4 build/Drivers/STM32F1xx_HAL_Driver/Src/stm32f1xx_hal_tim.o
                0x08006bf0                HAL_TIM_Base_Start_IT
 .text.HAL_TIM_PWM_Init
                0x08006c94       0x9e build/Drivers/STM32F1xx_HAL_Driver/Src/stm32f1xx_hal_tim.o
                0x08006c94                HAL_TIM_PWM_Init
 .text.HAL_TIM_PWM_MspInit
                0x08006d32       0x12 build/Drivers/STM32F1xx_HAL_Driver/Src/stm32f1xx_hal_tim.o
                0x08006d32                HAL_TIM_PWM_MspInit
 .text.HAL_TIM_PWM_Start
                0x08006d44      0x144 build/Drivers/STM32F1xx_HAL_Driver/Src/stm32f1xx_hal_tim.o
                0x08006d44                HAL_TIM_PWM_Start
 .text.HAL_TIM_IRQHandler
                0x08006e88      0x1e0 build/Drivers/STM32F1xx_HAL_Driver/Src/stm32f1xx_hal_tim.o
                0x08006e88                HAL_TIM_IRQHandler
 .text.HAL_TIM_PWM_ConfigChannel
                0x08007068      0x16c build/Drivers/STM32F1xx_HAL_Driver/Src/stm32f1xx_hal_tim.o
                0x08007068                HAL_TIM_PWM_ConfigChannel
 .text.HAL_TIM_ConfigClockSource
                0x080071d4      0x18e build/Drivers/STM32F1xx_HAL_Driver/Src/stm32f1xx_hal_tim.o
                0x080071d4                HAL_TIM_ConfigClockSource
 .text.HAL_TIM_OC_DelayElapsedCallback
                0x08007362       0x12 build/Drivers/STM32F1xx_HAL_Driver/Src/stm32f1xx_hal_tim.o
                0x08007362                HAL_TIM_OC_DelayElapsedCallback
 .text.HAL_TIM_IC_CaptureCallback
                0x08007374       0x12 build/Drivers/STM32F1xx_HAL_Driver/Src/stm32f1xx_hal_tim.o
                0x08007374                HAL_TIM_IC_CaptureCallback
 .text.HAL_TIM_PWM_PulseFinishedCallback
                0x08007386       0x12 build/Drivers/STM32F1xx_HAL_Driver/Src/stm32f1xx_hal_tim.o
                0x08007386                HAL_TIM_PWM_PulseFinishedCallback
 .text.HAL_TIM_TriggerCallback
                0x08007398       0x12 build/Drivers/STM32F1xx_HAL_Driver/Src/stm32f1xx_hal_tim.o
                0x08007398                HAL_TIM_TriggerCallback
 *fill*         0x080073aa        0x2 
 .text.TIM_Base_SetConfig
                0x080073ac       0xdc build/Drivers/STM32F1xx_HAL_Driver/Src/stm32f1xx_hal_tim.o
                0x080073ac                TIM_Base_SetConfig
 .text.TIM_OC1_SetConfig
                0x08007488       0xcc build/Drivers/STM32F1xx_HAL_Driver/Src/stm32f1xx_hal_tim.o
 .text.TIM_OC2_SetConfig
                0x08007554       0xd4 build/Drivers/STM32F1xx_HAL_Driver/Src/stm32f1xx_hal_tim.o
                0x08007554                TIM_OC2_SetConfig
 .text.TIM_OC3_SetConfig
                0x08007628       0xd4 build/Drivers/STM32F1xx_HAL_Driver/Src/stm32f1xx_hal_tim.o
 .text.TIM_OC4_SetConfig
                0x080076fc       0x9c build/Drivers/STM32F1xx_HAL_Driver/Src/stm32f1xx_hal_tim.o
 .text.TIM_TI1_ConfigInputStage
                0x08007798       0x5c build/Drivers/STM32F1xx_HAL_Driver/Src/stm32f1xx_hal_tim.o
 .text.TIM_TI2_ConfigInputStage
                0x080077f4       0x5e build/Drivers/STM32F1xx_HAL_Driver/Src/stm32f1xx_hal_tim.o
 .text.TIM_ITRx_SetConfig
                0x08007852       0x34 build/Drivers/STM32F1xx_HAL_Driver/Src/stm32f1xx_hal_tim.o
 .text.TIM_ETR_SetConfig
                0x08007886       0x3e build/Drivers/STM32F1xx_HAL_Driver/Src/stm32f1xx_hal_tim.o
                0x08007886                TIM_ETR_SetConfig
 .text.TIM_CCxChannelCmd
                0x080078c4       0x48 build/Drivers/STM32F1xx_HAL_Driver/Src/stm32f1xx_hal_tim.o
                0x080078c4                TIM_CCxChannelCmd
 .text.HAL_TIMEx_MasterConfigSynchronization
                0x0800790c       0xbc build/Drivers/STM32F1xx_HAL_Driver/Src/stm32f1xx_hal_tim_ex.o
                0x0800790c                HAL_TIMEx_MasterConfigSynchronization
 .text.HAL_TIMEx_CommutCallback
                0x080079c8       0x12 build/Drivers/STM32F1xx_HAL_Driver/Src/stm32f1xx_hal_tim_ex.o
                0x080079c8                HAL_TIMEx_CommutCallback
 .text.HAL_TIMEx_BreakCallback
                0x080079da       0x12 build/Drivers/STM32F1xx_HAL_Driver/Src/stm32f1xx_hal_tim_ex.o
                0x080079da                HAL_TIMEx_BreakCallback
 .text.Reset_Handler
                0x080079ec       0x48 build/Core/Startup/startup_stm32f103c8tx.o
                0x080079ec                Reset_Handler
 .text.Default_Handler
                0x08007a34        0x2 build/Core/Startup/startup_stm32f103c8tx.o
                0x08007a34                USBWakeUp_IRQHandler
                0x08007a34                EXTI2_IRQHandler
                0x08007a34                TIM1_CC_IRQHandler
                0x08007a34                PVD_IRQHandler
                0x08007a34                EXTI3_IRQHandler
                0x08007a34                EXTI0_IRQHandler
                0x08007a34                I2C2_EV_IRQHandler
                0x08007a34                ADC1_2_IRQHandler
                0x08007a34                SPI1_IRQHandler
                0x08007a34                TAMPER_IRQHandler
                0x08007a34                DMA1_Channel4_IRQHandler
                0x08007a34                USART3_IRQHandler
                0x08007a34                RTC_IRQHandler
                0x08007a34                DMA1_Channel7_IRQHandler
                0x08007a34                CAN1_RX1_IRQHandler
                0x08007a34                TIM4_IRQHandler
                0x08007a34                I2C1_EV_IRQHandler
                0x08007a34                DMA1_Channel6_IRQHandler
                0x08007a34                TIM3_IRQHandler
                0x08007a34                RCC_IRQHandler
                0x08007a34                TIM1_TRG_COM_IRQHandler
                0x08007a34                DMA1_Channel1_IRQHandler
                0x08007a34                Default_Handler
                0x08007a34                EXTI15_10_IRQHandler
                0x08007a34                EXTI9_5_IRQHandler
                0x08007a34                SPI2_IRQHandler
                0x08007a34                DMA1_Channel5_IRQHandler
                0x08007a34                EXTI4_IRQHandler
                0x08007a34                USB_HP_CAN1_TX_IRQHandler
                0x08007a34                DMA1_Channel3_IRQHandler
                0x08007a34                WWDG_IRQHandler
                0x08007a34                TIM2_IRQHandler
                0x08007a34                TIM1_BRK_IRQHandler
                0x08007a34                EXTI1_IRQHandler
                0x08007a34                USART2_IRQHandler
                0x08007a34                I2C2_ER_IRQHandler
                0x08007a34                DMA1_Channel2_IRQHandler
                0x08007a34                FLASH_IRQHandler
                0x08007a34                USART1_IRQHandler
                0x08007a34                I2C1_ER_IRQHandler
                0x08007a34                RTC_Alarm_IRQHandler
 *fill*         0x08007a36        0x2 
 .text.snprintf
                0x08007a38       0x64 /private/tmp/arm-toolchain.EK5PgI/pkg/Payload/bin/../lib/gcc/arm-none-eabi/15.3.1/../../../../arm-none-eabi/lib/thumb/v7-m/nofp/libc_nano.a(libc_a-snprintf.o)
                0x08007a38                snprintf
                0x08007a38                sniprintf
 .text.memset   0x08007a9c       0x10 /private/tmp/arm-toolchain.EK5PgI/pkg/Payload/bin/../lib/gcc/arm-none-eabi/15.3.1/../../../../arm-none-eabi/lib/thumb/v7-m/nofp/libc_nano.a(libc_a-memset.o)
                0x08007a9c                memset
 .text.__errno  0x08007aac        0xc /private/tmp/arm-toolchain.EK5PgI/pkg/Payload/bin/../lib/gcc/arm-none-eabi/15.3.1/../../../../arm-none-eabi/lib/thumb/v7-m/nofp/libc_nano.a(libc_a-errno.o)
                0x08007aac                __errno
 .text.__libc_init_array
                0x08007ab8       0x48 /private/tmp/arm-toolchain.EK5PgI/pkg/Payload/bin/../lib/gcc/arm-none-eabi/15.3.1/../../../../arm-none-eabi/lib/thumb/v7-m/nofp/libc_nano.a(libc_a-init.o)
                0x08007ab8                __libc_init_array
 .text.__retarget_lock_acquire_recursive
                0x08007b00        0x2 /private/tmp/arm-toolchain.EK5PgI/pkg/Payload/bin/../lib/gcc/arm-none-eabi/15.3.1/../../../../arm-none-eabi/lib/thumb/v7-m/nofp/libc_nano.a(libc_a-lock.o)
                0x08007b00                __retarget_lock_acquire_recursive
 .text.__retarget_lock_release_recursive
                0x08007b02        0x2 /private/tmp/arm-toolchain.EK5PgI/pkg/Payload/bin/../lib/gcc/arm-none-eabi/15.3.1/../../../../arm-none-eabi/lib/thumb/v7-m/nofp/libc_nano.a(libc_a-lock.o)
                0x08007b02                __retarget_lock_release_recursive
 .text.__ssputs_r
                0x08007b04       0xc0 /private/tmp/arm-toolchain.EK5PgI/pkg/Payload/bin/../lib/gcc/arm-none-eabi/15.3.1/../../../../arm-none-eabi/lib/thumb/v7-m/nofp/libc_nano.a(libc_a-nano-svfprintf.o)
                0x08007b04                __ssputs_r
 .text._svfprintf_r
                0x08007bc4      0x1f0 /private/tmp/arm-toolchain.EK5PgI/pkg/Payload/bin/../lib/gcc/arm-none-eabi/15.3.1/../../../../arm-none-eabi/lib/thumb/v7-m/nofp/libc_nano.a(libc_a-nano-svfprintf.o)
                0x08007bc4                _svfprintf_r
                0x08007bc4                _svfiprintf_r
 .text.sbrk_aligned
                0x08007db4       0x44 /private/tmp/arm-toolchain.EK5PgI/pkg/Payload/bin/../lib/gcc/arm-none-eabi/15.3.1/../../../../arm-none-eabi/lib/thumb/v7-m/nofp/libc_nano.a(libc_a-mallocr.o)
 .text._malloc_r
                0x08007df8       0xf8 /private/tmp/arm-toolchain.EK5PgI/pkg/Payload/bin/../lib/gcc/arm-none-eabi/15.3.1/../../../../arm-none-eabi/lib/thumb/v7-m/nofp/libc_nano.a(libc_a-mallocr.o)
                0x08007df8                _malloc_r
 .text._printf_common
                0x08007ef0       0xea /private/tmp/arm-toolchain.EK5PgI/pkg/Payload/bin/../lib/gcc/arm-none-eabi/15.3.1/../../../../arm-none-eabi/lib/thumb/v7-m/nofp/libc_nano.a(libc_a-nano-vfprintf_i.o)
                0x08007ef0                _printf_common
 *fill*         0x08007fda        0x2 
 .text._printf_i
                0x08007fdc      0x254 /private/tmp/arm-toolchain.EK5PgI/pkg/Payload/bin/../lib/gcc/arm-none-eabi/15.3.1/../../../../arm-none-eabi/lib/thumb/v7-m/nofp/libc_nano.a(libc_a-nano-vfprintf_i.o)
                0x08007fdc                _printf_i
 .text.__malloc_lock
                0x08008230        0xc /private/tmp/arm-toolchain.EK5PgI/pkg/Payload/bin/../lib/gcc/arm-none-eabi/15.3.1/../../../../arm-none-eabi/lib/thumb/v7-m/nofp/libc_nano.a(libc_a-mlock.o)
                0x08008230                __malloc_lock
 .text.__malloc_unlock
                0x0800823c        0xc /private/tmp/arm-toolchain.EK5PgI/pkg/Payload/bin/../lib/gcc/arm-none-eabi/15.3.1/../../../../arm-none-eabi/lib/thumb/v7-m/nofp/libc_nano.a(libc_a-mlock.o)
                0x0800823c                __malloc_unlock
 .text._realloc_r
                0x08008248       0x5c /private/tmp/arm-toolchain.EK5PgI/pkg/Payload/bin/../lib/gcc/arm-none-eabi/15.3.1/../../../../arm-none-eabi/lib/thumb/v7-m/nofp/libc_nano.a(libc_a-reallocr.o)
                0x08008248                _realloc_r
 .text.memmove  0x080082a4       0x32 /private/tmp/arm-toolchain.EK5PgI/pkg/Payload/bin/../lib/gcc/arm-none-eabi/15.3.1/../../../../arm-none-eabi/lib/thumb/v7-m/nofp/libc_nano.a(libc_a-memmove.o)
                0x080082a4                memmove
 *fill*         0x080082d6        0x2 
 .text._sbrk_r  0x080082d8       0x20 /private/tmp/arm-toolchain.EK5PgI/pkg/Payload/bin/../lib/gcc/arm-none-eabi/15.3.1/../../../../arm-none-eabi/lib/thumb/v7-m/nofp/libc_nano.a(libc_a-sbrkr.o)
                0x080082d8                _sbrk_r
 .text.memchr   0x080082f8       0x1c /private/tmp/arm-toolchain.EK5PgI/pkg/Payload/bin/../lib/gcc/arm-none-eabi/15.3.1/../../../../arm-none-eabi/lib/thumb/v7-m/nofp/libc_nano.a(libc_a-memchr-stub.o)
                0x080082f8                memchr
 .text.memcpy   0x08008314       0x1c /private/tmp/arm-toolchain.EK5PgI/pkg/Payload/bin/../lib/gcc/arm-none-eabi/15.3.1/../../../../arm-none-eabi/lib/thumb/v7-m/nofp/libc_nano.a(libc_a-memcpy-stub.o)
                0x08008314                memcpy
 .text._free_r  0x08008330       0x94 /private/tmp/arm-toolchain.EK5PgI/pkg/Payload/bin/../lib/gcc/arm-none-eabi/15.3.1/../../../../arm-none-eabi/lib/thumb/v7-m/nofp/libc_nano.a(libc_a-freer.o)
                0x08008330                _free_r
 .text._malloc_usable_size_r
                0x080083c4       0x10 /private/tmp/arm-toolchain.EK5PgI/pkg/Payload/bin/../lib/gcc/arm-none-eabi/15.3.1/../../../../arm-none-eabi/lib/thumb/v7-m/nofp/libc_nano.a(libc_a-msizer.o)
                0x080083c4                _malloc_usable_size_r
 *(.glue_7)
 .glue_7        0x080083d4        0x0 linker stubs
 *(.glue_7t)
 .glue_7t       0x080083d4        0x0 linker stubs
 *(.eh_frame)
 .eh_frame      0x080083d4        0x0 /private/tmp/arm-toolchain.EK5PgI/pkg/Payload/bin/../lib/gcc/arm-none-eabi/15.3.1/thumb/v7-m/nofp/crtbegin.o
 *(.init)
 .init          0x080083d4        0x4 /private/tmp/arm-toolchain.EK5PgI/pkg/Payload/bin/../lib/gcc/arm-none-eabi/15.3.1/thumb/v7-m/nofp/crti.o
                0x080083d4                _init
 .init          0x080083d8        0x8 /private/tmp/arm-toolchain.EK5PgI/pkg/Payload/bin/../lib/gcc/arm-none-eabi/15.3.1/thumb/v7-m/nofp/crtn.o
 *(.fini)
 .fini          0x080083e0        0x4 /private/tmp/arm-toolchain.EK5PgI/pkg/Payload/bin/../lib/gcc/arm-none-eabi/15.3.1/thumb/v7-m/nofp/crti.o
                0x080083e0                _fini
 .fini          0x080083e4        0x8 /private/tmp/arm-toolchain.EK5PgI/pkg/Payload/bin/../lib/gcc/arm-none-eabi/15.3.1/thumb/v7-m/nofp/crtn.o
                0x080083ec                        . = ALIGN (0x4)
                0x080083ec                        _etext = .

.vfp11_veneer   0x080083ec        0x0
 .vfp11_veneer  0x080083ec        0x0 linker stubs

.v4_bx          0x080083ec        0x0
 .v4_bx         0x080083ec        0x0 linker stubs

.iplt           0x080083ec        0x0
 .iplt          0x080083ec        0x0 /private/tmp/arm-toolchain.EK5PgI/pkg/Payload/bin/../lib/gcc/arm-none-eabi/15.3.1/thumb/v7-m/nofp/crtbegin.o

.rodata         0x080083ec     0x29b8
                0x080083ec                        . = ALIGN (0x4)
 *(.rodata)
 .rodata        0x080083ec       0x37 build/Core/Src/ili9341.o
 *fill*         0x08008423        0x1 
 .rodata        0x08008424      0x113 build/Core/Src/main.o
 *(.rodata*)
 *fill*         0x08008537        0x1 
 .rodata.Font7x10
                0x08008538      0x76c build/Core/Src/fonts.o
 .rodata.Font11x18
                0x08008ca4      0xd5c build/Core/Src/fonts.o
 .rodata.Font16x26
                0x08009a00     0x134c build/Core/Src/fonts.o
 .rodata.AHBPrescTable
                0x0800ad4c       0x10 build/Core/Src/system_stm32f1xx.o
                0x0800ad4c                AHBPrescTable
 .rodata.aPLLMULFactorTable.1
                0x0800ad5c       0x10 build/Drivers/STM32F1xx_HAL_Driver/Src/stm32f1xx_hal_rcc.o
 .rodata.aPredivFactorTable.0
                0x0800ad6c        0x2 build/Drivers/STM32F1xx_HAL_Driver/Src/stm32f1xx_hal_rcc.o
 .rodata._svfprintf_r.str1.1
                0x0800ad6e       0x33 /private/tmp/arm-toolchain.EK5PgI/pkg/Payload/bin/../lib/gcc/arm-none-eabi/15.3.1/../../../../arm-none-eabi/lib/thumb/v7-m/nofp/libc_nano.a(libc_a-nano-svfprintf.o)
                                 0x11 (size before relaxing)
 .rodata._printf_i.str1.1
                0x0800ada1        0x0 /private/tmp/arm-toolchain.EK5PgI/pkg/Payload/bin/../lib/gcc/arm-none-eabi/15.3.1/../../../../arm-none-eabi/lib/thumb/v7-m/nofp/libc_nano.a(libc_a-nano-vfprintf_i.o)
                                 0x22 (size before relaxing)
                0x0800ada4                        . = ALIGN (0x4)
 *fill*         0x0800ada1        0x3 

.ARM.extab      0x0800ada4        0x0
                0x0800ada4                        . = ALIGN (0x4)
 *(.ARM.extab* .gnu.linkonce.armextab.*)
                0x0800ada4                        . = ALIGN (0x4)

.ARM            0x0800ada4        0x0
                0x0800ada4                        . = ALIGN (0x4)
                0x0800ada4                        __exidx_start = .
 *(.ARM.exidx*)
                0x0800ada4                        __exidx_end = .
                0x0800ada4                        . = ALIGN (0x4)

.preinit_array  0x0800ada4        0x0
                0x0800ada4                        . = ALIGN (0x4)
                0x0800ada4                        PROVIDE (__preinit_array_start = .)
 *(.preinit_array*)
                0x0800ada4                        PROVIDE (__preinit_array_end = .)
                0x0800ada4                        . = ALIGN (0x4)

.init_array     0x0800ada4        0x4
                0x0800ada4                        . = ALIGN (0x4)
                0x0800ada4                        PROVIDE (__init_array_start = .)
 *(SORT_BY_NAME(.init_array.*))
 *(.init_array*)
 .init_array    0x0800ada4        0x4 /private/tmp/arm-toolchain.EK5PgI/pkg/Payload/bin/../lib/gcc/arm-none-eabi/15.3.1/thumb/v7-m/nofp/crtbegin.o
                0x0800ada8                        PROVIDE (__init_array_end = .)
                0x0800ada8                        . = ALIGN (0x4)

.fini_array     0x0800ada8        0x4
                0x0800ada8                        . = ALIGN (0x4)
                [!provide]                        PROVIDE (__fini_array_start = .)
 *(SORT_BY_NAME(.fini_array.*))
 *(.fini_array*)
 .fini_array    0x0800ada8        0x4 /private/tmp/arm-toolchain.EK5PgI/pkg/Payload/bin/../lib/gcc/arm-none-eabi/15.3.1/thumb/v7-m/nofp/crtbegin.o
                [!provide]                        PROVIDE (__fini_array_end = .)
                0x0800adac                        . = ALIGN (0x4)
                0x0800adac                        _sidata = LOADADDR (.data)

.rel.dyn        0x0800adac        0x0
 .rel.iplt      0x0800adac        0x0 /private/tmp/arm-toolchain.EK5PgI/pkg/Payload/bin/../lib/gcc/arm-none-eabi/15.3.1/thumb/v7-m/nofp/crtbegin.o

.data           0x20000000       0x80 load address 0x0800adac
                0x20000000                        . = ALIGN (0x4)
                0x20000000                        _sdata = .
 *(.data)
 *(.data*)
 .data.Font_7x10
                0x20000000        0x8 build/Core/Src/fonts.o
                0x20000000                Font_7x10
 .data.Font_11x18
                0x20000008        0x8 build/Core/Src/fonts.o
                0x20000008                Font_11x18
 .data.Font_16x26
                0x20000010        0x8 build/Core/Src/fonts.o
                0x20000010                Font_16x26
 .data.Short2B2
                0x20000018        0x1 build/Core/Src/main.o
                0x20000018                Short2B2
 *fill*         0x20000019        0x1 
 .data.VOLTAGE_DCDC
                0x2000001a        0x2 build/Core/Src/main.o
                0x2000001a                VOLTAGE_DCDC
 .data.mux545   0x2000001c        0x1 build/Core/Src/main.o
                0x2000001c                mux545
 .data.mux3b2   0x2000001d        0x1 build/Core/Src/main.o
                0x2000001d                mux3b2
 .data.CHGcurrentSetpointA
                0x2000001e        0x1 build/Core/Src/main.o
                0x2000001e                CHGcurrentSetpointA
 .data.CHGcurrentAppliedA
                0x2000001f        0x1 build/Core/Src/main.o
                0x2000001f                CHGcurrentAppliedA
 .data.ACILim   0x20000020        0x1 build/Core/Src/main.o
                0x20000020                ACILim
 .data.buttonStable
                0x20000021        0x1 build/Core/Src/main.o
 .data.buttonSample
                0x20000022        0x1 build/Core/Src/main.o
 .data.autoStartArmed
                0x20000023        0x1 build/Core/Src/main.o
 .data.SystemCoreClock
                0x20000024        0x4 build/Core/Src/system_stm32f1xx.o
                0x20000024                SystemCoreClock
 .data.uwTickPrio
                0x20000028        0x4 build/Drivers/STM32F1xx_HAL_Driver/Src/stm32f1xx_hal.o
                0x20000028                uwTickPrio
 .data.uwTickFreq
                0x2000002c        0x1 build/Drivers/STM32F1xx_HAL_Driver/Src/stm32f1xx_hal.o
                0x2000002c                uwTickFreq
 *fill*         0x2000002d        0x3 
 .data._impure_ptr
                0x20000030        0x4 /private/tmp/arm-toolchain.EK5PgI/pkg/Payload/bin/../lib/gcc/arm-none-eabi/15.3.1/../../../../arm-none-eabi/lib/thumb/v7-m/nofp/libc_nano.a(libc_a-impure.o)
                0x20000030                _impure_ptr
 .data._impure_data
                0x20000034       0x4c /private/tmp/arm-toolchain.EK5PgI/pkg/Payload/bin/../lib/gcc/arm-none-eabi/15.3.1/../../../../arm-none-eabi/lib/thumb/v7-m/nofp/libc_nano.a(libc_a-impure.o)
                0x20000034                _impure_data
 *(.RamFunc)
 *(.RamFunc*)
                0x20000080                        . = ALIGN (0x4)
                0x20000080                        _edata = .

.tm_clone_table
                0x20000080        0x0 load address 0x0800ae2c
 .tm_clone_table
                0x20000080        0x0 /private/tmp/arm-toolchain.EK5PgI/pkg/Payload/bin/../lib/gcc/arm-none-eabi/15.3.1/thumb/v7-m/nofp/crtbegin.o
 .tm_clone_table
                0x20000080        0x0 /private/tmp/arm-toolchain.EK5PgI/pkg/Payload/bin/../lib/gcc/arm-none-eabi/15.3.1/thumb/v7-m/nofp/crtend.o

.igot.plt       0x20000080        0x0 load address 0x0800ae2c
 .igot.plt      0x20000080        0x0 /private/tmp/arm-toolchain.EK5PgI/pkg/Payload/bin/../lib/gcc/arm-none-eabi/15.3.1/thumb/v7-m/nofp/crtbegin.o
                0x20000080                        . = ALIGN (0x4)

.bss            0x20000080      0x788 load address 0x0800ae2c
                0x20000080                        _sbss = .
                0x20000080                        __bss_start__ = _sbss
 *(.bss)
 *(.bss*)
 .bss.completed.1
                0x20000080        0x1 /private/tmp/arm-toolchain.EK5PgI/pkg/Payload/bin/../lib/gcc/arm-none-eabi/15.3.1/thumb/v7-m/nofp/crtbegin.o
 *fill*         0x20000081        0x3 
 .bss.object.0  0x20000084       0x18 /private/tmp/arm-toolchain.EK5PgI/pkg/Payload/bin/../lib/gcc/arm-none-eabi/15.3.1/thumb/v7-m/nofp/crtbegin.o
 .bss.pcs_alert_matrix
                0x2000009c       0x10 build/Core/Src/main.o
                0x2000009c                pcs_alert_matrix
 .bss.PCS_AlertCnt
                0x200000ac        0x1 build/Core/Src/main.o
                0x200000ac                PCS_AlertCnt
 *fill*         0x200000ad        0x1 
 .bss.AlertCANId
                0x200000ae        0x2 build/Core/Src/main.o
                0x200000ae                AlertCANId
 .bss.AlertRxError
                0x200000b0        0x1 build/Core/Src/main.o
                0x200000b0                AlertRxError
 .bss.msec      0x200000b1        0x1 build/Core/Src/main.o
                0x200000b1                msec
 .bss.msec_50   0x200000b2        0x1 build/Core/Src/main.o
                0x200000b2                msec_50
 .bss.msec_100  0x200000b3        0x1 build/Core/Src/main.o
                0x200000b3                msec_100
 .bss.seconds   0x200000b4        0x2 build/Core/Src/main.o
                0x200000b4                seconds
 .bss.upd_disp  0x200000b6        0x1 build/Core/Src/main.o
                0x200000b6                upd_disp
 .bss.t_buzzer  0x200000b7        0x1 build/Core/Src/main.o
                0x200000b7                t_buzzer
 .bss.pcs_status
                0x200000b8        0x1 build/Core/Src/main.o
                0x200000b8                pcs_status
 .bss.pcs_w     0x200000b9        0x1 build/Core/Src/main.o
                0x200000b9                pcs_w
 .bss.dcdc_w    0x200000ba        0x1 build/Core/Src/main.o
                0x200000ba                dcdc_w
 .bss.chg_w     0x200000bb        0x1 build/Core/Src/main.o
                0x200000bb                chg_w
 .bss.ac_w      0x200000bc        0x1 build/Core/Src/main.o
                0x200000bc                ac_w
 .bss.chg_request
                0x200000bd        0x1 build/Core/Src/main.o
                0x200000bd                chg_request
 .bss.pin_dcdc_status
                0x200000be        0x1 build/Core/Src/main.o
                0x200000be                pin_dcdc_status
 .bss.pin_chg_status
                0x200000bf        0x1 build/Core/Src/main.o
                0x200000bf                pin_chg_status
 .bss.pcs_counter
                0x200000c0        0x1 build/Core/Src/main.o
                0x200000c0                pcs_counter
 .bss.Count545  0x200000c1        0x1 build/Core/Src/main.o
                0x200000c1                Count545
 .bss.CHGpwr    0x200000c2        0x2 build/Core/Src/main.o
                0x200000c2                CHGpwr
 .bss.CHGpwrTarget
                0x200000c4        0x2 build/Core/Src/main.o
                0x200000c4                CHGpwrTarget
 .bss.cell_SOC  0x200000c6        0x1 build/Core/Src/main.o
                0x200000c6                cell_SOC
 *fill*         0x200000c7        0x1 
 .bss.AClim     0x200000c8        0x2 build/Core/Src/main.o
                0x200000c8                AClim
 .bss.ACamps    0x200000ca        0x2 build/Core/Src/main.o
                0x200000ca                ACamps
 .bss.ACpwr     0x200000cc        0x2 build/Core/Src/main.o
                0x200000cc                ACpwr
 .bss.DCDCamps  0x200000ce        0x2 build/Core/Src/main.o
                0x200000ce                DCDCamps
 .bss.HVvolts   0x200000d0        0x2 build/Core/Src/main.o
                0x200000d0                HVvolts
 .bss.LVvolts   0x200000d2        0x2 build/Core/Src/main.o
                0x200000d2                LVvolts
 .bss.ACvolts   0x200000d4        0x2 build/Core/Src/main.o
                0x200000d4                ACvolts
 .bss.pcs_main_state
                0x200000d6        0x1 build/Core/Src/main.o
                0x200000d6                pcs_main_state
 .bss.pcs_hv_charge_status
                0x200000d7        0x1 build/Core/Src/main.o
                0x200000d7                pcs_hv_charge_status
 .bss.pcs_grid_config
                0x200000d8        0x1 build/Core/Src/main.o
                0x200000d8                pcs_grid_config
 .bss.pcs_pwm_enable_line
                0x200000d9        0x1 build/Core/Src/main.o
                0x200000d9                pcs_pwm_enable_line
 .bss.pcs_hw_variant
                0x200000da        0x1 build/Core/Src/main.o
                0x200000da                pcs_hw_variant
 .bss.pcs_shutdown_request
                0x200000db        0x1 build/Core/Src/main.o
                0x200000db                pcs_shutdown_request
 .bss.ac_current_raw
                0x200000dc        0x2 build/Core/Src/main.o
                0x200000dc                ac_current_raw
 .bss.ac_voltage_raw
                0x200000de        0x2 build/Core/Src/main.o
                0x200000de                ac_voltage_raw
 .bss.pcs_alert_page
                0x200000e0        0x1 build/Core/Src/main.o
                0x200000e0                pcs_alert_page
 .bss.pcs_last_alert_id
                0x200000e1        0x1 build/Core/Src/main.o
                0x200000e1                pcs_last_alert_id
 .bss.pcs_alert_can_id
                0x200000e2        0x2 build/Core/Src/main.o
                0x200000e2                pcs_alert_can_id
 .bss.pcs_alert_rx_error
                0x200000e4        0x1 build/Core/Src/main.o
                0x200000e4                pcs_alert_rx_error
 *fill*         0x200000e5        0x3 
 .bss.rx3A4Count
                0x200000e8        0x4 build/Core/Src/main.o
                0x200000e8                rx3A4Count
 .bss.rx424Count
                0x200000ec        0x4 build/Core/Src/main.o
                0x200000ec                rx424Count
 .bss.dbg_tx22A
                0x200000f0        0x4 build/Core/Src/main.o
                0x200000f0                dbg_tx22A
 .bss.dbg_tx2B2
                0x200000f4        0x5 build/Core/Src/main.o
                0x200000f4                dbg_tx2B2
 .bss.dbg_tx2B2_dlc
                0x200000f9        0x1 build/Core/Src/main.o
                0x200000f9                dbg_tx2B2_dlc
 *fill*         0x200000fa        0x2 
 .bss.dbg_tx23D
                0x200000fc        0x2 build/Core/Src/main.o
                0x200000fc                dbg_tx23D
 *fill*         0x200000fe        0x2 
 .bss.rxmess    0x20000100        0x4 build/Core/Src/main.o
                0x20000100                rxmess
 .bss.RX264     0x20000104        0x1 build/Core/Src/main.o
                0x20000104                RX264
 .bss.RX224     0x20000105        0x1 build/Core/Src/main.o
                0x20000105                RX224
 .bss.RX2C4     0x20000106        0x1 build/Core/Src/main.o
                0x20000106                RX2C4
 *fill*         0x20000107        0x1 
 .bss.hadc1     0x20000108       0x30 build/Core/Src/main.o
                0x20000108                hadc1
 .bss.hcan      0x20000138       0x28 build/Core/Src/main.o
                0x20000138                hcan
 .bss.hspi1     0x20000160       0x58 build/Core/Src/main.o
                0x20000160                hspi1
 .bss.htim1     0x200001b8       0x48 build/Core/Src/main.o
                0x200001b8                htim1
 .bss.htim2     0x20000200       0x48 build/Core/Src/main.o
                0x20000200                htim2
 .bss.canTxQueue
                0x20000248      0x400 build/Core/Src/main.o
 .bss.canTxHead
                0x20000648        0x1 build/Core/Src/main.o
 .bss.canTxTail
                0x20000649        0x1 build/Core/Src/main.o
 .bss.task10ms  0x2000064a        0x1 build/Core/Src/main.o
 .bss.task50ms  0x2000064b        0x1 build/Core/Src/main.o
 .bss.task100ms
                0x2000064c        0x1 build/Core/Src/main.o
 *fill*         0x2000064d        0x3 
 .bss.schedulerMisses
                0x20000650        0x4 build/Core/Src/main.o
 .bss.canTxOk   0x20000654        0x4 build/Core/Src/main.o
 .bss.canTxErrors
                0x20000658        0x4 build/Core/Src/main.o
 .bss.canTxQueueOverflows
                0x2000065c        0x4 build/Core/Src/main.o
 .bss.canErrorEvents
                0x20000660        0x4 build/Core/Src/main.o
 .bss.canLastError
                0x20000664        0x4 build/Core/Src/main.o
 .bss.canLastEsr
                0x20000668        0x4 build/Core/Src/main.o
 .bss.canHardwareResets
                0x2000066c        0x4 build/Core/Src/main.o
 .bss.lastPcsRxMs
                0x20000670        0x4 build/Core/Src/main.o
 .bss.last204Ms
                0x20000674        0x4 build/Core/Src/main.o
 .bss.last224Ms
                0x20000678        0x4 build/Core/Src/main.o
 .bss.last264Ms
                0x2000067c        0x4 build/Core/Src/main.o
 .bss.last2C4Ms
                0x20000680        0x4 build/Core/Src/main.o
 .bss.rx204Count
                0x20000684        0x4 build/Core/Src/main.o
 .bss.rx224Count
                0x20000688        0x4 build/Core/Src/main.o
 .bss.rx264Count
                0x2000068c        0x4 build/Core/Src/main.o
 .bss.rx2C4Count
                0x20000690        0x4 build/Core/Src/main.o
 .bss.lastMailboxFreeMs
                0x20000694        0x4 build/Core/Src/main.o
 .bss.controlState
                0x20000698        0x1 build/Core/Src/main.o
 *fill*         0x20000699        0x3 
 .bss.stateEnteredMs
                0x2000069c        0x4 build/Core/Src/main.o
 .bss.buttonDebounceCount
                0x200006a0        0x1 build/Core/Src/main.o
 *fill*         0x200006a1        0x3 
 .bss.acPresentSinceMs
                0x200006a4        0x4 build/Core/Src/main.o
 .bss.acAbsentSinceMs
                0x200006a8        0x4 build/Core/Src/main.o
 .bss.pcsAlertMatrixLast
                0x200006ac        0x8 build/Core/Src/main.o
 .bss.secondTicks.0
                0x200006b4        0x1 build/Core/Src/main.o
 *fill*         0x200006b5        0x3 
 .bss.__sbrk_heap_end
                0x200006b8        0x4 build/Core/Src/sysmem.o
 .bss.uwTick    0x200006bc        0x4 build/Drivers/STM32F1xx_HAL_Driver/Src/stm32f1xx_hal.o
                0x200006bc                uwTick
 .bss.__sf      0x200006c0      0x138 /private/tmp/arm-toolchain.EK5PgI/pkg/Payload/bin/../lib/gcc/arm-none-eabi/15.3.1/../../../../arm-none-eabi/lib/thumb/v7-m/nofp/libc_nano.a(libc_a-findfp.o)
                0x200006c0                __sf
 .bss.__lock___malloc_recursive_mutex
                0x200007f8        0x1 /private/tmp/arm-toolchain.EK5PgI/pkg/Payload/bin/../lib/gcc/arm-none-eabi/15.3.1/../../../../arm-none-eabi/lib/thumb/v7-m/nofp/libc_nano.a(libc_a-lock.o)
                0x200007f8                __lock___malloc_recursive_mutex
 *fill*         0x200007f9        0x3 
 .bss.__malloc_sbrk_start
                0x200007fc        0x4 /private/tmp/arm-toolchain.EK5PgI/pkg/Payload/bin/../lib/gcc/arm-none-eabi/15.3.1/../../../../arm-none-eabi/lib/thumb/v7-m/nofp/libc_nano.a(libc_a-mallocr.o)
                0x200007fc                __malloc_sbrk_start
 .bss.__malloc_free_list
                0x20000800        0x4 /private/tmp/arm-toolchain.EK5PgI/pkg/Payload/bin/../lib/gcc/arm-none-eabi/15.3.1/../../../../arm-none-eabi/lib/thumb/v7-m/nofp/libc_nano.a(libc_a-mallocr.o)
                0x20000800                __malloc_free_list
 .bss.errno     0x20000804        0x4 /private/tmp/arm-toolchain.EK5PgI/pkg/Payload/bin/../lib/gcc/arm-none-eabi/15.3.1/../../../../arm-none-eabi/lib/thumb/v7-m/nofp/libc_nano.a(libc_a-reent.o)
                0x20000804                errno
 *(COMMON)
                0x20000808                        . = ALIGN (0x4)
                0x20000808                        _ebss = .
                0x20000808                        __bss_end__ = _ebss

._user_heap_stack
                0x20000808      0x600 load address 0x0800ae2c
                0x20000808                        . = ALIGN (0x8)
                [!provide]                        PROVIDE (end = .)
                0x20000808                        PROVIDE (_end = .)
                0x20000a08                        . = (. + _Min_Heap_Size)
 *fill*         0x20000808      0x200 
                0x20000e08                        . = (. + _Min_Stack_Size)
 *fill*         0x20000a08      0x400 
                0x20000e08                        . = ALIGN (0x8)

/DISCARD/
 libc.a(*)
 libm.a(*)
 libgcc.a(*)

.ARM.attributes
                0x00000000       0x29
 *(.ARM.attributes)
 .ARM.attributes
                0x00000000       0x1d /private/tmp/arm-toolchain.EK5PgI/pkg/Payload/bin/../lib/gcc/arm-none-eabi/15.3.1/thumb/v7-m/nofp/crti.o
 .ARM.attributes
                0x0000001d       0x2d /private/tmp/arm-toolchain.EK5PgI/pkg/Payload/bin/../lib/gcc/arm-none-eabi/15.3.1/thumb/v7-m/nofp/crtbegin.o
 .ARM.attributes
                0x0000004a       0x2d build/Core/Src/fonts.o
 .ARM.attributes
                0x00000077       0x2d build/Core/Src/ili9341.o
 .ARM.attributes
                0x000000a4       0x2d build/Core/Src/main.o
 .ARM.attributes
                0x000000d1       0x2d build/Core/Src/pcs_protocol.o
 .ARM.attributes
                0x000000fe       0x2d build/Core/Src/stm32f1xx_hal_msp.o
 .ARM.attributes
                0x0000012b       0x2d build/Core/Src/stm32f1xx_it.o
 .ARM.attributes
                0x00000158       0x2d build/Core/Src/sysmem.o
 .ARM.attributes
                0x00000185       0x2d build/Core/Src/system_stm32f1xx.o
 .ARM.attributes
                0x000001b2       0x2d build/Drivers/STM32F1xx_HAL_Driver/Src/stm32f1xx_hal.o
 .ARM.attributes
                0x000001df       0x2d build/Drivers/STM32F1xx_HAL_Driver/Src/stm32f1xx_hal_adc.o
 .ARM.attributes
                0x0000020c       0x2d build/Drivers/STM32F1xx_HAL_Driver/Src/stm32f1xx_hal_can.o
 .ARM.attributes
                0x00000239       0x2d build/Drivers/STM32F1xx_HAL_Driver/Src/stm32f1xx_hal_cortex.o
 .ARM.attributes
                0x00000266       0x2d build/Drivers/STM32F1xx_HAL_Driver/Src/stm32f1xx_hal_gpio.o
 .ARM.attributes
                0x00000293       0x2d build/Drivers/STM32F1xx_HAL_Driver/Src/stm32f1xx_hal_rcc.o
 .ARM.attributes
                0x000002c0       0x2d build/Drivers/STM32F1xx_HAL_Driver/Src/stm32f1xx_hal_rcc_ex.o
 .ARM.attributes
                0x000002ed       0x2d build/Drivers/STM32F1xx_HAL_Driver/Src/stm32f1xx_hal_spi.o
 .ARM.attributes
                0x0000031a       0x2d build/Drivers/STM32F1xx_HAL_Driver/Src/stm32f1xx_hal_tim.o
 .ARM.attributes
                0x00000347       0x2d build/Drivers/STM32F1xx_HAL_Driver/Src/stm32f1xx_hal_tim_ex.o
 .ARM.attributes
                0x00000374       0x21 build/Core/Startup/startup_stm32f103c8tx.o
 .ARM.attributes
                0x00000395       0x2d /private/tmp/arm-toolchain.EK5PgI/pkg/Payload/bin/../lib/gcc/arm-none-eabi/15.3.1/../../../../arm-none-eabi/lib/thumb/v7-m/nofp/libc_nano.a(libc_a-snprintf.o)
 .ARM.attributes
                0x000003c2       0x2d /private/tmp/arm-toolchain.EK5PgI/pkg/Payload/bin/../lib/gcc/arm-none-eabi/15.3.1/../../../../arm-none-eabi/lib/thumb/v7-m/nofp/libc_nano.a(libc_a-findfp.o)
 .ARM.attributes
                0x000003ef       0x2d /private/tmp/arm-toolchain.EK5PgI/pkg/Payload/bin/../lib/gcc/arm-none-eabi/15.3.1/../../../../arm-none-eabi/lib/thumb/v7-m/nofp/libc_nano.a(libc_a-memset.o)
 .ARM.attributes
                0x0000041c       0x2d /private/tmp/arm-toolchain.EK5PgI/pkg/Payload/bin/../lib/gcc/arm-none-eabi/15.3.1/../../../../arm-none-eabi/lib/thumb/v7-m/nofp/libc_nano.a(libc_a-errno.o)
 .ARM.attributes
                0x00000449       0x2d /private/tmp/arm-toolchain.EK5PgI/pkg/Payload/bin/../lib/gcc/arm-none-eabi/15.3.1/../../../../arm-none-eabi/lib/thumb/v7-m/nofp/libc_nano.a(libc_a-init.o)
 .ARM.attributes
                0x00000476       0x2d /private/tmp/arm-toolchain.EK5PgI/pkg/Payload/bin/../lib/gcc/arm-none-eabi/15.3.1/../../../../arm-none-eabi/lib/thumb/v7-m/nofp/libc_nano.a(libc_a-lock.o)
 .ARM.attributes
                0x000004a3       0x2d /private/tmp/arm-toolchain.EK5PgI/pkg/Payload/bin/../lib/gcc/arm-none-eabi/15.3.1/../../../../arm-none-eabi/lib/thumb/v7-m/nofp/libc_nano.a(libc_a-impure.o)
 .ARM.attributes
                0x000004d0       0x2d /private/tmp/arm-toolchain.EK5PgI/pkg/Payload/bin/../lib/gcc/arm-none-eabi/15.3.1/../../../../arm-none-eabi/lib/thumb/v7-m/nofp/libc_nano.a(libc_a-nano-svfprintf.o)
 .ARM.attributes
                0x000004fd       0x2d /private/tmp/arm-toolchain.EK5PgI/pkg/Payload/bin/../lib/gcc/arm-none-eabi/15.3.1/../../../../arm-none-eabi/lib/thumb/v7-m/nofp/libc_nano.a(libc_a-mallocr.o)
 .ARM.attributes
                0x0000052a       0x2d /private/tmp/arm-toolchain.EK5PgI/pkg/Payload/bin/../lib/gcc/arm-none-eabi/15.3.1/../../../../arm-none-eabi/lib/thumb/v7-m/nofp/libc_nano.a(libc_a-nano-vfprintf_i.o)
 .ARM.attributes
                0x00000557       0x2d /private/tmp/arm-toolchain.EK5PgI/pkg/Payload/bin/../lib/gcc/arm-none-eabi/15.3.1/../../../../arm-none-eabi/lib/thumb/v7-m/nofp/libc_nano.a(libc_a-mlock.o)
 .ARM.attributes
                0x00000584       0x2d /private/tmp/arm-toolchain.EK5PgI/pkg/Payload/bin/../lib/gcc/arm-none-eabi/15.3.1/../../../../arm-none-eabi/lib/thumb/v7-m/nofp/libc_nano.a(libc_a-reallocr.o)
 .ARM.attributes
                0x000005b1       0x2d /private/tmp/arm-toolchain.EK5PgI/pkg/Payload/bin/../lib/gcc/arm-none-eabi/15.3.1/../../../../arm-none-eabi/lib/thumb/v7-m/nofp/libc_nano.a(libc_a-memmove.o)
 .ARM.attributes
                0x000005de       0x2d /private/tmp/arm-toolchain.EK5PgI/pkg/Payload/bin/../lib/gcc/arm-none-eabi/15.3.1/../../../../arm-none-eabi/lib/thumb/v7-m/nofp/libc_nano.a(libc_a-sbrkr.o)
 .ARM.attributes
                0x0000060b       0x2d /private/tmp/arm-toolchain.EK5PgI/pkg/Payload/bin/../lib/gcc/arm-none-eabi/15.3.1/../../../../arm-none-eabi/lib/thumb/v7-m/nofp/libc_nano.a(libc_a-reent.o)
 .ARM.attributes
                0x00000638       0x2d /private/tmp/arm-toolchain.EK5PgI/pkg/Payload/bin/../lib/gcc/arm-none-eabi/15.3.1/../../../../arm-none-eabi/lib/thumb/v7-m/nofp/libc_nano.a(libc_a-memchr-stub.o)
 .ARM.attributes
                0x00000665       0x2d /private/tmp/arm-toolchain.EK5PgI/pkg/Payload/bin/../lib/gcc/arm-none-eabi/15.3.1/../../../../arm-none-eabi/lib/thumb/v7-m/nofp/libc_nano.a(libc_a-memcpy-stub.o)
 .ARM.attributes
                0x00000692       0x2d /private/tmp/arm-toolchain.EK5PgI/pkg/Payload/bin/../lib/gcc/arm-none-eabi/15.3.1/../../../../arm-none-eabi/lib/thumb/v7-m/nofp/libc_nano.a(libc_a-freer.o)
 .ARM.attributes
                0x000006bf       0x2d /private/tmp/arm-toolchain.EK5PgI/pkg/Payload/bin/../lib/gcc/arm-none-eabi/15.3.1/../../../../arm-none-eabi/lib/thumb/v7-m/nofp/libc_nano.a(libc_a-msizer.o)
 .ARM.attributes
                0x000006ec       0x1d /private/tmp/arm-toolchain.EK5PgI/pkg/Payload/bin/../lib/gcc/arm-none-eabi/15.3.1/thumb/v7-m/nofp/libgcc.a(_arm_mulsf3.o)
 .ARM.attributes
                0x00000709       0x1d /private/tmp/arm-toolchain.EK5PgI/pkg/Payload/bin/../lib/gcc/arm-none-eabi/15.3.1/thumb/v7-m/nofp/libgcc.a(_arm_addsubdf3.o)
 .ARM.attributes
                0x00000726       0x1d /private/tmp/arm-toolchain.EK5PgI/pkg/Payload/bin/../lib/gcc/arm-none-eabi/15.3.1/thumb/v7-m/nofp/libgcc.a(_arm_muldivdf3.o)
 .ARM.attributes
                0x00000743       0x1d /private/tmp/arm-toolchain.EK5PgI/pkg/Payload/bin/../lib/gcc/arm-none-eabi/15.3.1/thumb/v7-m/nofp/libgcc.a(_arm_fixunsdfsi.o)
 .ARM.attributes
                0x00000760       0x1d /private/tmp/arm-toolchain.EK5PgI/pkg/Payload/bin/../lib/gcc/arm-none-eabi/15.3.1/thumb/v7-m/nofp/libgcc.a(_arm_addsubsf3.o)
 .ARM.attributes
                0x0000077d       0x1d /private/tmp/arm-toolchain.EK5PgI/pkg/Payload/bin/../lib/gcc/arm-none-eabi/15.3.1/thumb/v7-m/nofp/libgcc.a(_arm_fixunssfsi.o)
 .ARM.attributes
                0x0000079a       0x2d /private/tmp/arm-toolchain.EK5PgI/pkg/Payload/bin/../lib/gcc/arm-none-eabi/15.3.1/thumb/v7-m/nofp/crtend.o
 .ARM.attributes
                0x000007c7       0x1d /private/tmp/arm-toolchain.EK5PgI/pkg/Payload/bin/../lib/gcc/arm-none-eabi/15.3.1/thumb/v7-m/nofp/crtn.o
OUTPUT(build/tesla_charger.elf elf32-littlearm)
LOAD linker stubs
LOAD /private/tmp/arm-toolchain.EK5PgI/pkg/Payload/bin/../lib/gcc/arm-none-eabi/15.3.1/../../../../arm-none-eabi/lib/thumb/v7-m/nofp/libc.a
LOAD /private/tmp/arm-toolchain.EK5PgI/pkg/Payload/bin/../lib/gcc/arm-none-eabi/15.3.1/../../../../arm-none-eabi/lib/thumb/v7-m/nofp/libm.a
LOAD /private/tmp/arm-toolchain.EK5PgI/pkg/Payload/bin/../lib/gcc/arm-none-eabi/15.3.1/thumb/v7-m/nofp/libgcc.a

.debug_info     0x00000000     0xf5e5
 .debug_info    0x00000000      0x19a build/Core/Src/fonts.o
 .debug_info    0x0000019a     0x10af build/Core/Src/ili9341.o
 .debug_info    0x00001249     0x2c23 build/Core/Src/main.o
 .debug_info    0x00003e6c      0x479 build/Core/Src/pcs_protocol.o
 .debug_info    0x000042e5     0x14a9 build/Core/Src/stm32f1xx_hal_msp.o
 .debug_info    0x0000578e      0xa7e build/Core/Src/stm32f1xx_it.o
 .debug_info    0x0000620c      0x168 build/Core/Src/sysmem.o
 .debug_info    0x00006374      0x222 build/Core/Src/system_stm32f1xx.o
 .debug_info    0x00006596      0x704 build/Drivers/STM32F1xx_HAL_Driver/Src/stm32f1xx_hal.o
 .debug_info    0x00006c9a      0xc50 build/Drivers/STM32F1xx_HAL_Driver/Src/stm32f1xx_hal_adc.o
 .debug_info    0x000078ea      0xf13 build/Drivers/STM32F1xx_HAL_Driver/Src/stm32f1xx_hal_can.o
 .debug_info    0x000087fd      0xa87 build/Drivers/STM32F1xx_HAL_Driver/Src/stm32f1xx_hal_cortex.o
 .debug_info    0x00009284      0x5ab build/Drivers/STM32F1xx_HAL_Driver/Src/stm32f1xx_hal_gpio.o
 .debug_info    0x0000982f      0x7d5 build/Drivers/STM32F1xx_HAL_Driver/Src/stm32f1xx_hal_rcc.o
 .debug_info    0x0000a004      0x3c0 build/Drivers/STM32F1xx_HAL_Driver/Src/stm32f1xx_hal_rcc_ex.o
 .debug_info    0x0000a3c4     0x142d build/Drivers/STM32F1xx_HAL_Driver/Src/stm32f1xx_hal_spi.o
 .debug_info    0x0000b7f1     0x2959 build/Drivers/STM32F1xx_HAL_Driver/Src/stm32f1xx_hal_tim.o
 .debug_info    0x0000e14a     0x149b build/Drivers/STM32F1xx_HAL_Driver/Src/stm32f1xx_hal_tim_ex.o

.debug_abbrev   0x00000000     0x25e0
 .debug_abbrev  0x00000000       0xb3 build/Core/Src/fonts.o
 .debug_abbrev  0x000000b3      0x2dc build/Core/Src/ili9341.o
 .debug_abbrev  0x0000038f      0x453 build/Core/Src/main.o
 .debug_abbrev  0x000007e2      0x104 build/Core/Src/pcs_protocol.o
 .debug_abbrev  0x000008e6      0x262 build/Core/Src/stm32f1xx_hal_msp.o
 .debug_abbrev  0x00000b48      0x1eb build/Core/Src/stm32f1xx_it.o
 .debug_abbrev  0x00000d33       0xbc build/Core/Src/sysmem.o
 .debug_abbrev  0x00000def      0x13f build/Core/Src/system_stm32f1xx.o
 .debug_abbrev  0x00000f2e      0x201 build/Drivers/STM32F1xx_HAL_Driver/Src/stm32f1xx_hal.o
 .debug_abbrev  0x0000112f      0x225 build/Drivers/STM32F1xx_HAL_Driver/Src/stm32f1xx_hal_adc.o
 .debug_abbrev  0x00001354      0x21c build/Drivers/STM32F1xx_HAL_Driver/Src/stm32f1xx_hal_can.o
 .debug_abbrev  0x00001570      0x2f8 build/Drivers/STM32F1xx_HAL_Driver/Src/stm32f1xx_hal_cortex.o
 .debug_abbrev  0x00001868      0x1ca build/Drivers/STM32F1xx_HAL_Driver/Src/stm32f1xx_hal_gpio.o
 .debug_abbrev  0x00001a32      0x2b3 build/Drivers/STM32F1xx_HAL_Driver/Src/stm32f1xx_hal_rcc.o
 .debug_abbrev  0x00001ce5      0x188 build/Drivers/STM32F1xx_HAL_Driver/Src/stm32f1xx_hal_rcc_ex.o
 .debug_abbrev  0x00001e6d      0x27a build/Drivers/STM32F1xx_HAL_Driver/Src/stm32f1xx_hal_spi.o
 .debug_abbrev  0x000020e7      0x277 build/Drivers/STM32F1xx_HAL_Driver/Src/stm32f1xx_hal_tim.o
 .debug_abbrev  0x0000235e      0x282 build/Drivers/STM32F1xx_HAL_Driver/Src/stm32f1xx_hal_tim_ex.o

.debug_aranges  0x00000000      0xfa0
 .debug_aranges
                0x00000000       0x18 build/Core/Src/fonts.o
 .debug_aranges
                0x00000018       0xc8 build/Core/Src/ili9341.o
 .debug_aranges
                0x000000e0      0x100 build/Core/Src/main.o
 .debug_aranges
                0x000001e0       0x70 build/Core/Src/pcs_protocol.o
 .debug_aranges
                0x00000250       0x68 build/Core/Src/stm32f1xx_hal_msp.o
 .debug_aranges
                0x000002b8       0x78 build/Core/Src/stm32f1xx_it.o
 .debug_aranges
                0x00000330       0x20 build/Core/Src/sysmem.o
 .debug_aranges
                0x00000350       0x28 build/Core/Src/system_stm32f1xx.o
 .debug_aranges
                0x00000378       0xe0 build/Drivers/STM32F1xx_HAL_Driver/Src/stm32f1xx_hal.o
 .debug_aranges
                0x00000458       0xf0 build/Drivers/STM32F1xx_HAL_Driver/Src/stm32f1xx_hal_adc.o
 .debug_aranges
                0x00000548      0x138 build/Drivers/STM32F1xx_HAL_Driver/Src/stm32f1xx_hal_can.o
 .debug_aranges
                0x00000680      0x100 build/Drivers/STM32F1xx_HAL_Driver/Src/stm32f1xx_hal_cortex.o
 .debug_aranges
                0x00000780       0x58 build/Drivers/STM32F1xx_HAL_Driver/Src/stm32f1xx_hal_gpio.o
 .debug_aranges
                0x000007d8       0x90 build/Drivers/STM32F1xx_HAL_Driver/Src/stm32f1xx_hal_rcc.o
 .debug_aranges
                0x00000868       0x30 build/Drivers/STM32F1xx_HAL_Driver/Src/stm32f1xx_hal_rcc_ex.o
 .debug_aranges
                0x00000898      0x1d0 build/Drivers/STM32F1xx_HAL_Driver/Src/stm32f1xx_hal_spi.o
 .debug_aranges
                0x00000a68      0x3d0 build/Drivers/STM32F1xx_HAL_Driver/Src/stm32f1xx_hal_tim.o
 .debug_aranges
                0x00000e38      0x168 build/Drivers/STM32F1xx_HAL_Driver/Src/stm32f1xx_hal_tim_ex.o

.debug_macro    0x00000000    0x18f18
 .debug_macro   0x00000000       0x6d build/Core/Src/fonts.o
 .debug_macro   0x0000006d      0xade build/Core/Src/fonts.o
 .debug_macro   0x00000b4b       0x22 build/Core/Src/fonts.o
 .debug_macro   0x00000b6d       0x8e build/Core/Src/fonts.o
 .debug_macro   0x00000bfb       0x6d build/Core/Src/fonts.o
 .debug_macro   0x00000c68      0x103 build/Core/Src/fonts.o
 .debug_macro   0x00000d6b       0x6a build/Core/Src/fonts.o
 .debug_macro   0x00000dd5      0x1d0 build/Core/Src/fonts.o
 .debug_macro   0x00000fa5      0x2e0 build/Core/Src/ili9341.o
 .debug_macro   0x00001285      0x227 build/Core/Src/ili9341.o
 .debug_macro   0x000014ac       0x2e build/Core/Src/ili9341.o
 .debug_macro   0x000014da       0x22 build/Core/Src/ili9341.o
 .debug_macro   0x000014fc       0x1c build/Core/Src/ili9341.o
 .debug_macro   0x00001518       0x22 build/Core/Src/ili9341.o
 .debug_macro   0x0000153a       0xbd build/Core/Src/ili9341.o
 .debug_macro   0x000015f7      0xd23 build/Core/Src/ili9341.o
 .debug_macro   0x0000231a     0xe09e build/Core/Src/ili9341.o
 .debug_macro   0x000103b8       0x6d build/Core/Src/ili9341.o
 .debug_macro   0x00010425     0x34a2 build/Core/Src/ili9341.o
 .debug_macro   0x000138c7      0x190 build/Core/Src/ili9341.o
 .debug_macro   0x00013a57       0x5c build/Core/Src/ili9341.o
 .debug_macro   0x00013ab3      0x5bc build/Core/Src/ili9341.o
 .debug_macro   0x0001406f      0x289 build/Core/Src/ili9341.o
 .debug_macro   0x000142f8      0x1cb build/Core/Src/ili9341.o
 .debug_macro   0x000144c3      0x114 build/Core/Src/ili9341.o
 .debug_macro   0x000145d7      0x1b2 build/Core/Src/ili9341.o
 .debug_macro   0x00014789       0x27 build/Core/Src/ili9341.o
 .debug_macro   0x000147b0      0x136 build/Core/Src/ili9341.o
 .debug_macro   0x000148e6      0x1bc build/Core/Src/ili9341.o
 .debug_macro   0x00014aa2       0x34 build/Core/Src/ili9341.o
 .debug_macro   0x00014ad6       0x3c build/Core/Src/ili9341.o
 .debug_macro   0x00014b12      0x408 build/Core/Src/ili9341.o
 .debug_macro   0x00014f1a       0x57 build/Core/Src/ili9341.o
 .debug_macro   0x00014f71      0x46a build/Core/Src/ili9341.o
 .debug_macro   0x000153db      0x1b5 build/Core/Src/ili9341.o
 .debug_macro   0x00015590       0x87 build/Core/Src/ili9341.o
 .debug_macro   0x00015617      0x240 build/Core/Src/ili9341.o
 .debug_macro   0x00015857      0x140 build/Core/Src/ili9341.o
 .debug_macro   0x00015997      0x217 build/Core/Src/ili9341.o
 .debug_macro   0x00015bae      0x8ed build/Core/Src/ili9341.o
 .debug_macro   0x0001649b       0x83 build/Core/Src/ili9341.o
 .debug_macro   0x0001651e       0x22 build/Core/Src/ili9341.o
 .debug_macro   0x00016540       0xa0 build/Core/Src/ili9341.o
 .debug_macro   0x000165e0       0x7b build/Core/Src/ili9341.o
 .debug_macro   0x0001665b       0x24 build/Core/Src/ili9341.o
 .debug_macro   0x0001667f       0x3c build/Core/Src/ili9341.o
 .debug_macro   0x000166bb       0x34 build/Core/Src/ili9341.o
 .debug_macro   0x000166ef       0x16 build/Core/Src/ili9341.o
 .debug_macro   0x00016705       0x3c build/Core/Src/ili9341.o
 .debug_macro   0x00016741      0x364 build/Core/Src/ili9341.o
 .debug_macro   0x00016aa5       0x10 build/Core/Src/ili9341.o
 .debug_macro   0x00016ab5       0x16 build/Core/Src/ili9341.o
 .debug_macro   0x00016acb       0x4a build/Core/Src/ili9341.o
 .debug_macro   0x00016b15       0x34 build/Core/Src/ili9341.o
 .debug_macro   0x00016b49       0x10 build/Core/Src/ili9341.o
 .debug_macro   0x00016b59       0x58 build/Core/Src/ili9341.o
 .debug_macro   0x00016bb1      0x1e5 build/Core/Src/ili9341.o
 .debug_macro   0x00016d96       0x16 build/Core/Src/ili9341.o
 .debug_macro   0x00016dac       0x16 build/Core/Src/ili9341.o
 .debug_macro   0x00016dc2      0x170 build/Core/Src/ili9341.o
 .debug_macro   0x00016f32       0x16 build/Core/Src/ili9341.o
 .debug_macro   0x00016f48       0x16 build/Core/Src/ili9341.o
 .debug_macro   0x00016f5e       0x29 build/Core/Src/ili9341.o
 .debug_macro   0x00016f87      0x281 build/Core/Src/main.o
 .debug_macro   0x00017208      0x124 build/Core/Src/main.o
 .debug_macro   0x0001732c       0x70 build/Core/Src/main.o
 .debug_macro   0x0001739c       0x76 build/Core/Src/pcs_protocol.o
 .debug_macro   0x00017412      0x1d0 build/Core/Src/stm32f1xx_hal_msp.o
 .debug_macro   0x000175e2      0x1da build/Core/Src/stm32f1xx_it.o
 .debug_macro   0x000177bc       0xff build/Core/Src/sysmem.o
 .debug_macro   0x000178bb      0x23c build/Core/Src/sysmem.o
 .debug_macro   0x00017af7      0x1c1 build/Core/Src/system_stm32f1xx.o
 .debug_macro   0x00017cb8      0x1e5 build/Drivers/STM32F1xx_HAL_Driver/Src/stm32f1xx_hal.o
 .debug_macro   0x00017e9d      0x1de build/Drivers/STM32F1xx_HAL_Driver/Src/stm32f1xx_hal_adc.o
 .debug_macro   0x0001807b      0x1d0 build/Drivers/STM32F1xx_HAL_Driver/Src/stm32f1xx_hal_can.o
 .debug_macro   0x0001824b      0x1c1 build/Drivers/STM32F1xx_HAL_Driver/Src/stm32f1xx_hal_cortex.o
 .debug_macro   0x0001840c      0x22c build/Drivers/STM32F1xx_HAL_Driver/Src/stm32f1xx_hal_gpio.o
 .debug_macro   0x00018638      0x1d3 build/Drivers/STM32F1xx_HAL_Driver/Src/stm32f1xx_hal_rcc.o
 .debug_macro   0x0001880b      0x1c1 build/Drivers/STM32F1xx_HAL_Driver/Src/stm32f1xx_hal_rcc_ex.o
 .debug_macro   0x000189cc      0x1c9 build/Drivers/STM32F1xx_HAL_Driver/Src/stm32f1xx_hal_spi.o
 .debug_macro   0x00018b95      0x1c2 build/Drivers/STM32F1xx_HAL_Driver/Src/stm32f1xx_hal_tim.o
 .debug_macro   0x00018d57      0x1c1 build/Drivers/STM32F1xx_HAL_Driver/Src/stm32f1xx_hal_tim_ex.o

.debug_line     0x00000000     0xed00
 .debug_line    0x00000000      0x1d9 build/Core/Src/fonts.o
 .debug_line    0x000001d9      0xb6b build/Core/Src/ili9341.o
 .debug_line    0x00000d44     0x1863 build/Core/Src/main.o
 .debug_line    0x000025a7      0x51f build/Core/Src/pcs_protocol.o
 .debug_line    0x00002ac6      0x678 build/Core/Src/stm32f1xx_hal_msp.o
 .debug_line    0x0000313e      0x5fd build/Core/Src/stm32f1xx_it.o
 .debug_line    0x0000373b      0x292 build/Core/Src/sysmem.o
 .debug_line    0x000039cd      0x585 build/Core/Src/system_stm32f1xx.o
 .debug_line    0x00003f52      0x7b9 build/Drivers/STM32F1xx_HAL_Driver/Src/stm32f1xx_hal.o
 .debug_line    0x0000470b      0xddb build/Drivers/STM32F1xx_HAL_Driver/Src/stm32f1xx_hal_adc.o
 .debug_line    0x000054e6      0xfaf build/Drivers/STM32F1xx_HAL_Driver/Src/stm32f1xx_hal_can.o
 .debug_line    0x00006495      0x992 build/Drivers/STM32F1xx_HAL_Driver/Src/stm32f1xx_hal_cortex.o
 .debug_line    0x00006e27      0x7ef build/Drivers/STM32F1xx_HAL_Driver/Src/stm32f1xx_hal_gpio.o
 .debug_line    0x00007616      0xc6f build/Drivers/STM32F1xx_HAL_Driver/Src/stm32f1xx_hal_rcc.o
 .debug_line    0x00008285      0x720 build/Drivers/STM32F1xx_HAL_Driver/Src/stm32f1xx_hal_rcc_ex.o
 .debug_line    0x000089a5     0x1a4d build/Drivers/STM32F1xx_HAL_Driver/Src/stm32f1xx_hal_spi.o
 .debug_line    0x0000a3f2     0x32b9 build/Drivers/STM32F1xx_HAL_Driver/Src/stm32f1xx_hal_tim.o
 .debug_line    0x0000d6ab     0x1655 build/Drivers/STM32F1xx_HAL_Driver/Src/stm32f1xx_hal_tim_ex.o

.debug_str      0x00000000    0x928c8
 .debug_str     0x00000000    0x928c8 build/Core/Src/fonts.o
                               0x3e50 (size before relaxing)
 .debug_str     0x000928c8        0x0 build/Core/Src/ili9341.o
                              0x8d748 (size before relaxing)
 .debug_str     0x000928c8        0x0 build/Core/Src/main.o
                              0x8c5c2 (size before relaxing)
 .debug_str     0x000928c8        0x0 build/Core/Src/pcs_protocol.o
                               0x40c0 (size before relaxing)
 .debug_str     0x000928c8        0x0 build/Core/Src/stm32f1xx_hal_msp.o
                              0x8ae86 (size before relaxing)
 .debug_str     0x000928c8        0x0 build/Core/Src/stm32f1xx_it.o
                              0x8a7e2 (size before relaxing)
 .debug_str     0x000928c8        0x0 build/Core/Src/sysmem.o
                               0x7150 (size before relaxing)
 .debug_str     0x000928c8        0x0 build/Core/Src/system_stm32f1xx.o
                              0x89b9e (size before relaxing)
 .debug_str     0x000928c8        0x0 build/Drivers/STM32F1xx_HAL_Driver/Src/stm32f1xx_hal.o
                              0x8a2d1 (size before relaxing)
 .debug_str     0x000928c8        0x0 build/Drivers/STM32F1xx_HAL_Driver/Src/stm32f1xx_hal_adc.o
                              0x8a282 (size before relaxing)
 .debug_str     0x000928c8        0x0 build/Drivers/STM32F1xx_HAL_Driver/Src/stm32f1xx_hal_can.o
                              0x8a3a6 (size before relaxing)
 .debug_str     0x000928c8        0x0 build/Drivers/STM32F1xx_HAL_Driver/Src/stm32f1xx_hal_cortex.o
                              0x8a21d (size before relaxing)
 .debug_str     0x000928c8        0x0 build/Drivers/STM32F1xx_HAL_Driver/Src/stm32f1xx_hal_gpio.o
                              0x89f24 (size before relaxing)
 .debug_str     0x000928c8        0x0 build/Drivers/STM32F1xx_HAL_Driver/Src/stm32f1xx_hal_rcc.o
                              0x89fcd (size before relaxing)
 .debug_str     0x000928c8        0x0 build/Drivers/STM32F1xx_HAL_Driver/Src/stm32f1xx_hal_rcc_ex.o
                              0x89d1d (size before relaxing)
 .debug_str     0x000928c8        0x0 build/Drivers/STM32F1xx_HAL_Driver/Src/stm32f1xx_hal_spi.o
                              0x8a4c4 (size before relaxing)
 .debug_str     0x000928c8        0x0 build/Drivers/STM32F1xx_HAL_Driver/Src/stm32f1xx_hal_tim.o
                              0x8afcf (size before relaxing)
 .debug_str     0x000928c8        0x0 build/Drivers/STM32F1xx_HAL_Driver/Src/stm32f1xx_hal_tim_ex.o
                              0x8a7db (size before relaxing)

.comment        0x00000000       0x46
 .comment       0x00000000       0x46 build/Core/Src/fonts.o
                                 0x47 (size before relaxing)
 .comment       0x00000046        0x0 build/Core/Src/ili9341.o
                                 0x47 (size before relaxing)
 .comment       0x00000046        0x0 build/Core/Src/main.o
                                 0x47 (size before relaxing)
 .comment       0x00000046        0x0 build/Core/Src/pcs_protocol.o
                                 0x47 (size before relaxing)
 .comment       0x00000046        0x0 build/Core/Src/stm32f1xx_hal_msp.o
                                 0x47 (size before relaxing)
 .comment       0x00000046        0x0 build/Core/Src/stm32f1xx_it.o
                                 0x47 (size before relaxing)
 .comment       0x00000046        0x0 build/Core/Src/sysmem.o
                                 0x47 (size before relaxing)
 .comment       0x00000046        0x0 build/Core/Src/system_stm32f1xx.o
                                 0x47 (size before relaxing)
 .comment       0x00000046        0x0 build/Drivers/STM32F1xx_HAL_Driver/Src/stm32f1xx_hal.o
                                 0x47 (size before relaxing)
 .comment       0x00000046        0x0 build/Drivers/STM32F1xx_HAL_Driver/Src/stm32f1xx_hal_adc.o
                                 0x47 (size before relaxing)
 .comment       0x00000046        0x0 build/Drivers/STM32F1xx_HAL_Driver/Src/stm32f1xx_hal_can.o
                                 0x47 (size before relaxing)
 .comment       0x00000046        0x0 build/Drivers/STM32F1xx_HAL_Driver/Src/stm32f1xx_hal_cortex.o
                                 0x47 (size before relaxing)
 .comment       0x00000046        0x0 build/Drivers/STM32F1xx_HAL_Driver/Src/stm32f1xx_hal_gpio.o
                                 0x47 (size before relaxing)
 .comment       0x00000046        0x0 build/Drivers/STM32F1xx_HAL_Driver/Src/stm32f1xx_hal_rcc.o
                                 0x47 (size before relaxing)
 .comment       0x00000046        0x0 build/Drivers/STM32F1xx_HAL_Driver/Src/stm32f1xx_hal_rcc_ex.o
                                 0x47 (size before relaxing)
 .comment       0x00000046        0x0 build/Drivers/STM32F1xx_HAL_Driver/Src/stm32f1xx_hal_spi.o
                                 0x47 (size before relaxing)
 .comment       0x00000046        0x0 build/Drivers/STM32F1xx_HAL_Driver/Src/stm32f1xx_hal_tim.o
                                 0x47 (size before relaxing)
 .comment       0x00000046        0x0 build/Drivers/STM32F1xx_HAL_Driver/Src/stm32f1xx_hal_tim_ex.o
                                 0x47 (size before relaxing)

.debug_rnglists
                0x00000000      0xc17
 .debug_rnglists
                0x00000000       0x9a build/Core/Src/ili9341.o
 .debug_rnglists
                0x0000009a       0xdf build/Core/Src/main.o
 .debug_rnglists
                0x00000179       0x52 build/Core/Src/pcs_protocol.o
 .debug_rnglists
                0x000001cb       0x4b build/Core/Src/stm32f1xx_hal_msp.o
 .debug_rnglists
                0x00000216       0x55 build/Core/Src/stm32f1xx_it.o
 .debug_rnglists
                0x0000026b       0x13 build/Core/Src/sysmem.o
 .debug_rnglists
                0x0000027e       0x1a build/Core/Src/system_stm32f1xx.o
 .debug_rnglists
                0x00000298       0xa3 build/Drivers/STM32F1xx_HAL_Driver/Src/stm32f1xx_hal.o
 .debug_rnglists
                0x0000033b       0xbc build/Drivers/STM32F1xx_HAL_Driver/Src/stm32f1xx_hal_adc.o
 .debug_rnglists
                0x000003f7       0xed build/Drivers/STM32F1xx_HAL_Driver/Src/stm32f1xx_hal_can.o
 .debug_rnglists
                0x000004e4       0xbb build/Drivers/STM32F1xx_HAL_Driver/Src/stm32f1xx_hal_cortex.o
 .debug_rnglists
                0x0000059f       0x3f build/Drivers/STM32F1xx_HAL_Driver/Src/stm32f1xx_hal_gpio.o
 .debug_rnglists
                0x000005de       0x6c build/Drivers/STM32F1xx_HAL_Driver/Src/stm32f1xx_hal_rcc.o
 .debug_rnglists
                0x0000064a       0x21 build/Drivers/STM32F1xx_HAL_Driver/Src/stm32f1xx_hal_rcc_ex.o
 .debug_rnglists
                0x0000066b      0x16e build/Drivers/STM32F1xx_HAL_Driver/Src/stm32f1xx_hal_spi.o
 .debug_rnglists
                0x000007d9      0x319 build/Drivers/STM32F1xx_HAL_Driver/Src/stm32f1xx_hal_tim.o
 .debug_rnglists
                0x00000af2      0x125 build/Drivers/STM32F1xx_HAL_Driver/Src/stm32f1xx_hal_tim_ex.o

.debug_frame    0x00000000     0x490c
 .debug_frame   0x00000000      0x360 build/Core/Src/ili9341.o
 .debug_frame   0x00000360      0x41c build/Core/Src/main.o
 .debug_frame   0x0000077c      0x1c4 build/Core/Src/pcs_protocol.o
 .debug_frame   0x00000940      0x17c build/Core/Src/stm32f1xx_hal_msp.o
 .debug_frame   0x00000abc      0x158 build/Core/Src/stm32f1xx_it.o
 .debug_frame   0x00000c14       0x34 build/Core/Src/sysmem.o
 .debug_frame   0x00000c48       0x58 build/Core/Src/system_stm32f1xx.o
 .debug_frame   0x00000ca0      0x334 build/Drivers/STM32F1xx_HAL_Driver/Src/stm32f1xx_hal.o
 .debug_frame   0x00000fd4      0x40c build/Drivers/STM32F1xx_HAL_Driver/Src/stm32f1xx_hal_adc.o
 .debug_frame   0x000013e0      0x5a0 build/Drivers/STM32F1xx_HAL_Driver/Src/stm32f1xx_hal_can.o
 .debug_frame   0x00001980      0x428 build/Drivers/STM32F1xx_HAL_Driver/Src/stm32f1xx_hal_cortex.o
 .debug_frame   0x00001da8      0x14c build/Drivers/STM32F1xx_HAL_Driver/Src/stm32f1xx_hal_gpio.o
 .debug_frame   0x00001ef4      0x218 build/Drivers/STM32F1xx_HAL_Driver/Src/stm32f1xx_hal_rcc.o
 .debug_frame   0x0000210c       0x80 build/Drivers/STM32F1xx_HAL_Driver/Src/stm32f1xx_hal_rcc_ex.o
 .debug_frame   0x0000218c      0x824 build/Drivers/STM32F1xx_HAL_Driver/Src/stm32f1xx_hal_spi.o
 .debug_frame   0x000029b0     0x11b4 build/Drivers/STM32F1xx_HAL_Driver/Src/stm32f1xx_hal_tim.o
 .debug_frame   0x00003b64      0x638 build/Drivers/STM32F1xx_HAL_Driver/Src/stm32f1xx_hal_tim_ex.o
 .debug_frame   0x0000419c       0x7c /private/tmp/arm-toolchain.EK5PgI/pkg/Payload/bin/../lib/gcc/arm-none-eabi/15.3.1/../../../../arm-none-eabi/lib/thumb/v7-m/nofp/libc_nano.a(libc_a-snprintf.o)
 .debug_frame   0x00004218      0x144 /private/tmp/arm-toolchain.EK5PgI/pkg/Payload/bin/../lib/gcc/arm-none-eabi/15.3.1/../../../../arm-none-eabi/lib/thumb/v7-m/nofp/libc_nano.a(libc_a-findfp.o)
 .debug_frame   0x0000435c       0x20 /private/tmp/arm-toolchain.EK5PgI/pkg/Payload/bin/../lib/gcc/arm-none-eabi/15.3.1/../../../../arm-none-eabi/lib/thumb/v7-m/nofp/libc_nano.a(libc_a-memset.o)
 .debug_frame   0x0000437c       0x20 /private/tmp/arm-toolchain.EK5PgI/pkg/Payload/bin/../lib/gcc/arm-none-eabi/15.3.1/../../../../arm-none-eabi/lib/thumb/v7-m/nofp/libc_nano.a(libc_a-errno.o)
 .debug_frame   0x0000439c       0x2c /private/tmp/arm-toolchain.EK5PgI/pkg/Payload/bin/../lib/gcc/arm-none-eabi/15.3.1/../../../../arm-none-eabi/lib/thumb/v7-m/nofp/libc_nano.a(libc_a-init.o)
 .debug_frame   0x000043c8       0xb0 /private/tmp/arm-toolchain.EK5PgI/pkg/Payload/bin/../lib/gcc/arm-none-eabi/15.3.1/../../../../arm-none-eabi/lib/thumb/v7-m/nofp/libc_nano.a(libc_a-lock.o)
 .debug_frame   0x00004478       0x90 /private/tmp/arm-toolchain.EK5PgI/pkg/Payload/bin/../lib/gcc/arm-none-eabi/15.3.1/../../../../arm-none-eabi/lib/thumb/v7-m/nofp/libc_nano.a(libc_a-nano-svfprintf.o)
 .debug_frame   0x00004508       0x50 /private/tmp/arm-toolchain.EK5PgI/pkg/Payload/bin/../lib/gcc/arm-none-eabi/15.3.1/../../../../arm-none-eabi/lib/thumb/v7-m/nofp/libc_nano.a(libc_a-mallocr.o)
 .debug_frame   0x00004558       0x60 /private/tmp/arm-toolchain.EK5PgI/pkg/Payload/bin/../lib/gcc/arm-none-eabi/15.3.1/../../../../arm-none-eabi/lib/thumb/v7-m/nofp/libc_nano.a(libc_a-nano-vfprintf_i.o)
 .debug_frame   0x000045b8       0x30 /private/tmp/arm-toolchain.EK5PgI/pkg/Payload/bin/../lib/gcc/arm-none-eabi/15.3.1/../../../../arm-none-eabi/lib/thumb/v7-m/nofp/libc_nano.a(libc_a-mlock.o)
 .debug_frame   0x000045e8       0x3c /private/tmp/arm-toolchain.EK5PgI/pkg/Payload/bin/../lib/gcc/arm-none-eabi/15.3.1/../../../../arm-none-eabi/lib/thumb/v7-m/nofp/libc_nano.a(libc_a-reallocr.o)
 .debug_frame   0x00004624       0x28 /private/tmp/arm-toolchain.EK5PgI/pkg/Payload/bin/../lib/gcc/arm-none-eabi/15.3.1/../../../../arm-none-eabi/lib/thumb/v7-m/nofp/libc_nano.a(libc_a-memmove.o)
 .debug_frame   0x0000464c       0x2c /private/tmp/arm-toolchain.EK5PgI/pkg/Payload/bin/../lib/gcc/arm-none-eabi/15.3.1/../../../../arm-none-eabi/lib/thumb/v7-m/nofp/libc_nano.a(libc_a-sbrkr.o)
 .debug_frame   0x00004678       0x38 /private/tmp/arm-toolchain.EK5PgI/pkg/Payload/bin/../lib/gcc/arm-none-eabi/15.3.1/../../../../arm-none-eabi/lib/thumb/v7-m/nofp/libc_nano.a(libc_a-reent.o)
 .debug_frame   0x000046b0       0x28 /private/tmp/arm-toolchain.EK5PgI/pkg/Payload/bin/../lib/gcc/arm-none-eabi/15.3.1/../../../../arm-none-eabi/lib/thumb/v7-m/nofp/libc_nano.a(libc_a-memchr-stub.o)
 .debug_frame   0x000046d8       0x28 /private/tmp/arm-toolchain.EK5PgI/pkg/Payload/bin/../lib/gcc/arm-none-eabi/15.3.1/../../../../arm-none-eabi/lib/thumb/v7-m/nofp/libc_nano.a(libc_a-memcpy-stub.o)
 .debug_frame   0x00004700       0x38 /private/tmp/arm-toolchain.EK5PgI/pkg/Payload/bin/../lib/gcc/arm-none-eabi/15.3.1/../../../../arm-none-eabi/lib/thumb/v7-m/nofp/libc_nano.a(libc_a-freer.o)
 .debug_frame   0x00004738       0x20 /private/tmp/arm-toolchain.EK5PgI/pkg/Payload/bin/../lib/gcc/arm-none-eabi/15.3.1/../../../../arm-none-eabi/lib/thumb/v7-m/nofp/libc_nano.a(libc_a-msizer.o)
 .debug_frame   0x00004758       0x24 /private/tmp/arm-toolchain.EK5PgI/pkg/Payload/bin/../lib/gcc/arm-none-eabi/15.3.1/thumb/v7-m/nofp/libgcc.a(_arm_mulsf3.o)
 .debug_frame   0x0000477c       0xac /private/tmp/arm-toolchain.EK5PgI/pkg/Payload/bin/../lib/gcc/arm-none-eabi/15.3.1/thumb/v7-m/nofp/libgcc.a(_arm_addsubdf3.o)
 .debug_frame   0x00004828       0x50 /private/tmp/arm-toolchain.EK5PgI/pkg/Payload/bin/../lib/gcc/arm-none-eabi/15.3.1/thumb/v7-m/nofp/libgcc.a(_arm_muldivdf3.o)
 .debug_frame   0x00004878       0x24 /private/tmp/arm-toolchain.EK5PgI/pkg/Payload/bin/../lib/gcc/arm-none-eabi/15.3.1/thumb/v7-m/nofp/libgcc.a(_arm_fixunsdfsi.o)
 .debug_frame   0x0000489c       0x4c /private/tmp/arm-toolchain.EK5PgI/pkg/Payload/bin/../lib/gcc/arm-none-eabi/15.3.1/thumb/v7-m/nofp/libgcc.a(_arm_addsubsf3.o)